Open Watcom Linker Version 1.3
Portions Copyright (c) 1985-2002 Sybase, Inc. All Rights Reserved.
Created on:       05/02/02 17:11:27
Executable Image: lwfPlot.exe
creating a Windows NT character-mode executable
Error! E2028: Sys_print_begin_ is an undefined reference
Error! E2028: Sys_screen_begin_ is an undefined reference
Error! E2028: Sys_string_ is an undefined reference
Error! E2028: Sys_color_ is an undefined reference
Error! E2028: Sys_print_done_ is an undefined reference
Error! E2028: Sys_draw_ is an undefined reference
Error! E2028: Sys_poly_fill_ is an undefined reference


                        +------------+
                        |   Groups   |
                        +------------+

Group                           Address              Size
=====                           =======              ====

.idata                          0043e000             000009d9
DGROUP                          0043f000             0009edd0



                        +--------------+
                        |   Segments   |
                        +--------------+

Segment                Class          Group          Address         Size
=======                =====          =====          =======         ====

BEGTEXT                CODE           AUTO           00401000        00000007
_TEXT                  CODE           AUTO           00401010        0003bdd8
CODE32                 CODE           AUTO           0043cde8        00000575
TRANSFER CODE          CODE           AUTO           0043d360        00000228
.idata                 .idata         .idata         0043e000        000009d9
_NULL                  BEGDATA        DGROUP         0043f000        00000004
_AFTERNULL             BEGDATA        DGROUP         0043f004        00000000
CONST                  DATA           DGROUP         0043f010        00002e40
CONST2                 DATA           DGROUP         00441e50        0000010c
_DATA                  DATA           DGROUP         00441f60        00002d5c
GDATA@0                DATA           DGROUP         00444cc0        00000768
GDATA@2                DATA           DGROUP         00445430        000001e0
GDATA@4                DATA           DGROUP         00445610        0000001c
GDATA@6                DATA           DGROUP         00445630        00000060
XIB                    DATA           DGROUP         00445690        00000000
XI                     DATA           DGROUP         00445690        00000042
XIE                    DATA           DGROUP         004456d2        00000000
YIB                    DATA           DGROUP         004456d2        00000000
YI                     DATA           DGROUP         004456d2        00000024
YIE                    DATA           DGROUP         004456f6        00000000
GDATA@1                DATA           DGROUP         00445700        000001f8
TIB                    DATA           DGROUP         004458f8        00000000
TI                     DATA           DGROUP         004458f8        00000000
TIE                    DATA           DGROUP         004458f8        00000000
DATA                   DATA           DGROUP         004458f8        00000000
DATA32                 DATA           DGROUP         004458f8        00000310
LWPC_LUN               LWPC_LUN       DGROUP         00445c10        0000004c
SYMBOL$                SYMBOL$        DGROUP         00445c60        000025b8
C_2_FOR                C_2_FOR        DGROUP         00449010        000000c8
SYS_ERROR              SYS_ERROR      DGROUP         004490e0        000000f0
LWPC_CFG               LWPC_CFG       DGROUP         004491d0        00000a87
GRAPHICS               GRAPHICS       DGROUP         00449c60        00000574
GEO$DATA               GEO$DATA       DGROUP         0044a1e0        00000051
GRF$CNTR               GRF$CNTR       DGROUP         0044a240        0004b130
GRND$DATA              GRND$DATA      DGROUP         00495370        00000050
CONST32                CONST          DGROUP         004953c0        00000000
_BSS                   BSS            DGROUP         004953c0        00002271
GDATA@1                BSS            DGROUP         00497640        0000a0b0
GDATA@3                BSS            DGROUP         004a16f0        00003e70
GDATA@5                BSS            DGROUP         004a5560        00000268
GDATA@7                BSS            DGROUP         004a57d0        00000084
GDATA@0                BSS            DGROUP         004a5860        00013708
GDATA@2                BSS            DGROUP         004b8f70        00014e5f
BSS32                  BSS            DGROUP         004cddd0        00000000
STACK                  STACK          DGROUP         004cddd0        00010000


                        +----------------+
                        |   Memory Map   |
                        +----------------+

* = unreferenced symbol
+ = symbol only referenced locally

Address        Symbol
=======        ======

Module: grfdriver\grfdriver.obj(C:\LWPCv21\GRFDriver\GRFDriver.c)
00401010       _WinMain@16
00401120+      _WndProc@16
00441f60+      _szAppName
004953c0+      _hdc
Module: lwfplot.obj(C:\LWPCv21\lwfplot.for)
00401440       FORDRIVE
00449010*      C_2_FOR
004490e0       SYS_ERROR
004491d0*      LWPC_CFG
00445c10       LWPC_LUN
Module: lwpc.lib(C:\LWPCv21\library\plt_excd.for)
00404670*      PLT_EXCD
00449c60       GRAPHICS
0044a1e0       GEO$DATA
Module: C:\win32app\watcom/lib386/nt\clib3r.lib(strcpy)
004050f0       strcpy_
Module: C:\win32app\watcom/lib386/nt\clib3r.lib(cstrtwwt)
00405110       _wstart_
00405110*      _wstart2_
00405110*      WinMainCRTStartup
Module: C:\win32app\watcom/lib386/nt\flib7.lib(settrace)
00405210       RT@SetLine
00405230       RT@SetModule
Module: lwpc.lib(C:\LWPCv21\library\lwpc_dat_loc.for)
004052a0       LWPC_DAT_LOC
Module: lwpc.lib(C:\LWPCv21\library\get_delimiter.for)
00405400       GET_DELIMITER
Module: lwpc.lib(C:\LWPCv21\library\get_command_line.for)
00405470       GET_COMMAND_LINE
Module: lwpc.lib(C:\LWPCv21\library\decode_file_name.for)
004054d0       DECODE_FILE_NAME
Module: lwpc.lib(C:\LWPCv21\library\str_lower.for)
004057e0       STR_LOWER
Module: C:\win32app\watcom/lib386/nt\flib7.lib(lexcmp)
00405940+      LexStrCmp_
004059a0       RT@LexCmp
Module: lwpc.lib(C:\LWPCv21\library\str_length.for)
004059c0       STR_LENGTH
Module: C:\win32app\watcom/lib386/nt\flib7.lib(setintl)
00405a80       RT@SetIntl
Module: C:\win32app\watcom/lib386/nt\flib7.lib(setfmt)
00405ab0       RT@SetFmt
Module: C:\win32app\watcom/lib386/nt\flib7.lib(cowrite)
00405ad0       RT@IOWrite
00405adf*      RT@OutLOG1
00405af1*      RT@OutLOG4
00405aff*      RT@OutINT1
00405b11*      RT@OutINT2
00405b21       RT@OutINT4
00405b30       RT@OutREAL
00405b40*      RT@OutDBLE
00405b50*      RT@OutXTND
00405b60*      RT@OutCPLX
00405b76*      RT@OutDBCX
00405b8c*      RT@OutXTCX
00405ba2       RT@OutCHAR
00405ba7*      RT@OutSTR
00405bac       RT@PrtArr
00405bb1*      RT@PrtChArr
Module: C:\win32app\watcom/lib386/nt\flib7.lib(cortns)
00405bc1*      SwitchToGen
00405bdf       SwitchToRT
00405bfd       RdWrCommon
00405ca1       IOType_
00405cbf       IOChar
00405cda       IOStr
00405cef       IOArr
00405d0a       IOChArr
00405d2c       RT@EndIO
Module: C:\win32app\watcom/lib386/nt\flib7.lib(setfile)
00405d40       RT@SetFile
Module: C:\win32app\watcom/lib386/nt\flib7.lib(setexst)
00405d60       RT@SetExst
Module: C:\win32app\watcom/lib386/nt\flib7.lib(exinq)
00405e80       RT@IOInq
Module: C:\win32app\watcom/lib386/nt\flib7.lib(setunit)
00405ea0       RT@SetUnit
Module: C:\win32app\watcom/lib386/nt\flib7.lib(setstat)
00405ef0       RT@SetStat
Module: C:\win32app\watcom/lib386/nt\flib7.lib(exopen)
00406690       RT@IOOpen
0044243c+      _AccModTab
0044244c+      _FormTab
00442458+      _OpStatTab
0044246c+      _BlnkTab
00442478+      _RecFmTab
00442488+      _CCtrlTab
00442494+      _ActionTab
004424a4+      _ShareTab
Module: C:\win32app\watcom/lib386/nt\flib7.lib(setend)
004066b0       RT@SetEnd
Module: C:\win32app\watcom/lib386/nt\flib7.lib(coread)
004066bf       RT@IORead
004066ce*      RT@InpLOG1
004066dd*      RT@InpLOG4
004066ec*      RT@InpINT1
004066fb       RT@InpINT2
0040670a       RT@InpINT4
00406719       RT@InpREAL
00406728*      RT@InpDBLE
00406737*      RT@InpXTND
00406746*      RT@InpCPLX
00406755*      RT@InpDBCX
00406764*      RT@InpXTCX
00406773       RT@InpCHAR
00406778*      RT@InpSTR
0040677d       RT@InpArr
00406782       RT@InpChArr
Module: lwpc.lib(C:\LWPCv21\library\decode_control_data.for)
00406790       DECODE_CONTROL_DATA
Module: lwpc.lib(C:\LWPCv21\library\str_upper.for)
00406950       STR_UPPER
Module: C:\win32app\watcom/lib386/nt\flib7.lib(rmove)
00406a90       RT@Move
Module: lwpc.lib(C:\LWPCv21\library\decode_list_flt.for)
00406af0       DECODE_LIST_FLT
Module: lwpc.lib(C:\LWPCv21\library\decode_list_int.for)
00406ee0       DECODE_LIST_INT
Module: lwpc.lib(C:\LWPCv21\library\str_count_list.for)
00407120       STR_COUNT_LIST
Module: lwpc.lib(C:\LWPCv21\library\decode_list_str.for)
004072b0       DECODE_LIST_STR
Module: lwpc.lib(C:\LWPCv21\library\decode_plotter.for)
00407460       DECODE_PLOTTER
Module: lwpc.lib(C:\LWPCv21\library\lwpc_error.for)
00407560       LWPC_ERROR
Module: C:\win32app\watcom/lib386/nt\flib7.lib(rcat)
00407730       RT@Cat
Module: C:\win32app\watcom/lib386/nt\flib7.lib(setform)
004077c0       RT@SetForm
Module: C:\win32app\watcom/lib386/nt\flib7.lib(setios)
004077e0       RT@SetIOS
Module: C:\win32app\watcom/lib386/nt\flib7.lib(seterr)
00407800       RT@SetErr
Module: lwpc.lib(C:\LWPCv21\library\read_hdr.for)
00407810       READ_HDR
Module: lwpc.lib(C:\LWPCv21\library\read_lwf.for)
00407f70       READ_LWF
Module: lwpc.lib(C:\LWPCv21\library\plt_lwf_avg.for)
004086b0       PLT_LWF_AVG
Module: C:\win32app\watcom/lib386/nt\flib7.lib(ifaint)
00408be0       IF@AINT
00408c30*      IF@XAINT
Module: C:\win32app\watcom/lib386\math387r.lib(log387)
00408c7f*      log_
00408c97*      log2_
00408c8b*      log10_
00408c34       IF@LOG
00408c34*      IF@DLOG
00408c77*      IF@LOG2
00408c77*      IF@DLOG2
00408c7b       IF@LOG10
00408c7b*      IF@DLOG10
Module: lwpc.lib(C:\LWPCv21\library\grf_begin.for)
00408cb0       GRF_BEGIN
Module: lwpc.lib(C:\LWPCv21\library\grf_origin.for)
00409750       GRF_ORIGIN
Module: lwpc.lib(C:\LWPCv21\library\plt_lwf_border.for)
00409800       PLT_LWF_BORDER
Module: lwpc.lib(C:\LWPCv21\library\grf_string.for)
0040a2d0       GRF_STRING
Module: lwpc.lib(C:\LWPCv21\library\plt_lwf_label.for)
0040a5a0       PLT_LWF_LABEL
Module: lwpc.lib(C:\LWPCv21\library\grf_color.for)
0040ad10       GRF_COLOR
Module: lwpc.lib(C:\LWPCv21\library\grf_curve.for)
0040b420       GRF_CURVE
Module: lwpc.lib(C:\LWPCv21\library\plt_lwf.for)
0040be10       PLT_LWF
Module: lwpc.lib(C:\LWPCv21\library\grf_done.for)
0040c5a0       GRF_DONE
Module: C:\win32app\watcom/lib386/nt\flib7.lib(exrew)
0040c760       RT@IORew
Module: C:\win32app\watcom/lib386/nt\flib7.lib(exclose)
0040c870       RT@IOClose
Module: lwpc.lib(C:\LWPCv21\library\close_fordrive.for)
0040c890       CLOSE_FORDRIVE
Module: C:\win32app\watcom/lib386/nt\clib3r.lib(_8087)
00442c3c       __8087
00442c3d       __real87
Module: C:\win32app\watcom/lib386/nt\flib7.lib(initeng)
00495940       __init_english
Module: C:\win32app\watcom/lib386/nt\flib7.lib(initerr)
00495944       __init_error
Module: lwpc.lib(C:\LWPCv21\library\plt_cntr_label.for)
0040c950       PLT_CNTR_LABEL
Module: lwpc.lib(C:\LWPCv21\library\prob_to_sigma.for)
0040e090       PROB_TO_SIGMA
Module: lwpc.lib(C:\LWPCv21\library\plt_area_size.for)
0040e2c0       PLT_AREA_SIZE
Module: C:\win32app\watcom/lib386\math387r.lib(fchop)
0040e7a4       __CHP
Module: lwpc.lib(C:\LWPCv21\library\grf_fill_rect.for)
0040e7c0       GRF_FILL_RECT
Module: lwpc.lib(C:\LWPCv21\library\geo_cntr.for)
0040e930       GEO_CNTR
0044a240       GRF$CNTR
Module: lwpc.lib(C:\LWPCv21\library\world_map.for)
004115e0       WORLD_MAP
Module: lwpc.lib(C:\LWPCv21\library\month_name.for)
00411750       MONTH_NAME
Module: lwpc.lib(C:\LWPCv21\library\geo_chi_map.for)
004118a0       GEO_CHI_MAP
Module: C:\win32app\watcom/lib386/nt\clib3r.lib(wmainwnt)
00412280       __WinMain
Module: C:\win32app\watcom/lib386/nt\clib3r.lib(segdefns)
00401003       ___begtext
0043f000*      __nullarea
00445690       __Start_XI
004456d2       __End_XI
004456d2       __Start_YI
004456f6       __End_YI
Module: C:\win32app\watcom/lib386/nt\clib3r.lib(mainwnt)
00495b84       ___Is_DLL
00442ec0       ___TlsIndex
00442ec4       ___FirstThreadData
00442ec8       ___GetThreadPtr
00442ecc       __AccessFileH
00442ed0       __ReleaseFileH
00442ed4       __AccessIOB
00442ed8       __ReleaseIOB
00442edc       __AccessNHeap
00442ee0       __AccessFHeap
00442ee4       __ReleaseNHeap
00412330*      __threadid_
004123a0+      __sig_null_rtn_
004123b0+      __NTInit_
004125b0+      __NTFini_
00412610       __NTMainInit_
00412670       __exit_
00442ee8       __ReleaseFHeap
00442eec       __AccessTDList
00442ef0       __ReleaseTDList
00442ef4       __AccessFList
00442ef8       __ReleaseFList
00442efc       __ThreadExitRtn
00442f00       ___sig_init_rtn
00442f04       ___sig_fini_rtn
00442f08       ___process_fini
Module: C:\win32app\watcom/lib386/nt\flib7.lib(rtinit)
00442f0c       ___FAppType
00442f10       __ExceptionInit
00442f14       __ExceptionFini
004126d0*      __InitFThreadData_
00412710+      RTSysFini_
00412720       RTSysInit_
00442f1c       __AccessFIO
00442f20       __ReleaseFIO
00442f24       __PartialReleaseFIO
004961a8       ___FThreadDataOffset
004456a8*      ___fthread_data_size
Module: C:\win32app\watcom/lib386/nt\flib7.lib(errutil)
00412780       BldErrCode_
004127e0*      MsgFormat_
00412810       MsgBuffer_
00442f28+      _PGrpCodes
Module: C:\win32app\watcom/lib386/nt\flib7.lib(stdio)
00412850       StdBuffer_
00412870       StdFlush_
004128a0       StdWrite_
00412980       StdWriteNL_
Module: C:\win32app\watcom/lib386/nt\flib7.lib(rterr)
00443334       _TraceRoutine
004129d0       RTErr_
00412a00       ErrHandler_
00412a40+      WriteErr_
00412af0       FlushStdUnit_
00443340+      LG@ERR_HOOK
Module: C:\win32app\watcom/lib386/nt\flib7.lib(fgetcmd)
00412b40       FGETCMD
Module: C:\win32app\watcom/lib386/nt\flib7.lib(ifchar)
00412b80       IF@CHAR
Module: C:\win32app\watcom/lib386/nt\flib7.lib(setiocb)
00412bb0       __SetIOCB_
00412bc0       RT@SetIOCB
Module: C:\win32app\watcom/lib386/nt\flib7.lib(rdata)
004961b0       _IORslt
004961c0       _Fmt_revert
004961c4       _Fmt_paren_level
004961c8       _Fmt_charptr
004961cc       _Fmt_end
004961d0       _Fmt_rep_spec
004961d4       _FmtEmTab
004961d8       _FmtBuff
004961dc*      _Fmt_start
004961e0       _IOTypeRtn
004961e4       _FmtRoutine
004961e8       _IOCB
004961ec       _Files
004961f0       _Fmt_delimited
Module: C:\win32app\watcom/lib386/nt\flib7.lib(rfmtexec)
00413600       R_FExec_
Module: C:\win32app\watcom/lib386/nt\flib7.lib(exwrite)
004136a0       DoWrite_
Module: C:\win32app\watcom/lib386/nt\flib7.lib(iomain)
004136e0       __ReleaseIOSys_
00413700       IOMain_
Module: C:\win32app\watcom/lib386/nt\clib3r.lib(crwdata)
00443388       __osmajor
00443389       __osminor
0044338a       __osbuild
0044338c       __osver
00443390       __winmajor
00443394       __winminor
00443398       __winver
0044334c       __LpCmdLine
00443350       __LpPgmName
00443354       __LpDllName
00443358       __LpwCmdLine
0044335c       __LpwPgmName
00443360       __LpwDllName
00443344*      __dynend
00443348       __curbrk
00443364*      __STACKLOW
00443368       __STACKTOP
0044336c       __ASTACKSIZ
00443370       __ASTACKPTR
00443374*      __cbyte
00443378*      __cbyte2
0044337c*      __child
00443382       __Envptr
00443386*      __Envseg
00443380       __no87
0044339c*      __FPE_handler
0044339c*      ___FPE_handler
Module: C:\win32app\watcom/lib386/nt\flib7.lib(thrdutil)
00413910*      __InitMultiThreadIO_
004433a4       __SwitchStkLow
Module: C:\win32app\watcom/lib386/nt\flib7.lib(ioerr)
00413940       IOErr_
Module: C:\win32app\watcom/lib386/nt\flib7.lib(rtutls)
00413a10       FindFtnFile_
00413b00       RChkAlloc_
00413b30       F_Connect_
00413bb0       ConnectFile_
00413bc0       GetFileInfo_
00413cb0+      ChkFileName_
00413ce0+      ChkLogFile_
00413d20       DiscoFile_
00413da0       ChkIOOperation_
00413de0       GetIOErr_
00413df0       ChkIOErr_
00413e10       ChkUnitId_
00413e50       ChkConnected_
00413e70       SetEOF_
00413ea0       ClearEOF_
00413ef0       SysEOF_
00413f20       IsFixed_
00413f30       IsCarriage_
00413f40*      ChkRecordStructure_
00413f70       ChkSequential_
00413f90*      ChkExist_
00413fc0       StrItem_
Module: C:\win32app\watcom/lib386/nt\flib7.lib(rtinq)
00414080       FindFName_
004140e0       DfltInq_
00414320       InqExList_
00414400       InqOdList_
Module: C:\win32app\watcom/lib386/nt\flib7.lib(exutil)
004146b0       FindKWord_
00414730       ClrBuff_
00443438       _SpecId
Module: C:\win32app\watcom/lib386/nt\flib7.lib(rtsysutl)
00414750       GetSysIOInfo_
00414770       GetSysFileInfo_
004147a0       IsDevice_
00414960       OpenAction_
004149a0       DfltRecType_
004149c0+      _FileAttrs_
00414a80       CloseFile_
00414af0       Scrtched_
00414b10       CloseDeleteFile_
00414b60       Errf_
00414b80       FPutBuff_
00414bf0       FGetBuff_
00414c40       SeekFile_
00414c60       NoEOF_
00414c80       SysClearEOF_
00414c90       SameFile_
00414ca0       Rewindf_
00414cc0       SysCreateFile_
00414d00       CheckLogicalRecord_
00414d20       SkipLogicalRecord_
00414d40*      BackSpacef_
00414d70*      EndFilef_
00414db0       GetIOErrMsg_
00414df0       ReportNExist_
00414e10       ReportEOF_
00414e20*      WaitForEnter_
Module: C:\win32app\watcom/lib386/nt\flib7.lib(runmain)
00414e30*      __InitUnit6CC_
00414e40       __DevicesCC_
00414e50*      __InitAllowCommaSeparator_
00414e60       __AllowCommaSep_
00414e70+      _InitIO_
00414ee0+      CloseAllFiles_
00414f20*      _FiniEx_
00414f60       RunEntry_
00414f90       RunExit_
Module: C:\win32app\watcom/lib386/nt\flib7.lib(rdwr)
00414fa0+      _AllocBuffer_
00414fe0       IOPrologue_
00415220       DoOpen_
00415260       UpdateRecNum_
Module: C:\win32app\watcom/lib386/nt\flib7.lib(exread)
00415320       DoRead_
Module: C:\win32app\watcom/lib386/nt\clib3r.lib(memset)
00415360       memset_
Module: lwpc.lib(C:\LWPCv21\library\str_get_item.for)
00415380       STR_GET_ITEM
Module: C:\win32app\watcom/lib386/nt\flib7.lib(rfmtinit)
00415620*      RT@FmtAScan
00415650       RT@FmtScan
Module: lwpc.lib(C:\LWPCv21\library\sys_error_message.c)
00415700       sys_error_message_
Module: C:\win32app\watcom/lib386/nt\flib7.lib(stop)
004157b0       RT@Stop
0044349c+      LG@STOP_HOOK
Module: C:\win32app\watcom/lib386/nt\flib7.lib(setnofmt)
00415820       RT@SetNoFmt
Module: C:\win32app\watcom/lib386\math387r.lib(floor)
00415832       floor_
Module: C:\win32app\watcom/lib386\math387r.lib(log87e)
0041586e       __log87_err_
Module: lwpc.lib(C:\LWPCv21\library\str_trim_char.for)
004158b0       STR_TRIM_CHAR
Module: lwpc.lib(C:\LWPCv21\library\hpgl_begin.for)
00415a60       HPGL_BEGIN
Module: lwpc.lib(C:\LWPCv21\library\grf_move.for)
00415b80       GRF_MOVE
Module: lwpc.lib(C:\LWPCv21\library\grf_border.for)
00415c60       GRF_BORDER
Module: lwpc.lib(C:\LWPCv21\library\grf_draw.for)
00417420       GRF_DRAW
Module: lwpc.lib(C:\LWPCv21\library\grf_symbol.for)
004174f0       GRF_SYMBOL
00445c60+      SYMBOL$
Module: lwpc.lib(C:\LWPCv21\library\hpgl_string.for)
00417820       HPGL_STRING
Module: C:\win32app\watcom/lib386/nt\flib7.lib(ifindex)
00417cf0+      IF@XINDEX
00417d50       IF@INDEX
Module: lwpc.lib(C:\LWPCv21\library\hpgl_color.for)
00417d70       HPGL_COLOR
Module: C:\win32app\watcom/lib386\math387r.lib(sqrt387)
00417eac*      sqrt_
00417edc       IF@SQRT
00417edc*      IF@DSQRT
00417ede       __@DSQRT
Module: C:\win32app\watcom/lib386/nt\flib7.lib(setopen)
00417f20       RT@SetOpen
Module: lwpc.lib(C:\LWPCv21\library\hpgl_done.for)
00417f40       HPGL_DONE
Module: C:\win32app\watcom/lib386/nt\clib3r.lib(chk8087)
00417fe0+      __init_8087_
00418020*      _fpreset_
00418030       __chk8087_
Module: C:\win32app\watcom/lib386/nt\flib7.lib(english)
004180d0       __UseEnglishCharSet_
Module: C:\win32app\watcom/lib386/nt\flib7.lib(errincl)
00418210       __InitError_
004436b4+      _PGroupTable
004436b8+      _PErrWord
Module: C:\win32app\watcom/lib386/nt\flib7.lib(iferfc)
00418240       IF@ERFC
00418260*      IF@XERFC
Module: C:\win32app\watcom/lib386\math387r.lib(trig387)
004182b3*      sin_
004182a7*      cos_
004182d4*      tan_
00418268       IF@COS
00418268       IF@DCOS
00418272       IF@SIN
00418272       IF@DSIN
004182bf       IF@TAN
004182bf*      IF@DTAN
Module: lwpc.lib(C:\LWPCv21\library\geo_coord.for)
004182e0       GEO_COORD
Module: lwpc.lib(C:\LWPCv21\library\land_sea.for)
004189a0       LAND_SEA
Module: lwpc.lib(C:\LWPCv21\library\grf_fill_index.for)
00418b30       GRF_FILL_INDEX
Module: lwpc.lib(C:\LWPCv21\library\sys_fill_rect.c)
00418f30       Sys_fill_rect_
Module: lwpc.lib(C:\LWPCv21\library\hpgl_fill_rect.for)
00418ff0       HPGL_FILL_RECT
Module: C:\win32app\watcom/lib386/nt\flib7.lib(xfamax1)
00419180       IF@XAMAX1
Module: lwpc.lib(C:\LWPCv21\library\shift_array2.for)
004191e0       SHIFT_ARRAY2
Module: C:\win32app\watcom/lib386\math387r.lib(fmod387)
00419557*      fmod_
0041953c*      IF@DFMOD
0041953c       IF@FMOD
Module: lwpc.lib(C:\LWPCv21\library\shift_array.for)
00419570       SHIFT_ARRAY
Module: lwpc.lib(C:\LWPCv21\library\grf_cntr.for)
00419800       GRF_CNTR
Module: lwpc.lib(C:\LWPCv21\library\grf_cntr_join.for)
0041a860       GRF_CNTR_JOIN
Module: lwpc.lib(C:\LWPCv21\library\recvr2.for)
0041b000       RECVR2
Module: lwpc.lib(C:\LWPCv21\library\grf_limits.for)
0041b750       GRF_LIMITS
Module: lwpc.lib(C:\LWPCv21\library\grf_cntr_fill.for)
0041c430       GRF_CNTR_FILL
Module: lwpc.lib(C:\LWPCv21\library\grf_cntr_line.for)
0041c4d0       GRF_CNTR_LINE
Module: C:\win32app\watcom/lib386/nt\flib7.lib(xfamin1)
0041c620       IF@XAMIN1
Module: lwpc.lib(C:\LWPCv21\library\geo_cond_map.for)
0041c680       GEO_COND_MAP
Module: lwpc.lib(C:\LWPCv21\library\geo_coast_map.for)
0041d420       GEO_COAST_MAP
Module: lwpc.lib(C:\LWPCv21\library\geo_border.for)
0041e820       GEO_BORDER
Module: lwpc.lib(C:\LWPCv21\library\month_number.for)
00420b80       MONTH_NUMBER
Module: lwpc.lib(C:\LWPCv21\library\almnac.for)
00420cd0       ALMNAC
Module: lwpc.lib(C:\LWPCv21\library\geo_label.for)
00421110       GEO_LABEL
Module: lwpc.lib(C:\LWPCv21\library\hrs_to_hhmm.for)
004216e0       HRS_TO_HHMM
Module: lwpc.lib(C:\LWPCv21\library\gcdbr2.for)
00421750       GCDBR2
Module: C:\win32app\watcom/lib386/nt\clib3r.lib(initrtns)
00421d60       __InitRtns
00421db0       __FiniRtns
Module: C:\win32app\watcom/lib386/nt\clib3r.lib(mthrdini)
00421e10       __InitThreadData_
00443d54       ___ThreadDataSize
Module: C:\win32app\watcom/lib386/nt\clib3r.lib(stackwnt)
00421e40       stackavail_
Module: C:\win32app\watcom/lib386/nt\clib3r.lib(cinit)
00421e50       __CommonInit_
Module: C:\win32app\watcom/lib386/nt\clib3r.lib(exit)
00421e51+      __null_int23_exit_
00421e53       exit_
00421ea3*      _exit_
00443d58+      ___int23_exit
00443d5c+      ___FPE_handler_exit
Module: C:\win32app\watcom/lib386/nt\clib3r.lib(stk)
00421ebd*      __CHK
00421ecd*      __STK
00421eec       __STKOVERFLOW_
00421efc       __GRO
00421f1c*      __alloca_probe
Module: C:\win32app\watcom/lib386/nt\clib3r.lib(dosseg)
00001234       __DOSseg__
Module: C:\win32app\watcom/lib386/nt\clib3r.lib(hdlman)
00443d74+      ___NHandles
00443d78       ___OSHandles
00443d7c+      ___FakeHandles
00421f30+      __growPOSIXHandles_
00421fd0       __allocPOSIXHandle_
00422090       __freePOSIXHandle_
004220b0*      __getOSHandle_
004220d0       __setOSHandle_
00422120+      __NTGetFakeHandle_
00422190       __initPOSIXHandles_
00422270*      __set_handles_
00422280*      _grow_handles_
Module: C:\win32app\watcom/lib386/nt\clib3r.lib(environ)
00496754       ___env_mask
00496758       _environ
0049675c       __wenviron
Module: C:\win32app\watcom/lib386/nt\clib3r.lib(getmodfn)
004222c0       __lib_GetModuleFileNameW_
Module: C:\win32app\watcom/lib386/nt\clib3r.lib(strdup)
00422360       __clib_strdup_
Module: C:\win32app\watcom/lib386/nt\clib3r.lib(istable)
00441e50       __IsTable
Module: C:\win32app\watcom/lib386/nt\clib3r.lib(ustrdup)
004223b0       __clib_wcsdup_
Module: C:\win32app\watcom/lib386/nt\clib3r.lib(nfree)
004223e0       free_
004223f0       _nfree_
00496760       ___MiniHeapFreeRover
Module: C:\win32app\watcom/lib386/nt\clib3r.lib(excptwnt)
004225b0+      ___ReportException@4
00422a20       __DefaultExceptionHandler_
00422a60+      ___ExceptionFilter
00422c60       __NewExceptionFilter_
00422c90       __DoneExceptionFilter_
00443d88       ___oscode_check_func
00443d8c       ___raise_func
00496764*      _sw
00496768       ___ExceptionHandled
00496769+      ___ReportInvoked
Module: C:\win32app\watcom/lib386/nt\clib3r.lib(stklmwnt)
00422cd0       __init_stack_limits_
Module: C:\win32app\watcom/lib386/nt\flib7.lib(rttraps)
00422e60       __EnableF77RTExceptionHandling_
00422e70       R_TrapInit_
00422f00       R_TrapFini_
00422f10*      __InitExceptionVectors_
Module: C:\win32app\watcom/lib386/nt\flib7.lib(errrtns)
0049676c       ___ErrorFini
00496770       ___ErrorInit
00496774       ___BldErrMsg
Module: C:\win32app\watcom/lib386/nt\clib3r.lib(nodefwin)
00443da4*      __WindowsIsWindowedHandle
00443da8*      __WindowsRemoveWindowedHandle
00443dac*      __WindowsNewWindow
00443db0*      __WindowsCloseWindow
00443db4*      __WindowsSetAbout
00443db8*      __WindowsSetAppTitle
00443dbc*      __WindowsSetConTitle
00443dc0*      __WindowsDestroyOnClose
00443dc4*      __WindowsYieldControl
00443dc8*      __WindowsShutDown
00443dcc*      __WindowsStdin
00443dd0       __WindowsStdout
00443dd4*      __WindowsKbhit
00443dd8*      __WindowsGetch
00443ddc*      __WindowsGetche
00443de0*      __WindowsPutch
00422f30       _dwDeleteOnClose_
00422f40*      _dwSetAboutDlg_
00422f50*      _dwSetAppTitle_
00422f60*      _dwSetConTitle_
00422f70*      _dwYield_
00422f80*      _dwShutDown_
00443de4*      __WindowsExitRtn
00496778*      __init_default_win
Module: C:\win32app\watcom/lib386/nt\clib3r.lib(atexit)
00422f83       atexit_
Module: C:\win32app\watcom/lib386/nt\clib3r.lib(regdata)
00422ff0       __RegisterThreadDataSize_
Module: C:\win32app\watcom/lib386/nt\flib7.lib(errgrp)
00423020       _GrpCodes
Module: C:\win32app\watcom/lib386/nt\flib7.lib(blderr)
00423130       Substitute_
00423310       ErrCodOrg_
Module: C:\win32app\watcom/lib386/nt\clib3r.lib(iob)
00443de8       ___iob
00443ff0       __fmode
00496800       ___OpenStreams
00496804       ___ClosedStreams
Module: C:\win32app\watcom/lib386/nt\clib3r.lib(setmd)
00423320       setmode_
Module: C:\win32app\watcom/lib386/nt\clib3r.lib(write)
00423660       write_
Module: C:\win32app\watcom/lib386/nt\clib3r.lib(errno)
004238c0       __get_errno_ptr_
004238d0*      __get_doserrno_ptr_
Module: C:\win32app\watcom/lib386/nt\flib7.lib(spawn)
004238e0       Spawn_
00423930       Suicide_
Module: C:\win32app\watcom/lib386/nt\clib3r.lib(enterdb)
00423970       __EnterWVIDEO_
00443ff4       ___WD_Present
Module: C:\win32app\watcom/lib386/nt\flib7.lib(posdat)
004441d4       _FStdIn
004441d8       _FStdOut
004441dc       _FStdErr
Module: C:\win32app\watcom/lib386/nt\flib7.lib(posflush)
004239a0       FlushBuffer_
Module: C:\win32app\watcom/lib386/nt\clib3r.lib(gtcmd)
00423ab0       _bgetcmd_
00423b30*      getcmd_
Module: C:\win32app\watcom/lib386/nt\flib7.lib(ioinit)
00423b60       IOSysInit_
Module: C:\win32app\watcom/lib386/nt\flib7.lib(wrutils)
00423b90       F_SendData_
00423bf0*      SendLine_
00423c00*      SendInt_
00423c20       SendStr_
00423c40+      SendWSLStr_
00423c60       SendChar_
00423c80       Drop_
00423d90       SendEOR_
00423ee0       IOItemResult_
Module: C:\win32app\watcom/lib386/nt\flib7.lib(rfmtutil)
00423f90       R_NewRec_
00423fd0       R_ChkIType_
00424000       R_ChkFType_
00424030       R_ChkType_
00424060       R_ChkRecLen_
00424090       R_FOStr_
004240a0+      GetLen_
004240d0+      FOString_
00424160       R_FIStr_
00424220       R_FOLog_
00424270       R_FILog_
00424350       R_FIFloat_
00424550       GetReal_
00424660       R_FOF_
004246e0       R_FOE_
00424820+      FmtH2B_
00424910       R_FIHex_
004249c0       R_FOHex_
004249e0+      FOHex_
00424ba0       R_FIInt_
00424cb0       R_FOInt_
00424f10       R_FOG_
00425190+      ChkBuffLen_
Module: C:\win32app\watcom/lib386/nt\flib7.lib(arrayio)
00425260       ArrayIOType_
Module: C:\win32app\watcom/lib386/nt\flib7.lib(unfmtout)
004253f0       UnFmtOut_
Module: C:\win32app\watcom/lib386/nt\flib7.lib(freeout)
00425820       FreeOut_
004441e4+      _OutRtn
Module: C:\win32app\watcom/lib386/nt\flib7.lib(fdutil)
00425910       LocFile_
00425920       LocUnit_
00425940       ExtractInfo_
Module: C:\win32app\watcom/lib386/nt\flib7.lib(rstdio)
00425980+      _GetFtnFile_
00425a60*      _SetStd_
00425a70       _InitStandardInput_
00425aa0       _InitStandardOutput_
Module: C:\win32app\watcom/lib386/nt\flib7.lib(rmemmgr)
00425ad0       RMemAlloc_
00425ae0       RMemFree_
Module: C:\win32app\watcom/lib386/nt\flib7.lib(deffname)
00444218       _DefFName
Module: C:\win32app\watcom/lib386/nt\flib7.lib(stracc)
00425af0       TrimStr_
00425b40       GetStr_
Module: C:\win32app\watcom/lib386/nt\flib7.lib(sysinq)
00425b70       InqSeq_
00425b90       InqDir_
00425bc0       InqFmtd_
00425bd0       InqUnFmtd_
Module: C:\win32app\watcom/lib386/nt\clib3r.lib(memicmp)
00425be0       memicmp_
Module: C:\win32app\watcom/lib386/nt\clib3r.lib(accsswnt)
00425c20       access_
Module: C:\win32app\watcom/lib386/nt\clib3r.lib(fullpath)
00425c60+      _sys_fullpath_
00425ce0       _fullpath_
Module: C:\win32app\watcom/lib386/nt\clib3r.lib(fstatwnt)
00425d50       fstat_
Module: C:\win32app\watcom/lib386/nt\flib7.lib(poserr)
004260b0       Errorf_
004260d0*      EOFile_
004260f0       ErrorMsg_
00426130       FSetTrunc_
00426150       FSetSysErr_
00426170       FSetErr_
00426190       FSetEof_
004261b0       IOOk_
Module: C:\win32app\watcom/lib386/nt\clib3r.lib(statwnt)
004262c5       stat_
Module: C:\win32app\watcom/lib386/nt\flib7.lib(posopen)
00426500       InitStd_
004265c0       SetIOBufferSize_
004265e0+      _AllocFile_
004266c0       Openf_
004267b0       Closef_
Module: C:\win32app\watcom/lib386/nt\flib7.lib(posdel)
00426820       Scratchf_
Module: C:\win32app\watcom/lib386/nt\flib7.lib(posput)
00426840       FPutRec_
00426890       ChopFile_
004268e0*      PutRec_
00426a10       writebytes_
00426aa0       SysWrite_
Module: C:\win32app\watcom/lib386/nt\flib7.lib(posget)
00426bf0       readbytes_
00426cd0       SysRead_
00427170       FGetRec_
004271a0*      GetRec_
004271c0       GetStdChar_
00427210       FCheckLogical_
00427280       FSkipLogical_
00427350*      FGetVarRecLen_
Module: C:\win32app\watcom/lib386/nt\flib7.lib(posseek)
00427440       FSeekRec_
00427480       CurrFileOffset_
004274a0       SysSeek_
004276b0*      FSeekAbs_
004276c0       FGetFilePos_
Module: C:\win32app\watcom/lib386/nt\clib3r.lib(stricmp)
004276d0       stricmp_
Module: C:\win32app\watcom/lib386/nt\flib7.lib(posrew)
00427710       FRewind_
Module: C:\win32app\watcom/lib386/nt\flib7.lib(posback)
00427780       FBackspace_
Module: C:\win32app\watcom/lib386/nt\flib7.lib(postrunc)
00427860       FTruncate_
Module: C:\win32app\watcom/lib386/nt\flib7.lib(sdfile)
00444228*      _FFCtrlSeq
0044422a*      _SkipCtrlSeq
0044422c       _NormalCtrlSeq
0044422e       _SDTermIn
00444232       _SDTermOut
00444236*      _SDPrtName
Module: C:\win32app\watcom/lib386/nt\flib7.lib(unfmtin)
00427880       UnFmtIn_
004278b0+      NextUnFmtRec_
Module: C:\win32app\watcom/lib386/nt\flib7.lib(freein)
00427ce0+      GetNum_
00427d90       FreeIn_
00427da0+      DoFreeIn_
00427f40+      BumpComma_
00427f70+      Blanks_
00427fa0+      CheckEor_
Module: C:\win32app\watcom/lib386/nt\clib3r.lib(__stos)
004285f0       __STOSB
00428627*      __STOSD
Module: C:\win32app\watcom/lib386/nt\flib7.lib(fmtscan)
00428720       R_FDoSpec_
Module: C:\win32app\watcom/lib386/nt\flib7.lib(rfmtemit)
00429380       R_FEmInit_
00429390       R_FEmEnd_
004293c0       R_FEmCode_
00429410       R_FEmChar_
00429440       R_FEmNum_
00429470       R_FEmByte_
004294b0+      CheckHole_
Module: C:\win32app\watcom/lib386/nt\flib7.lib(rfmttab)
004294f0       _RFmtTab
Module: C:\win32app\watcom/lib386/nt\clib3r.lib(sprintf)
00429510       sprintf_
Module: C:\win32app\watcom/lib386\math387r.lib(modf387)
00429534       modf_
Module: C:\win32app\watcom/lib386/nt\flib7.lib(_matherr)
00429550*      __imath2err_
00429590*      __amath1err_
004295c0*      __amath2err_
004295f0       __math2err_
00429700       __math1err_
00429710*      __zmath2err_
00429770*      __qmath2err_
Module: lwpc.lib(C:\LWPCv21\library\sys_move.c)
004297e0       Sys_move_
Module: lwpc.lib(C:\LWPCv21\library\hpgl_draw.for)
00429850       HPGL_DRAW
Module: C:\win32app\watcom/lib386\math387r.lib(atan387)
00429a6a*      atan_
00429a76*      atan2_
00429a40       IF@ATAN
00429a40*      IF@DATAN
00429a55*      IF@ATAN2
00429a55       IF@DATAN2
Module: C:\win32app\watcom/lib386\math387r.lib(math87e)
00429a96       __math87_err_
Module: C:\win32app\watcom/lib386/nt\clib3r.lib(save8087)
00444284       ___Save8087
00444288       ___Rest8087
Module: C:\win32app\watcom/lib386/nt\clib3r.lib(8087cw)
0044428c       __8087cw
Module: C:\win32app\watcom/lib386/nt\clib3r.lib(init8087)
00429b30       __init_80x87
Module: C:\win32app\watcom/lib386/nt\flib7.lib(csetinfo)
00496820       _CharSetInfo
Module: C:\win32app\watcom/lib386/nt\flib7.lib(errmsg)
00429e90       _GroupTable
00429f40       _ErrWord
Module: C:\win32app\watcom/lib386/nt\flib7.lib(ifderfc)
0042a570       IF@DERFC
0042a840*      IF@XDERFC
Module: C:\win32app\watcom/lib386/nt\clib3r.lib(chipvar)
00444290       ___chipbug
00444290       __chipbug
Module: C:\win32app\watcom/lib386/nt\clib3r.lib(chipt32)
0042a848       __fptan_chk
Module: lwpc.lib(C:\LWPCv21\library\ground.for)
0042a900       GROUND
00495370+      GRND$DATA
Module: C:\win32app\watcom/lib386/nt\clib3r.lib(chipr32)
0043cfef       __fprem_chk
0043d2a8*      __fprem1_chk
Module: lwpc.lib(C:\LWPCv21\library\grf_cntr_edge.for)
0042aeb0       GRF_CNTR_EDGE
Module: lwpc.lib(C:\LWPCv21\library\grf_cntr_cell.for)
0042df20       GRF_CNTR_CELL
Module: lwpc.lib(C:\LWPCv21\library\grf_cntr_trace.for)
0042e690       GRF_CNTR_TRACE
Module: lwpc.lib(C:\LWPCv21\library\grf_cntr_holes.for)
0042fae0       GRF_CNTR_HOLES
Module: lwpc.lib(C:\LWPCv21\library\grf_cntr_flag.for)
00430620       GRF_CNTR_FLAG
Module: lwpc.lib(C:\LWPCv21\library\grf_cntr_row.for)
00430780       GRF_CNTR_ROW
Module: C:\win32app\watcom/lib386\math387r.lib(acos387)
00430dff*      acos_
00430dc0*      IF@DACOS
00430dc0       IF@ACOS
Module: lwpc.lib(C:\LWPCv21\library\grf_poly_fill.for)
00430e10       GRF_POLY_FILL
Module: lwpc.lib(C:\LWPCv21\library\open_dat.for)
00430f70       OPEN_DAT
Module: C:\win32app\watcom/lib386/nt\clib3r.lib(xmsgwnt)
004315c0+      __exit_with_msg_
00431600       __fatal_runtime_error_
Module: C:\win32app\watcom/lib386/nt\clib3r.lib(nmalloc)
00431620       malloc_
00431630       _nmalloc_
004445ec       ___nheapbeg
004445f0       ___MiniHeapRover
004445f4       ___LargestSizeB4MiniHeapRover
Module: C:\win32app\watcom/lib386/nt\clib3r.lib(seterrno)
0043173b       __set_errno_
00431749*      __set_EDOM_
00431757       __set_ERANGE_
00431765*      __set_EINVAL_
00431778       __set_doserrno_
Module: C:\win32app\watcom/lib386/nt\clib3r.lib(nrealloc)
00431790       realloc_
004317a0+      _nrealloc_
Module: C:\win32app\watcom/lib386/nt\clib3r.lib(iomode)
00431820       __GetIOMode_
00431840       __SetIOMode_nogrow_
004445f8       ___NFiles
004445fc       ___init_mode
0044464c       ___io_mode
Module: C:\win32app\watcom/lib386/nt\clib3r.lib(stiomode)
00431860       __grow_iomode_
00431930+      __shrink_iomode_
00431980       __SetIOMode_
Module: C:\win32app\watcom/lib386/nt\clib3r.lib(setenvp)
00431a00       __setenvp_
00431af0       __freeenvp_
Module: C:\win32app\watcom/lib386/nt\clib3r.lib(ustrlen)
00431b44       wcslen_
Module: C:\win32app\watcom/lib386/nt\clib3r.lib(memcpy)
00431b60       memcpy_
Module: C:\win32app\watcom/lib386/nt\clib3r.lib(mem)
00431b90       __MemAllocator
00431c50       __MemFree
Module: C:\win32app\watcom/lib386/nt\clib3r.lib(conutwnt)
00431da0*      __NTRealKey_
00431e50*      __NTConsoleInput_
00431e60       __NTConsoleOutput_
Module: C:\win32app\watcom/lib386/nt\clib3r.lib(fclex387)
00431e70       _ClearFPE_
Module: C:\win32app\watcom/lib386/nt\clib3r.lib(signlwnt)
00444658+      _SignalTable
00431e80+      __SetSignalFunc_
00431ed0+      __GetSignalFunc_
00431f00+      __GetSignalOSCode_
00431f30+      __CheckSignalExCode_
00432070+      __sigabort_
00432080       __sigfpe_handler_
004320d0       signal_
00432190+      raise_
00432200+      __SigInit_
00432250+      __SigFini_
00432290+      __sig_init_
Module: C:\win32app\watcom/lib386/nt\flib7.lib(fptraps)
00432370*      __MaskDefaultFPE_
00432390       FPTrapInit_
004323e0       FPTrapFini_
Module: C:\win32app\watcom/lib386/nt\clib3r.lib(trdlist)
004323f0       __GetThreadData_
00432440       __ReallocThreadData_
00432540       __AddThreadData_
004325c0       __RemoveThreadData_
00432620       __ResizeThreadDataList_
00432650       __FreeThreadDataList_
00432680*      __ActiveThreads_
Module: C:\win32app\watcom/lib386/nt\clib3r.lib(memmove)
004326a0       memmove_
Module: C:\win32app\watcom/lib386/nt\clib3r.lib(itoa)
00432700       utoa_
00432750       itoa_
Module: C:\win32app\watcom/lib386/nt\clib3r.lib(ltoa)
00432780       ultoa_
004327d0       ltoa_
Module: C:\win32app\watcom/lib386/nt\clib3r.lib(initfile)
00432800       __InitFiles_
Module: C:\win32app\watcom/lib386/nt\clib3r.lib(ioexit)
004328a0       __full_io_exit_
004328b0*      fcloseall_
Module: C:\win32app\watcom/lib386/nt\clib3r.lib(dosret)
00432920*      _dosret0_
00432930+      _dosretax_
00432940       __set_errno_dos_
00432970       __set_errno_nt_
Module: C:\win32app\watcom/lib386/nt\clib3r.lib(setjmp)
00432980       _setjmp_
004329b9       longjmp_
Module: C:\win32app\watcom/lib386/nt\clib3r.lib(lseek)
00432a50       lseek_
Module: C:\win32app\watcom/lib386/nt\flib7.lib(ifile)
00432aa0       SendIFBuff_
00432ad0       NextIFBuff_
Module: C:\win32app\watcom/lib386/nt\flib7.lib(cctrl)
00432b00       CheckCCtrl_
Module: C:\win32app\watcom/lib386/nt\flib7.lib(rdutils)
00432b70       NextRec_
Module: C:\win32app\watcom/lib386/nt\flib7.lib(undefcg)
00432d00       OutLogCG_
00432d10       OutIntCG_
00432d50+      FmtRealCG_
00432d80+      FmtDoubleCG_
00432db0+      FmtExtendedCG_
00432de0+      UndefRealCG_
00432df0+      UndefDoubleCG_
00432e00+      UndefExtendedCG_
00432e10+      UndefLogCG_
00432e20+      UndefIntCG_
00432e30+      GetRealCG_
004447c8       _FmtRealRtn
004447cc       _FmtDoubleRtn
004447d0       _FmtExtendedRtn
004447d4       _SendStrRtn
004447d8       _UndefRealRtn
004447dc       _UndefDoubleRtn
004447e0       _UndefExtendedRtn
004447e4       _UndefLogRtn
004447e8       _UndefIntRtn
004447ec       _GetRealRtn
Module: C:\win32app\watcom/lib386/nt\flib7.lib(rfmtlog)
00432e50       R_FmtLog_
Module: C:\win32app\watcom/lib386/nt\clib3r.lib(toupper)
00432e80       toupper_
Module: C:\win32app\watcom/lib386/nt\flib7.lib(fmtcnvt)
00432e90       FmtS2I_
00432fd0       FmtS2F_
Module: C:\win32app\watcom/lib386/nt\flib7.lib(fmtrtns)
00433400       R_F2E_
004335c0       R_F2F_
004337b0       SetMaxPrec_
Module: C:\win32app\watcom/lib386/nt\flib7.lib(flt86)
004337c0       _P1d100
004337c8       _P1d_99
Module: C:\win32app\watcom/lib386\math387r.lib(pow387)
0043392f*      pow_
004337d0       IF@DPOW
004337d0*      IF@POW
Module: C:\win32app\watcom/lib386/nt\flib7.lib(hexcnv)
00433950       Hex_
00433970*      HSToB_
004339f0       BToHS_
Module: C:\win32app\watcom/lib386/nt\clib3r.lib(strupr)
00433a40       strupr_
Module: C:\win32app\watcom/lib386/nt\flib7.lib(unfmtutl)
00433a60       _SizeVars
Module: C:\win32app\watcom/lib386/nt\clib3r.lib(getenv)
00433a70       getenv_
Module: C:\win32app\watcom/lib386/nt\clib3r.lib(gtcwdwnt)
00433ae0       getcwd_
Module: C:\win32app\watcom/lib386/nt\clib3r.lib(iomodtty)
00433b70       __ChkTTYIOMode_
00433bc0       __IOMode_
Module: C:\win32app\watcom/lib386/nt\clib3r.lib(ntdirinf)
00433be0       __MakeDOSDT_
00433c10*      __FromDOSDT_
00433c40*      __GetNTDirInfo_
00433c80*      __NTFindNextFileWithAttr_
Module: C:\win32app\watcom/lib386/nt\clib3r.lib(d2ttime)
00433cd0       _d2ttime_
Module: C:\win32app\watcom/lib386/nt\clib3r.lib(strerror)
00433d40       strerror_
00433d60*      _strerror_
00433e40*      _doserror_
004447f0+      __sys_errlist
00444894+      __sys_nerr
Module: C:\win32app\watcom/lib386/nt\clib3r.lib(_strcmp)
00433e70       strcmp_
Module: C:\win32app\watcom/lib386/nt\clib3r.lib(mbspbrk)
00433fb0       _mbspbrk_
Module: C:\win32app\watcom/lib386/nt\clib3r.lib(mbsinc)
00434000       _mbsinc_
Module: C:\win32app\watcom/lib386/nt\clib3r.lib(chdirwnt)
00434030       chdir_
Module: C:\win32app\watcom/lib386/nt\clib3r.lib(tolower)
00434050       tolower_
Module: C:\win32app\watcom/lib386/nt\clib3r.lib(strncpy)
00434060       strncpy_
Module: C:\win32app\watcom/lib386/nt\clib3r.lib(close)
004340a0       close_
Module: C:\win32app\watcom/lib386/nt\clib3r.lib(openwnt)
004340c0*      open_
004340e0       sopen_
Module: C:\win32app\watcom/lib386/nt\flib7.lib(poscc)
00434310*      __LineFeedWithFormFeed_
00434320       FSetCC_
Module: C:\win32app\watcom/lib386/nt\clib3r.lib(unlnkwnt)
00434390       unlink_
Module: C:\win32app\watcom/lib386/nt\clib3r.lib(chsizwnt)
00434410       chsize_
Module: C:\win32app\watcom/lib386/nt\clib3r.lib(read)
00434510       read_
Module: C:\win32app\watcom/lib386/nt\flib7.lib(chrutils)
004346a0       JmpBlanks_
Module: C:\win32app\watcom/lib386/nt\flib7.lib(fmtboth)
004346c0       FEmCode_
004346d0       FEmChar_
004346e0       FEmNum_
004346f0       FEmByte_
00434700       R_FError_
00434710       R_FExtension_
Module: C:\win32app\watcom/lib386/nt\flib7.lib(rfmterr)
00434720       _R_FError_
00434730       _R_FExtension_
Module: C:\win32app\watcom/lib386/nt\clib3r.lib(vsprintf)
00434760       vsprintf_
Module: C:\win32app\watcom/lib386/nt\clib3r.lib(fflush)
00434780       fflush_
Module: C:\win32app\watcom/lib386/nt\clib3r.lib(chipw32)
00434790       __fpatan_wrap
Module: C:\win32app\watcom/lib386/nt\flib7.lib(ifderfdt)
004347d0       ___derfdat
Module: C:\win32app\watcom/lib386/nt\clib3r.lib(chipbug)
00434930       __verify_pentium_fdiv_bug_
Module: lwpc.lib(C:\LWPCv21\library\grf_cntr_col.for)
00434990       GRF_CNTR_COL
Module: lwpc.lib(C:\LWPCv21\library\grf_cntr_search.for)
00435060       GRF_CNTR_SEARCH
Module: lwpc.lib(C:\LWPCv21\library\sortr.for)
00435f20       SORTR
Module: lwpc.lib(C:\LWPCv21\library\hpgl_poly_fill.for)
00436710       HPGL_POLY_FILL
Module: C:\win32app\watcom/lib386/nt\flib7.lib(setname)
00436e10       RT@SetName
Module: C:\win32app\watcom/lib386/nt\flib7.lib(setactn)
00436e30       RT@SetAction
Module: C:\win32app\watcom/lib386/nt\clib3r.lib(nmemneed)
00436e50       __nmemneed_
Module: C:\win32app\watcom/lib386/nt\clib3r.lib(grownear)
00436f80       __ExpandDGROUP_
Module: C:\win32app\watcom/lib386/nt\clib3r.lib(nmsize)
00436ff0*      _msize_
00437000       _nmsize_
Module: C:\win32app\watcom/lib386/nt\clib3r.lib(nexpand)
00437010*      _expand_
00437020+      __HeapManager_expand_
004371e0       _nexpand_
Module: C:\win32app\watcom/lib386/nt\clib3r.lib(dofilstr)
00437230       __ParsePosixHandleStr_
Module: C:\win32app\watcom/lib386/nt\clib3r.lib(clearenv)
00437350       clearenv_
Module: C:\win32app\watcom/lib386/nt\clib3r.lib(abort)
004373e4*      abort_
004373ef       __terminate_
004449dc       ___abort
Module: C:\win32app\watcom/lib386/nt\clib3r.lib(cntrl87)
00437410       _control87_
Module: C:\win32app\watcom/lib386/nt\clib3r.lib(mthread)
004375d0+      __CloseSemaphore_
004375e0+      __AccessSemaphore_
00437640+      __ReleaseSemaphore_
004376a0+      __AccessIOB_
004376b0+      __ReleaseIOB_
004376c0+      __AccessFileH_
004376d0+      __ReleaseFileH_
004376e0+      __AccessNHeap_
004376f0+      __ReleaseNHeap_
00437700+      __AccessFHeap_
00437710+      __ReleaseFHeap_
00437720+      __AccessTDList_
00437730+      __ReleaseTDList_
00437740+      __AccessFList_
00437750+      __ReleaseFList_
00437760+      __MultipleThread_
004377b0+      __AllocInitThreadData_
00437800*      __FreeInitThreadData_
00437810       __NTThreadInit_
004378a0       __NTAddThread_
004378f0       __NTRemoveThread_
00437990       __InitMultipleThread_
004449e0+      ___AccessSema4
004449e4+      ___ReleaseSema4
004449e8+      ___CloseSema4
Module: C:\win32app\watcom/lib386/nt\clib3r.lib(calloc)
00437b90       calloc_
Module: C:\win32app\watcom/lib386/nt\clib3r.lib(register)
00437bc0       __initthread_
00437bd0*      _beginthread_
00437be0       _endthread_
00437bf0*      __RegisterThreadData_
Module: C:\win32app\watcom/lib386/nt\clib3r.lib(alphabet)
00441dcc       ___Alphabet
Module: C:\win32app\watcom/lib386/nt\clib3r.lib(freefp)
00437c40       __freefp_
00437c90       __purgefp_
Module: C:\win32app\watcom/lib386/nt\clib3r.lib(fclose)
00437cc0*      fclose_
00437d10       __shutdown_stream_
00437d30+      __doclose_
00497528+      ___RmTmpFileFn
Module: C:\win32app\watcom/lib386/nt\clib3r.lib(ljmphdl)
004449f8       ___longjmp_handler
Module: C:\win32app\watcom/lib386/nt\clib3r.lib(lseekwnt)
00437de0       __lseek_
Module: C:\win32app\watcom/lib386/nt\flib7.lib(expchk)
00437e20       ToFFormat_
Module: C:\win32app\watcom/lib386/nt\flib7.lib(intarith)
00437e70       AddIOFlo_
00437e80*      SubIOFlo_
00437e90       MulIOFlo_
Module: C:\win32app\watcom/lib386\math387r.lib(strtod)
00437e9f+      __Strtold_
0043806e       strtod_
Module: C:\win32app\watcom/lib386\math387r.lib(ldcvt)
00438244       _LDScale10x_
004388a0       __LDcvt_
Module: C:\win32app\watcom/lib386\math387r.lib(pow87e)
00438cfd       __pow87_err_
Module: C:\win32app\watcom/lib386\math387r.lib(exp387)
00438dee*      exp_
00438d84*      __@DEXP1
00438d8c*      IF@EXP
00438d8c*      IF@DEXP
00438d8e       __@DEXP
Module: C:\win32app\watcom/lib386/nt\clib3r.lib(chipd32)
00438f13       __fdiv_fpr
004393d5*      __fdiv_chk
004393e8*      __fdiv_m32
00439435*      __fdiv_m64
00439482*      __fdiv_m32r
004394cf*      __fdiv_m64r
Module: C:\win32app\watcom/lib386/nt\clib3r.lib(mbsnicmp)
00439520       _mbsnicmp_
Module: C:\win32app\watcom/lib386/nt\clib3r.lib(isattwnt)
004395b0       isatty_
Module: C:\win32app\watcom/lib386/nt\clib3r.lib(mktime)
004395e0       mktime_
Module: C:\win32app\watcom/lib386/nt\clib3r.lib(mbterm)
00439790       _mbterm_
Module: C:\win32app\watcom/lib386/nt\clib3r.lib(mbsnextc)
004397d0       _mbsnextc_
Module: C:\win32app\watcom/lib386/nt\clib3r.lib(mbschr)
00439810       _mbschr_
Module: C:\win32app\watcom/lib386/nt\clib3r.lib(mbisdbcs)
0049752c       ___IsDBCS
Module: C:\win32app\watcom/lib386/nt\clib3r.lib(mbislead)
00439870*      _ismbblead_
00497530       ___MBCSIsTable
Module: C:\win32app\watcom/lib386/nt\clib3r.lib(_clsewnt)
00439890       __close_
Module: C:\win32app\watcom/lib386/nt\clib3r.lib(ntfio)
004398f0*      __GetNTCreateAttr_
00439930       __GetNTAccessAttr_
00439960       __GetNTShareAttr_
Module: C:\win32app\watcom/lib386/nt\clib3r.lib(umaskval)
00444ab4       ___umaskval
Module: C:\win32app\watcom/lib386/nt\clib3r.lib(prtf)
004399c0       __prtf_
Module: C:\win32app\watcom/lib386/nt\clib3r.lib(flush)
0043a850       __flush_
Module: C:\win32app\watcom/lib386/nt\clib3r.lib(flushall)
0043a960       flushall_
0043a970+      __flushall_
Module: C:\win32app\watcom/lib386/nt\clib3r.lib(chipa32)
0043a9b0       __fpatan_chk
Module: C:\win32app\watcom/lib386/nt\clib3r.lib(heapen)
0043abc0*      _heapenable_
00444ab8       ___heap_enabled
Module: C:\win32app\watcom/lib386/nt\clib3r.lib(nheapmin)
0043abf0       _heapshrink_
0043ac00*      _heapmin_
0043ac10*      _nheapmin_
0043acc0       _nheapshrink_
Module: C:\win32app\watcom/lib386/nt\clib3r.lib(amblksiz)
00444abc       __amblksiz
Module: C:\win32app\watcom/lib386/nt\clib3r.lib(strtol)
0043aec0*      strtoul_
0043aed0       strtol_
Module: C:\win32app\watcom/lib386/nt\clib3r.lib(putenv)
0043af40       putenv_
0043b100       __putenv_
Module: C:\win32app\watcom/lib386/nt\clib3r.lib(trdalloc)
0043b380       __FiniThreadProcessing_
Module: C:\win32app\watcom/lib386/nt\clib3r.lib(thredwnt)
0043b480       __CBeginThread_
0043b520       __CEndThread_
Module: C:\win32app\watcom/lib386/nt\clib3r.lib(bufld386)
0043b554       __ZBuf2LD
Module: C:\win32app\watcom/lib386/nt\clib3r.lib(hugeval)
00441f54       __HugeValue
Module: C:\win32app\watcom/lib386\math387r.lib(ldclass)
0043b600       __LDClass_
Module: C:\win32app\watcom/lib386/nt\clib3r.lib(mbcicmp)
0043b650       _mbcicmp_
Module: C:\win32app\watcom/lib386/nt\clib3r.lib(timeutil)
0043b6b0       __leapyear_
0043b830       __isindst_
00441df4       ___diyr
00441e0e       ___dilyr
Module: C:\win32app\watcom/lib386/nt\clib3r.lib(gmtime)
0043bbe0       __brktime_
0043bce0+      _gmtime_
0043bd00*      gmtime_
Module: C:\win32app\watcom/lib386/nt\clib3r.lib(tzset)
00444b4c       ___start_dst
00444b70       ___end_dst
00444c98*      _tzname
00444ca0       _timezone
00444ca4       _daylight
00444ca8       ___dst_adjust
0043bd20*      __DontCacheOSTZ_
0043bd40*      __CacheOSTZ_
0043bfc0+      __parse_tz_
0043c230       tzset_
Module: C:\win32app\watcom/lib386/nt\clib3r.lib(mbconv)
0043c260       _mbvtop_
Module: C:\win32app\watcom/lib386/nt\clib3r.lib(mbclen)
0043c280       _mbclen_
Module: C:\win32app\watcom/lib386/nt\clib3r.lib(mbccmp)
0043c2b0       _mbccmp_
Module: C:\win32app\watcom/lib386/nt\clib3r.lib(mbinit)
0043c310       __mbinit_
00444cb0       ___MBCodePage
Module: C:\win32app\watcom/lib386/nt\clib3r.lib(wctomb)
0043c490       wctomb_
Module: C:\win32app\watcom/lib386/nt\clib3r.lib(noefgfmt)
00444cb4       ___EFG_printf
00444cb8*      ___EFG_scanf
Module: C:\win32app\watcom/lib386/nt\clib3r.lib(lltoa)
0043c4f0       ulltoa_
0043c560*      lltoa_
Module: C:\win32app\watcom/lib386/nt\clib3r.lib(fsync)
0043c590       fsync_
Module: C:\win32app\watcom/lib386/nt\clib3r.lib(qwrit)
0043c5e0       __qwrite_
Module: C:\win32app\watcom/lib386/nt\clib3r.lib(mbslen)
0043c6d0       _mbslen_
Module: C:\win32app\watcom/lib386/nt\clib3r.lib(mbstowcs)
0043c700       mbstowcs_
Module: C:\win32app\watcom/lib386/nt\clib3r.lib(uputenv)
0043c780*      _wputenv_
0043c900       __wputenv_
Module: C:\win32app\watcom/lib386/nt\clib3r.lib(mbccpy)
0043cab0       _mbccpy_
Module: C:\win32app\watcom/lib386/nt\clib3r.lib(mbsupr)
0043caf0       _mbsupr_
Module: C:\win32app\watcom/lib386/nt\clib3r.lib(wcstombs)
0043cb10       wcstombs_
Module: C:\win32app\watcom/lib386/nt\clib3r.lib(mbtowc)
0043cbd0       mbtowc_
Module: C:\win32app\watcom/lib386/nt\clib3r.lib(ustrchr)
0043cc5f       wcschr_
Module: C:\win32app\watcom/lib386/nt\clib3r.lib(setenvar)
0043cc80       __lib_SetEnvironmentVariableW_
Module: C:\win32app\watcom/lib386/nt\clib3r.lib(crtwenv)
0043cd70       __create_wide_environment_
Module: C:\win32app\watcom/lib386/nt\clib3r.lib(utoupper)
0043cdd8       towupper_


                        +---------------------------+
                        |   Unresolved References   |
                        +---------------------------+

Undefined Symbol                Referenced by
================                =============

Sys_print_begin_                lwpc.lib(C:\LWPCv21\library\grf_begin.for)
Sys_screen_begin_               lwpc.lib(C:\LWPCv21\library\grf_begin.for)
Sys_string_                     lwpc.lib(C:\LWPCv21\library\grf_string.for)
Sys_color_                      lwpc.lib(C:\LWPCv21\library\grf_color.for)
Sys_print_done_                 lwpc.lib(C:\LWPCv21\library\grf_done.for)
Sys_draw_                       lwpc.lib(C:\LWPCv21\library\grf_draw.for)
Sys_poly_fill_                  lwpc.lib(C:\LWPCv21\library\grf_poly_fill.for)


                        +--------------------+
                        |   Libraries Used   |
                        +--------------------+

C:\win32app\watcom/lib386/nt\kernel32.lib
C:\win32app\watcom/lib386/nt\user32.lib
C:\win32app\watcom/lib386/nt\gdi32.lib
lwpc.lib
C:\win32app\watcom/lib386/nt\flib7.lib
C:\win32app\watcom/lib386/nt\clib3r.lib
C:\win32app\watcom/lib386\math387r.lib
