Open Watcom Linker Version 1.3
Portions Copyright (c) 1985-2002 Sybase, Inc. All Rights Reserved.
Created on:       05/05/15 14:46:20
Executable Image: lwpm.exe
creating a Windows NT character-mode executable


                        +------------+
                        |   Groups   |
                        +------------+

Group                           Address              Size
=====                           =======              ====

.idata                          00486000             000007c0
DGROUP                          00487000             00305f00



                        +--------------+
                        |   Segments   |
                        +--------------+

Segment                Class          Group          Address         Size
=======                =====          =====          =======         ====

BEGTEXT                CODE           AUTO           00401000        00000007
_TEXT                  CODE           AUTO           00401010        000845ab
CODE32                 CODE           AUTO           004855bc        00000575
TRANSFER CODE          CODE           AUTO           00485b34        000001aa
.idata                 .idata         .idata         00486000        000007c0
_NULL                  BEGDATA        DGROUP         00487000        00000004
_AFTERNULL             BEGDATA        DGROUP         00487004        00000000
CONST                  DATA           DGROUP         00487010        000090c0
_DATA                  DATA           DGROUP         004900d0        00004bbc
GDATA@1                DATA           DGROUP         00494c90        000001cc
GDATA@3                DATA           DGROUP         00494e60        00000004
GDATA@5                DATA           DGROUP         00494e70        00000008
GDATA@7                DATA           DGROUP         00494e80        00000008
CONST2                 DATA           DGROUP         00494e88        0000010c
GDATA@0                DATA           DGROUP         00494fa0        00000e70
XIB                    DATA           DGROUP         00495e10        00000000
XI                     DATA           DGROUP         00495e10        00000048
XIE                    DATA           DGROUP         00495e58        00000000
YIB                    DATA           DGROUP         00495e58        00000000
YI                     DATA           DGROUP         00495e58        0000002a
YIE                    DATA           DGROUP         00495e82        00000000
GDATA@2                DATA           DGROUP         00495e90        00000418
TIB                    DATA           DGROUP         004962a8        00000000
TI                     DATA           DGROUP         004962a8        00000000
TIE                    DATA           DGROUP         004962a8        00000000
DATA                   DATA           DGROUP         004962a8        00000000
DATA32                 DATA           DGROUP         004962a8        00000310
LWPC_LUN               LWPC_LUN       DGROUP         004965c0        0000004c
LWPC_IN                LWPC_IN        DGROUP         00496610        00000274
LWPC_MF                LWPC_MF        DGROUP         00496890        000001b0
LWPC_PR                LWPC_PR        DGROUP         00496a40        000006a4
MC_INPT                MC_INPT        DGROUP         004970f0        0000009c
MF_AREA                MF_AREA        DGROUP         00497190        00000010
MF_FLAG                MF_FLAG        DGROUP         004971a0        00000028
MF_HGTS                MF_HGTS        DGROUP         004971d0        00000018
MF_PRNT                MF_PRNT        DGROUP         004971f0        00000020
MF_SW_3                MF_SW_3        DGROUP         00497210        0000097c
SW_WGIN                SW_WGIN        DGROUP         00497b90        00000034
WF_ITER                WF_ITER        DGROUP         00497bd0        0000004c
SW_PATH                SW_PATH        DGROUP         00497c20        00000018
LWPC_CFG               LWPC_CFG       DGROUP         00498010        00000a87
MF_SW_1                MF_SW_1        DGROUP         00498aa0        000028d8
MF_SW_4                MF_SW_4        DGROUP         0049b380        00000324
SW_WGOU                SW_WGOU        DGROUP         0049b6b0        00000964
GRND$DATA              GRND$DATA      DGROUP         0049c020        00000050
PRFL$                  PRFL$          DGROUP         0049c070        00000298
MF_SW_2                MF_SW_2        DGROUP         0049c310        00075c60
C_2_FOR                C_2_FOR        DGROUP         00511f70        000000c8
SYS_ERROR              SYS_ERROR      DGROUP         00512040        000000f0
GRAPHICS               GRAPHICS       DGROUP         00512130        00000574
MF_MODE                MF_MODE        DGROUP         005126b0        00000034
MF_BOXS                MF_BOXS        DGROUP         005126f0        000012d8
MF_LIST                MF_LIST        DGROUP         005139d0        000004b0
MF_RBRS                MF_RBRS        DGROUP         00513e80        00000058
MF_RNTG                MF_RNTG        DGROUP         00513ee0        000000e8
MC_SLAB                MC_SLAB        DGROUP         00513fd0        00005788
CONST32                CONST          DGROUP         00519758        00000000
MF_CRNR                MF_CRNR        DGROUP         00519760        00003e84
MF_DRCS                MF_DRCS        DGROUP         0051d5f0        00000020
MF_EIGB                MF_EIGB        DGROUP         0051d610        000000cc
MF_RKHT                MF_RKHT        DGROUP         0051d6e0        00000648
MF_SIDE                MF_SIDE        DGROUP         0051dd30        00000010
SW_EXTR                SW_EXTR        DGROUP         0051dd40        000004c8
SW_MODE                SW_MODE        DGROUP         0051e210        000000f0
SW_RMTX                SW_RMTX        DGROUP         0051e300        000000c8
MF_RSEQ                MF_RSEQ        DGROUP         0051e3d0        000000b0
MF_BPTS                MF_BPTS        DGROUP         0051e480        00000034
MF_ROES                MF_ROES        DGROUP         0051e4c0        00008980
SW_RPLY                SW_RPLY        DGROUP         00526e40        00000fa0
MF_LGFL                MF_LGFL        DGROUP         00527de0        00000010
MF_MMTX                MF_MMTX        DGROUP         00527df0        0000004c
MF_XNTG                MF_XNTG        DGROUP         00527e40        00000040
MC_STOR                MC_STOR        DGROUP         00527e80        00009f60
WF_INPT                WF_INPT        DGROUP         00531de0        00000060
@BLANK                 @BLANK         DGROUP         00531e40        00002490
MF_EMTX                MF_EMTX        DGROUP         005342d0        00000100
MF_OEMX                MF_OEMX        DGROUP         005343d0        00000084
SW_MMTX                SW_MMTX        DGROUP         00534460        00000098
MF_SMTX                MF_SMTX        DGROUP         00534500        00000098
MF_TMTX                MF_TMTX        DGROUP         005345a0        00000048
MF_RMTX                MF_RMTX        DGROUP         005345f0        00000080
WF_GRND                WF_GRND        DGROUP         00534670        000000b0
WF_MMTX                WF_MMTX        DGROUP         00534720        00000090
WF_PMTX                WF_PMTX        DGROUP         005347b0        00000240
WF_RMTX                WF_RMTX        DGROUP         005349f0        00000060
WF_SAVE                WF_SAVE        DGROUP         00534a50        000000ec
WF_TMTX                WF_TMTX        DGROUP         00534b40        00000120
WF_PETC                WF_PETC        DGROUP         00534c60        000036d8
_BSS                   BSS            DGROUP         00538340        00007330
GDATA@0                BSS            DGROUP         0053f670        0014da78
GDATA@2                BSS            DGROUP         0068d0f0        000002a4
GDATA@4                BSS            DGROUP         0068d3a0        00000004
GDATA@6                BSS            DGROUP         0068d3b0        000eadf8
GDATA@1                BSS            DGROUP         007781b0        00004894
GDATA@3                BSS            DGROUP         0077ca50        000004b0
BSS32                  BSS            DGROUP         0077cf00        00000000
STACK                  STACK          DGROUP         0077cf00        00010000


                        +----------------+
                        |   Memory Map   |
                        +----------------+

* = unreferenced symbol
+ = symbol only referenced locally

Address        Symbol
=======        ======

Module: lwpm.obj(C:\LWPCv21\lwpm.for)
00401010       FMAIN
00498010*      LWPC_CFG
004965c0       LWPC_LUN
00496610       LWPC_IN
00496890       LWPC_MF
00496a40       LWPC_PR
004970f0       MC_INPT
00497190       MF_AREA
004971a0       MF_FLAG
004971d0       MF_HGTS
004971f0       MF_PRNT
00498aa0       MF_SW_1
0049b380       MF_SW_4
00497210       MF_SW_3
00497b90       SW_WGIN
0049b6b0       SW_WGOU
00497bd0       WF_ITER
00497c20       SW_PATH
Module: C:\win32app\watcom/lib386/nt\flib7.lib(settrace)
00403300       RT@SetLine
00403320       RT@SetModule
Module: lwpc.lib(C:\LWPCv21\library\lwpc_dat_loc.for)
00403390       LWPC_DAT_LOC
Module: lwpc.lib(C:\LWPCv21\library\get_command_line.for)
004034f0       GET_COMMAND_LINE
Module: lwpc.lib(C:\LWPCv21\library\decode_list_str.for)
00403550       DECODE_LIST_STR
Module: lwpc.lib(C:\LWPCv21\library\str_length.for)
00403700       STR_LENGTH
Module: C:\win32app\watcom/lib386/nt\flib7.lib(rmove)
004037c0       RT@Move
Module: C:\win32app\watcom/lib386/nt\flib7.lib(setunit)
00403820       RT@SetUnit
Module: C:\win32app\watcom/lib386/nt\flib7.lib(setfile)
00403870       RT@SetFile
Module: C:\win32app\watcom/lib386/nt\flib7.lib(setstat)
00403890       RT@SetStat
Module: C:\win32app\watcom/lib386/nt\flib7.lib(exopen)
00404030       RT@IOOpen
0049040c+      _AccModTab
0049041c+      _FormTab
00490428+      _OpStatTab
0049043c+      _BlnkTab
00490448+      _RecFmTab
00490458+      _CCtrlTab
00490464+      _ActionTab
00490474+      _ShareTab
Module: C:\win32app\watcom/lib386/nt\flib7.lib(setfmt)
00404050       RT@SetFmt
Module: C:\win32app\watcom/lib386/nt\flib7.lib(cowrite)
00404070       RT@IOWrite
0040407f*      RT@OutLOG1
00404091*      RT@OutLOG4
0040409f*      RT@OutINT1
004040b1*      RT@OutINT2
004040c1       RT@OutINT4
004040d0       RT@OutREAL
004040e0       RT@OutDBLE
004040f0*      RT@OutXTND
00404100       RT@OutCPLX
00404116       RT@OutDBCX
0040412c*      RT@OutXTCX
00404142       RT@OutCHAR
00404147*      RT@OutSTR
0040414c       RT@PrtArr
00404151       RT@PrtChArr
Module: C:\win32app\watcom/lib386/nt\flib7.lib(cortns)
00404161*      SwitchToGen
0040417f       SwitchToRT
0040419d       RdWrCommon
00404241       IOType_
0040425f       IOChar
0040427a       IOStr
0040428f       IOArr
004042aa       IOChArr
004042cc       RT@EndIO
Module: lwpc.lib(C:\LWPCv21\library\get_date.for)
004042e0       GET_DATE
Module: lwpc.lib(C:\LWPCv21\library\get_time.for)
00404380       GET_TIME
Module: lwpc.lib(C:\LWPCv21\library\lwp_input.for)
00404430       LWP_INPUT
Module: C:\win32app\watcom/lib386/nt\flib7.lib(stop)
004066a0       RT@Stop
004907b0+      LG@STOP_HOOK
Module: lwpc.lib(C:\LWPCv21\library\lwp_set_brng.for)
00406710       LWP_SET_BRNG
Module: lwpc.lib(C:\LWPCv21\library\lwp_preseg.for)
00407bb0       LWP_PRESEG
0049c020       GRND$DATA
0049c070       PRFL$
Module: lwpc.lib(C:\LWPCv21\library\lwp_path.for)
004086e0       LWP_PATH
Module: C:\win32app\watcom/lib386/nt\flib7.lib(rcat)
00409800       RT@Cat
Module: C:\win32app\watcom/lib386/nt\flib7.lib(setexst)
00409890       RT@SetExst
Module: C:\win32app\watcom/lib386/nt\flib7.lib(exinq)
004099b0       RT@IOInq
Module: C:\win32app\watcom/lib386/nt\flib7.lib(setform)
004099d0       RT@SetForm
Module: C:\win32app\watcom/lib386/nt\flib7.lib(setios)
004099f0       RT@SetIOS
Module: C:\win32app\watcom/lib386/nt\flib7.lib(seterr)
00409a10       RT@SetErr
Module: lwpc.lib(C:\LWPCv21\library\set_file_id.for)
00409a20       SET_FILE_ID
Module: lwpc.lib(C:\LWPCv21\library\write_hdr.for)
00409e60       WRITE_HDR
Module: lwpc.lib(C:\LWPCv21\library\lwp_eof_mds.for)
0040a7d0       LWP_EOF_MDS
Module: C:\win32app\watcom/lib386/nt\flib7.lib(lexcmp)
0040abb0+      LexStrCmp_
0040ac10       RT@LexCmp
Module: C:\win32app\watcom/lib386/nt\flib7.lib(exclose)
0040ad20       RT@IOClose
Module: lwpc.lib(C:\LWPCv21\library\flush_unit.for)
0040ad40       FLUSH_UNIT
Module: lwpc.lib(C:\LWPCv21\library\lwp_driver.for)
0040adb0       LWP_DRIVER
0049c310       MF_SW_2
Module: lwpc.lib(C:\LWPCv21\library\read_hdr.for)
0040ba30       READ_HDR
Module: lwpc.lib(C:\LWPCv21\library\lw_vs_d.for)
0040c190       LW_VS_D
Module: C:\win32app\watcom/lib386/nt\flib7.lib(exrew)
0040d3b0       RT@IORew
Module: lwpc.lib(C:\LWPCv21\library\opa_set_up_grid.for)
0040d3d0       OPA_SET_UP_GRID
Module: lwpc.lib(C:\LWPCv21\library\str_lower.for)
0040d840       STR_LOWER
Module: lwpc.lib(C:\LWPCv21\library\str_upper.for)
0040d980       STR_UPPER
Module: lwpc.lib(C:\LWPCv21\library\opa_signal_grid.for)
0040dac0       OPA_SIGNAL_GRID
Module: lwpc.lib(C:\LWPCv21\library\opa_noise_grid.for)
0040e290       OPA_NOISE_GRID
Module: C:\win32app\watcom/lib386/nt\clib3r.lib(cstrtwnt)
0040ee64       _cstart_
0040ee64*      mainCRTStartup
Module: C:\win32app\watcom/lib386/nt\clib3r.lib(_8087)
00490fdc       __8087
00490fdd       __real87
Module: C:\win32app\watcom/lib386/nt\flib7.lib(initeng)
00538b84       __init_english
Module: C:\win32app\watcom/lib386/nt\flib7.lib(initerr)
00538b88       __init_error
Module: C:\win32app\watcom/lib386/nt\clib3r.lib(mainwnt)
00538b8c       ___Is_DLL
00490fe0       ___TlsIndex
00490fe4       ___FirstThreadData
00490fe8       ___GetThreadPtr
00490fec       __AccessFileH
00490ff0       __ReleaseFileH
00490ff4       __AccessIOB
00490ff8       __ReleaseIOB
00490ffc       __AccessNHeap
00491000       __AccessFHeap
00491004       __ReleaseNHeap
0040eec0*      __threadid_
0040ef30+      __sig_null_rtn_
0040ef40+      __NTInit_
0040f140+      __NTFini_
0040f1a0       __NTMainInit_
0040f200       __exit_
00491008       __ReleaseFHeap
0049100c       __AccessTDList
00491010       __ReleaseTDList
00491014       __AccessFList
00491018       __ReleaseFList
0049101c       __ThreadExitRtn
00491020       ___sig_init_rtn
00491024       ___sig_fini_rtn
00491028       ___process_fini
Module: C:\win32app\watcom/lib386/nt\flib7.lib(rtinit)
0049102c       ___FAppType
00491030       __ExceptionInit
00491034       __ExceptionFini
0040f260*      __InitFThreadData_
0040f2a0+      RTSysFini_
0040f2b0       RTSysInit_
0049103c       __AccessFIO
00491040       __ReleaseFIO
00491044       __PartialReleaseFIO
005391b0       ___FThreadDataOffset
00495e28*      ___fthread_data_size
Module: C:\win32app\watcom/lib386/nt\flib7.lib(errutil)
0040f310       BldErrCode_
0040f370*      MsgFormat_
0040f3a0       MsgBuffer_
00491048+      _PGrpCodes
Module: C:\win32app\watcom/lib386/nt\flib7.lib(stdio)
0040f3e0       StdBuffer_
0040f400       StdFlush_
0040f430       StdWrite_
0040f510       StdWriteNL_
Module: C:\win32app\watcom/lib386/nt\flib7.lib(rterr)
00491454       _TraceRoutine
0040f560       RTErr_
0040f590       ErrHandler_
0040f5d0+      WriteErr_
0040f680       FlushStdUnit_
00491460+      LG@ERR_HOOK
Module: C:\win32app\watcom/lib386/nt\flib7.lib(coread)
0040f6c3       RT@IORead
0040f6d2*      RT@InpLOG1
0040f6e1*      RT@InpLOG4
0040f6f0*      RT@InpINT1
0040f6ff*      RT@InpINT2
0040f70e       RT@InpINT4
0040f71d       RT@InpREAL
0040f72c       RT@InpDBLE
0040f73b*      RT@InpXTND
0040f74a       RT@InpCPLX
0040f759       RT@InpDBCX
0040f768*      RT@InpXTCX
0040f777       RT@InpCHAR
0040f77c*      RT@InpSTR
0040f781       RT@InpArr
0040f786       RT@InpChArr
Module: lwpc.lib(C:\LWPCv21\library\get_delimiter.for)
0040f790       GET_DELIMITER
Module: lwpc.lib(C:\LWPCv21\library\lwpc_error.for)
0040f800       LWPC_ERROR
00511f70*      C_2_FOR
00512040       SYS_ERROR
00512130*      GRAPHICS
Module: C:\win32app\watcom/lib386/nt\flib7.lib(fgetcmd)
0040f9d0       FGETCMD
Module: C:\win32app\watcom/lib386/nt\flib7.lib(setintl)
0040fa10       RT@SetIntl
Module: lwpc.lib(C:\LWPCv21\library\str_count_list.for)
0040fa40       STR_COUNT_LIST
Module: lwpc.lib(C:\LWPCv21\library\str_get_item.for)
0040fbd0       STR_GET_ITEM
Module: C:\win32app\watcom/lib386/nt\clib3r.lib(memset)
0040fe70       memset_
Module: C:\win32app\watcom/lib386/nt\flib7.lib(setiocb)
0040fe90       __SetIOCB_
0040fea0       RT@SetIOCB
Module: C:\win32app\watcom/lib386/nt\flib7.lib(rdata)
005391f8       _IORslt
00539208       _Fmt_revert
0053920c       _Fmt_paren_level
00539210       _Fmt_charptr
00539214       _Fmt_end
00539218       _Fmt_rep_spec
0053921c       _FmtEmTab
00539220       _FmtBuff
00539224*      _Fmt_start
00539228       _IOTypeRtn
0053922c       _FmtRoutine
00539230       _IOCB
00539234       _Files
00539238       _Fmt_delimited
Module: C:\win32app\watcom/lib386/nt\flib7.lib(rtutls)
0040ff50       FindFtnFile_
00410040       RChkAlloc_
00410070       F_Connect_
004100f0       ConnectFile_
00410100       GetFileInfo_
004101f0+      ChkFileName_
00410220+      ChkLogFile_
00410260       DiscoFile_
004102e0       ChkIOOperation_
00410320       GetIOErr_
00410330       ChkIOErr_
00410350       ChkUnitId_
00410390       ChkConnected_
004103b0       SetEOF_
004103e0       ClearEOF_
00410430       SysEOF_
00410460       IsFixed_
00410470       IsCarriage_
00410480       ChkRecordStructure_
004104b0       ChkSequential_
004104d0       ChkExist_
00410500       StrItem_
Module: C:\win32app\watcom/lib386/nt\flib7.lib(exutil)
00410580       FindKWord_
00410600       ClrBuff_
0049153c       _SpecId
Module: C:\win32app\watcom/lib386/nt\flib7.lib(ioerr)
00410640       IOErr_
Module: C:\win32app\watcom/lib386/nt\flib7.lib(rtsysutl)
004106f0       GetSysIOInfo_
00410710       GetSysFileInfo_
00410740       IsDevice_
00410900       OpenAction_
00410940       DfltRecType_
00410960+      _FileAttrs_
00410a20       CloseFile_
00410a90       Scrtched_
00410ab0       CloseDeleteFile_
00410b00       Errf_
00410b20       FPutBuff_
00410b90       FGetBuff_
00410be0       SeekFile_
00410c00       NoEOF_
00410c20       SysClearEOF_
00410c30       SameFile_
00410c40       Rewindf_
00410c60       SysCreateFile_
00410ca0       CheckLogicalRecord_
00410cc0       SkipLogicalRecord_
00410ce0       BackSpacef_
00410d10*      EndFilef_
00410d50       GetIOErrMsg_
00410d90       ReportNExist_
00410db0       ReportEOF_
00410dc0*      WaitForEnter_
Module: C:\win32app\watcom/lib386/nt\flib7.lib(runmain)
00410dd0*      __InitUnit6CC_
00410de0       __DevicesCC_
00410df0*      __InitAllowCommaSeparator_
00410e00       __AllowCommaSep_
00410e10+      _InitIO_
00410e80+      CloseAllFiles_
00410ec0*      _FiniEx_
00410f00       RunEntry_
00410f30       RunExit_
Module: C:\win32app\watcom/lib386/nt\flib7.lib(rdwr)
00410f40+      _AllocBuffer_
00410f80       IOPrologue_
004111c0       DoOpen_
00411200       UpdateRecNum_
Module: C:\win32app\watcom/lib386/nt\flib7.lib(iomain)
00411240       __ReleaseIOSys_
00411260       IOMain_
Module: C:\win32app\watcom/lib386/nt\flib7.lib(rfmtexec)
00411dc0       R_FExec_
Module: C:\win32app\watcom/lib386/nt\flib7.lib(exwrite)
00411e60       DoWrite_
Module: C:\win32app\watcom/lib386/nt\clib3r.lib(crwdata)
004915ac       __osmajor
004915ad       __osminor
004915ae       __osbuild
004915b0       __osver
004915b4       __winmajor
004915b8       __winminor
004915bc       __winver
00491570       __LpCmdLine
00491574       __LpPgmName
00491578       __LpDllName
0049157c       __LpwCmdLine
00491580       __LpwPgmName
00491584       __LpwDllName
00491568*      __dynend
0049156c       __curbrk
00491588*      __STACKLOW
0049158c       __STACKTOP
00491590       __ASTACKSIZ
00491594       __ASTACKPTR
00491598*      __cbyte
0049159c*      __cbyte2
004915a0*      __child
004915a6       __Envptr
004915aa*      __Envseg
004915a4       __no87
004915c0*      __FPE_handler
004915c0*      ___FPE_handler
Module: C:\win32app\watcom/lib386/nt\flib7.lib(thrdutil)
00411f00*      __InitMultiThreadIO_
004915c8       __SwitchStkLow
Module: C:\win32app\watcom/lib386/nt\flib7.lib(getdat)
00411f10       GETDAT
Module: C:\win32app\watcom/lib386/nt\flib7.lib(gettim)
00411f40       GETTIM
Module: C:\win32app\watcom/lib386/nt\flib7.lib(setend)
00411f80       RT@SetEnd
Module: lwpc.lib(C:\LWPCv21\library\decode_control_data.for)
00411f90       DECODE_CONTROL_DATA
Module: lwpc.lib(C:\LWPCv21\library\decode_a_noise.for)
00412150       DECODE_A_NOISE
Module: lwpc.lib(C:\LWPCv21\library\decode_list_flt.for)
00412450       DECODE_LIST_FLT
Module: lwpc.lib(C:\LWPCv21\library\decode_ionosphere.for)
00412840       DECODE_IONOSPHERE
Module: lwpc.lib(C:\LWPCv21\library\decode_date.for)
004130a0       DECODE_DATE
Module: lwpc.lib(C:\LWPCv21\library\month_number.for)
004133a0       MONTH_NUMBER
Module: lwpc.lib(C:\LWPCv21\library\decode_time.for)
004134f0       DECODE_TIME
Module: C:\win32app\watcom/lib386/nt\flib7.lib(rfmtinit)
004136f0*      RT@FmtAScan
00413720       RT@FmtScan
Module: lwpc.lib(C:\LWPCv21\library\decode_map_area.for)
004137d0       DECODE_MAP_AREA
Module: lwpc.lib(C:\LWPCv21\library\decode_op_area.for)
004146f0       DECODE_OP_AREA
Module: lwpc.lib(C:\LWPCv21\library\decode_plotter.for)
00414b70       DECODE_PLOTTER
Module: C:\win32app\watcom/lib386\math387r.lib(fchop)
00414c70       __CHP
Module: lwpc.lib(C:\LWPCv21\library\decode_list_int.for)
00414c90       DECODE_LIST_INT
Module: lwpc.lib(C:\LWPCv21\library\decode_rx_data.for)
00414ed0       DECODE_RX_DATA
Module: lwpc.lib(C:\LWPCv21\library\decode_tx_data.for)
00415120       DECODE_TX_DATA
Module: lwpc.lib(C:\LWPCv21\library\decode_file_name.for)
00415770       DECODE_FILE_NAME
Module: C:\win32app\watcom/lib386/nt\flib7.lib(setnml)
00415a80       RT@SetNml
Module: lwpc.lib(C:\LWPCv21\library\prfl_specification.for)
00415b30       PRFL_SPECIFICATION
Module: C:\win32app\watcom/lib386/nt\flib7.lib(spawn)
004162b0       Spawn_
00416300       Suicide_
Module: lwpc.lib(C:\LWPCv21\library\lwp_get_brng.for)
00416340       LWP_GET_BRNG
Module: C:\win32app\watcom/lib386/nt\flib7.lib(ifaint)
00417f60       IF@AINT
00417fb0*      IF@XAINT
Module: lwpc.lib(C:\LWPCv21\library\lwp_to_edge.for)
00417fc0       LWP_TO_EDGE
Module: C:\win32app\watcom/lib386\math387r.lib(fmod387)
00418a37*      fmod_
00418a1c*      IF@DFMOD
00418a1c       IF@FMOD
Module: C:\win32app\watcom/lib386/nt\flib7.lib(xfamax1)
00418a50       IF@XAMAX1
Module: lwpc.lib(C:\LWPCv21\library\gcdbr.for)
00418ab0       GCDBR
Module: C:\win32app\watcom/lib386\math387r.lib(trig387)
00419157*      sin_
0041914b*      cos_
00419178*      tan_
0041910c       IF@COS
0041910c       IF@DCOS
00419116       IF@SIN
00419116       IF@DSIN
00419163*      IF@TAN
00419163*      IF@DTAN
Module: lwpc.lib(C:\LWPCv21\library\ground.for)
00419190       GROUND
Module: lwpc.lib(C:\LWPCv21\library\almnac.for)
00419730       ALMNAC
Module: lwpc.lib(C:\LWPCv21\library\recvr2.for)
00419b70       RECVR2
Module: lwpc.lib(C:\LWPCv21\library\gcdbr2.for)
0041a2c0       GCDBR2
Module: lwpc.lib(C:\LWPCv21\library\newmag.for)
0041a8c0       NEWMAG
Module: C:\win32app\watcom/lib386/nt\flib7.lib(rtinq)
0041e420       FindFName_
0041e480       DfltInq_
0041e6c0       InqExList_
0041e7a0       InqOdList_
Module: lwpc.lib(C:\LWPCv21\library\get_random.for)
0041ea00       GET_RANDOM
Module: C:\win32app\watcom/lib386/nt\flib7.lib(ifchar)
0041ea50       IF@CHAR
Module: C:\win32app\watcom/lib386/nt\flib7.lib(setname)
0041ea80       RT@SetName
Module: C:\win32app\watcom/lib386/nt\flib7.lib(setnofmt)
0041eaa0       RT@SetNoFmt
Module: C:\win32app\watcom/lib386/nt\flib7.lib(setopen)
0041eac0       RT@SetOpen
Module: lwpc.lib(C:\LWPCv21\library\read_mds.for)
0041eae0       READ_MDS
Module: C:\win32app\watcom/lib386/nt\flib7.lib(flushuni)
0041eff0       FLUSHUNIT
Module: lwpc.lib(C:\LWPCv21\library\prfl_exp.for)
0041f030       PRFL_EXP
Module: lwpc.lib(C:\LWPCv21\library\prfl_hgts.for)
0041f1f0       PRFL_HGTS
Module: lwpc.lib(C:\LWPCv21\library\mf_driver.for)
0041fb70       MF_DRIVER
005126b0       MF_MODE
Module: lwpc.lib(C:\LWPCv21\library\sw_step.for)
0041fde0       SW_STEP
Module: lwpc.lib(C:\LWPCv21\library\sw_next.for)
004205d0       SW_NEXT
Module: lwpc.lib(C:\LWPCv21\library\mf_get_mc.for)
004206f0       MF_GET_MC
005126f0       MF_BOXS
005139d0       MF_LIST
00513e80       MF_RBRS
00513ee0       MF_RNTG
Module: lwpc.lib(C:\LWPCv21\library\lwp_save_mc.for)
00421480       LWP_SAVE_MC
Module: lwpc.lib(C:\LWPCv21\library\lw_read_mds.for)
00421a50       LW_READ_MDS
Module: lwpc.lib(C:\LWPCv21\library\lw_sum_modes.for)
00421e90       LW_SUM_MODES
00513fd0       MC_SLAB
Module: lwpc.lib(C:\LWPCv21\library\write_lwf.for)
00423f00       WRITE_LWF
Module: lwpc.lib(C:\LWPCv21\library\opa_read_lwf.for)
004244d0       OPA_READ_LWF
Module: lwpc.lib(C:\LWPCv21\library\sortr.for)
00425a60       SORTR
Module: lwpc.lib(C:\LWPCv21\library\opa_interpolate.for)
00426250       OPA_INTERPOLATE
Module: lwpc.lib(C:\LWPCv21\library\write_grd.for)
00426860       WRITE_GRD
Module: lwpc.lib(C:\LWPCv21\library\noise_itsn.for)
004274b0       NOISE_ITSN
Module: lwpc.lib(C:\LWPCv21\library\noise_ntia.for)
00428770       NOISE_NTIA
Module: C:\win32app\watcom/lib386/nt\clib3r.lib(main2wnt)
004297d0       __NTMain
Module: C:\win32app\watcom/lib386/nt\clib3r.lib(segdefns)
00401003       ___begtext
00487000*      __nullarea
00495e10       __Start_XI
00495e58       __End_XI
00495e58       __Start_YI
00495e82       __End_YI
Module: C:\win32app\watcom/lib386/nt\clib3r.lib(chk8087)
00429850+      __init_8087_
00429890*      _fpreset_
004298a0       __chk8087_
Module: C:\win32app\watcom/lib386/nt\flib7.lib(english)
00429940       __UseEnglishCharSet_
Module: C:\win32app\watcom/lib386/nt\flib7.lib(errincl)
00429a80       __InitError_
004923b8+      _PGroupTable
004923bc+      _PErrWord
Module: C:\win32app\watcom/lib386/nt\clib3r.lib(hdlman)
004923c0+      ___NHandles
004923c4       ___OSHandles
004923c8+      ___FakeHandles
00429ab0+      __growPOSIXHandles_
00429b50       __allocPOSIXHandle_
00429c10       __freePOSIXHandle_
00429c30*      __getOSHandle_
00429c50       __setOSHandle_
00429ca0+      __NTGetFakeHandle_
00429d10       __initPOSIXHandles_
00429df0*      __set_handles_
00429e00*      _grow_handles_
Module: C:\win32app\watcom/lib386/nt\clib3r.lib(environ)
0053a270       ___env_mask
0053a274       _environ
0053a278       __wenviron
Module: C:\win32app\watcom/lib386/nt\clib3r.lib(getmodfn)
00429e40       __lib_GetModuleFileNameW_
Module: C:\win32app\watcom/lib386/nt\clib3r.lib(strdup)
00429ee0       __clib_strdup_
Module: C:\win32app\watcom/lib386/nt\clib3r.lib(istable)
00494e88       __IsTable
Module: C:\win32app\watcom/lib386/nt\clib3r.lib(ustrdup)
00429f30       __clib_wcsdup_
Module: C:\win32app\watcom/lib386/nt\clib3r.lib(nfree)
00429f60       free_
00429f70       _nfree_
0053a27c       ___MiniHeapFreeRover
Module: C:\win32app\watcom/lib386/nt\clib3r.lib(excptwnt)
0042a130+      ___ReportException@4
0042a5a0       __DefaultExceptionHandler_
0042a5e0+      ___ExceptionFilter
0042a7e0       __NewExceptionFilter_
0042a810       __DoneExceptionFilter_
004923d4       ___oscode_check_func
004923d8       ___raise_func
0053a280*      _sw
0053a284       ___ExceptionHandled
0053a285+      ___ReportInvoked
Module: C:\win32app\watcom/lib386/nt\clib3r.lib(stklmwnt)
0042a850       __init_stack_limits_
Module: C:\win32app\watcom/lib386/nt\clib3r.lib(initrtns)
0042a8d0       __InitRtns
0042a920       __FiniRtns
Module: C:\win32app\watcom/lib386/nt\flib7.lib(rttraps)
0042aaa0       __EnableF77RTExceptionHandling_
0042aab0       R_TrapInit_
0042ab40       R_TrapFini_
0042ab50*      __InitExceptionVectors_
Module: C:\win32app\watcom/lib386/nt\flib7.lib(errrtns)
0053a288       ___ErrorFini
0053a28c       ___ErrorInit
0053a290       ___BldErrMsg
Module: C:\win32app\watcom/lib386/nt\clib3r.lib(nodefwin)
004923f0*      __WindowsIsWindowedHandle
004923f4*      __WindowsRemoveWindowedHandle
004923f8*      __WindowsNewWindow
004923fc*      __WindowsCloseWindow
00492400*      __WindowsSetAbout
00492404*      __WindowsSetAppTitle
00492408*      __WindowsSetConTitle
0049240c*      __WindowsDestroyOnClose
00492410*      __WindowsYieldControl
00492414*      __WindowsShutDown
00492418*      __WindowsStdin
0049241c       __WindowsStdout
00492420*      __WindowsKbhit
00492424*      __WindowsGetch
00492428*      __WindowsGetche
0049242c*      __WindowsPutch
0042ab70       _dwDeleteOnClose_
0042ab80*      _dwSetAboutDlg_
0042ab90*      _dwSetAppTitle_
0042aba0*      _dwSetConTitle_
0042abb0*      _dwYield_
0042abc0*      _dwShutDown_
00492430*      __WindowsExitRtn
0053a294*      __init_default_win
Module: C:\win32app\watcom/lib386/nt\clib3r.lib(atexit)
0042abc3       atexit_
Module: C:\win32app\watcom/lib386/nt\clib3r.lib(regdata)
0042ac30       __RegisterThreadDataSize_
Module: C:\win32app\watcom/lib386/nt\flib7.lib(errgrp)
0042ac60       _GrpCodes
Module: C:\win32app\watcom/lib386/nt\flib7.lib(blderr)
0042ad70       Substitute_
0042af50       ErrCodOrg_
Module: C:\win32app\watcom/lib386/nt\clib3r.lib(iob)
00492434       ___iob
0049263c       __fmode
0053a31c       ___OpenStreams
0053a320       ___ClosedStreams
Module: C:\win32app\watcom/lib386/nt\clib3r.lib(setmd)
0042af60       setmode_
Module: C:\win32app\watcom/lib386/nt\clib3r.lib(write)
0042b2a0       write_
Module: C:\win32app\watcom/lib386/nt\clib3r.lib(errno)
0042b500       __get_errno_ptr_
0042b510*      __get_doserrno_ptr_
Module: C:\win32app\watcom/lib386/nt\clib3r.lib(enterdb)
0042b520       __EnterWVIDEO_
00492640       ___WD_Present
Module: C:\win32app\watcom/lib386/nt\flib7.lib(posdat)
00492820       _FStdIn
00492824       _FStdOut
00492828       _FStdErr
Module: C:\win32app\watcom/lib386/nt\flib7.lib(posflush)
0042b550       FlushBuffer_
Module: C:\win32app\watcom/lib386/nt\flib7.lib(exread)
0042b690       DoRead_
Module: lwpc.lib(C:\LWPCv21\library\sys_error_message.c)
0042b6d0       sys_error_message_
Module: C:\win32app\watcom/lib386\math387r.lib(log387)
0042b7a3*      log_
0042b7bb*      log2_
0042b7af*      log10_
0042b758       IF@LOG
0042b758       IF@DLOG
0042b79b*      IF@LOG2
0042b79b*      IF@DLOG2
0042b79f       IF@LOG10
0042b79f*      IF@DLOG10
Module: C:\win32app\watcom/lib386/nt\clib3r.lib(gtcmd)
0042b820       _bgetcmd_
0042b8a0*      getcmd_
Module: C:\win32app\watcom/lib386/nt\clib3r.lib(__stos)
0042b8c0       __STOSB
0042b8f7*      __STOSD
Module: C:\win32app\watcom/lib386/nt\flib7.lib(ioinit)
0042b980       IOSysInit_
Module: C:\win32app\watcom/lib386/nt\flib7.lib(fdutil)
0042b9b0       LocFile_
0042b9c0       LocUnit_
0042b9e0       ExtractInfo_
Module: C:\win32app\watcom/lib386/nt\flib7.lib(rstdio)
0042ba20+      _GetFtnFile_
0042bb00*      _SetStd_
0042bb10       _InitStandardInput_
0042bb40       _InitStandardOutput_
Module: C:\win32app\watcom/lib386/nt\flib7.lib(rmemmgr)
0042bb70       RMemAlloc_
0042bb80       RMemFree_
Module: C:\win32app\watcom/lib386/nt\flib7.lib(deffname)
00492830       _DefFName
Module: C:\win32app\watcom/lib386/nt\flib7.lib(stracc)
0042bb90       TrimStr_
0042bbe0       GetStr_
Module: C:\win32app\watcom/lib386/nt\clib3r.lib(memicmp)
0042bc10       memicmp_
Module: C:\win32app\watcom/lib386/nt\clib3r.lib(accsswnt)
0042bc50       access_
Module: C:\win32app\watcom/lib386/nt\clib3r.lib(fullpath)
0042bc90+      _sys_fullpath_
0042bd10       _fullpath_
Module: C:\win32app\watcom/lib386/nt\clib3r.lib(fstatwnt)
0042bd80       fstat_
Module: C:\win32app\watcom/lib386/nt\flib7.lib(poserr)
0042c0e0       Errorf_
0042c100*      EOFile_
0042c120       ErrorMsg_
0042c160       FSetTrunc_
0042c180       FSetSysErr_
0042c1a0       FSetErr_
0042c1c0       FSetEof_
0042c1e0       IOOk_
Module: C:\win32app\watcom/lib386/nt\clib3r.lib(statwnt)
0042c2f5       stat_
Module: C:\win32app\watcom/lib386/nt\flib7.lib(posopen)
0042c530       InitStd_
0042c5f0       SetIOBufferSize_
0042c610+      _AllocFile_
0042c6f0       Openf_
0042c7e0       Closef_
Module: C:\win32app\watcom/lib386/nt\flib7.lib(posdel)
0042c850       Scratchf_
Module: C:\win32app\watcom/lib386/nt\flib7.lib(posput)
0042c870       FPutRec_
0042c8c0       ChopFile_
0042c910*      PutRec_
0042ca40       writebytes_
0042cad0       SysWrite_
Module: C:\win32app\watcom/lib386/nt\flib7.lib(posget)
0042cc20       readbytes_
0042cd00       SysRead_
0042d1a0       FGetRec_
0042d1d0*      GetRec_
0042d1f0       GetStdChar_
0042d240       FCheckLogical_
0042d2b0       FSkipLogical_
0042d380*      FGetVarRecLen_
Module: C:\win32app\watcom/lib386/nt\flib7.lib(posseek)
0042d470       FSeekRec_
0042d4b0       CurrFileOffset_
0042d4d0       SysSeek_
0042d6e0*      FSeekAbs_
0042d6f0       FGetFilePos_
Module: C:\win32app\watcom/lib386/nt\clib3r.lib(stricmp)
0042d700       stricmp_
Module: C:\win32app\watcom/lib386/nt\flib7.lib(posrew)
0042d740       FRewind_
Module: C:\win32app\watcom/lib386/nt\flib7.lib(posback)
0042d7b0       FBackspace_
Module: C:\win32app\watcom/lib386/nt\flib7.lib(postrunc)
0042d890       FTruncate_
Module: C:\win32app\watcom/lib386/nt\flib7.lib(sdfile)
00492840*      _FFCtrlSeq
00492842*      _SkipCtrlSeq
00492844       _NormalCtrlSeq
00492846       _SDTermIn
0049284a       _SDTermOut
0049284e*      _SDPrtName
Module: C:\win32app\watcom/lib386/nt\flib7.lib(wrutils)
0042d8b0       F_SendData_
0042d910*      SendLine_
0042d920*      SendInt_
0042d940       SendStr_
0042d960       SendWSLStr_
0042d980       SendChar_
0042d9a0       Drop_
0042dab0       SendEOR_
0042dc00       IOItemResult_
Module: C:\win32app\watcom/lib386/nt\flib7.lib(rfmtutil)
0042dcb0       R_NewRec_
0042dcf0       R_ChkIType_
0042dd20       R_ChkFType_
0042dd50       R_ChkType_
0042dd80       R_ChkRecLen_
0042ddb0       R_FOStr_
0042ddc0+      GetLen_
0042ddf0+      FOString_
0042de80       R_FIStr_
0042df40       R_FOLog_
0042df90       R_FILog_
0042e070       R_FIFloat_
0042e270       GetReal_
0042e380       R_FOF_
0042e400       R_FOE_
0042e540+      FmtH2B_
0042e630       R_FIHex_
0042e6e0       R_FOHex_
0042e700+      FOHex_
0042e8c0       R_FIInt_
0042e9d0       R_FOInt_
0042ec30       R_FOG_
0042eeb0+      ChkBuffLen_
Module: C:\win32app\watcom/lib386/nt\flib7.lib(arrayio)
0042ef80       ArrayIOType_
Module: C:\win32app\watcom/lib386/nt\flib7.lib(unfmtout)
0042f110       UnFmtOut_
Module: C:\win32app\watcom/lib386/nt\flib7.lib(freeout)
0042f540       FreeOut_
00492854       _OutRtn
Module: C:\win32app\watcom/lib386/nt\clib3r.lib(gtctmwnt)
0042f630       __getctime_
Module: C:\win32app\watcom/lib386/nt\flib7.lib(ifindex)
0042f6a0+      IF@XINDEX
0042f700       IF@INDEX
Module: C:\win32app\watcom/lib386/nt\flib7.lib(fmtscan)
0042f7a0       R_FDoSpec_
Module: C:\win32app\watcom/lib386/nt\flib7.lib(rfmtemit)
00430400       R_FEmInit_
00430410       R_FEmEnd_
00430440       R_FEmCode_
00430490       R_FEmChar_
004304c0       R_FEmNum_
004304f0       R_FEmByte_
00430530+      CheckHole_
Module: C:\win32app\watcom/lib386/nt\flib7.lib(rfmttab)
00430570       _RFmtTab
Module: lwpc.lib(C:\LWPCv21\library\get_map.for)
00430590       GET_MAP
Module: lwpc.lib(C:\LWPCv21\library\get_opa.for)
004310f0       GET_OPA
Module: lwpc.lib(C:\LWPCv21\library\get_xmtr.for)
004317e0       GET_XMTR
Module: C:\win32app\watcom/lib386/nt\flib7.lib(nmlio)
00431f60*      Scanner_
00431f80+      ScanChar_
00431fc0*      ScanEOL_
00431fe0+      ScanName_
00432030+      ScanSNum_
00432200       NmlExec_
004329a0       NmlAddrs_
Module: lwpc.lib(C:\LWPCv21\library\prfl_htbl.for)
00432a20       PRFL_HTBL
Module: lwpc.lib(C:\LWPCv21\library\prfl_lwpm.for)
00432e20       PRFL_LWPM
Module: lwpc.lib(C:\LWPCv21\library\prfl_rtbl.for)
00434200       PRFL_RTBL
Module: lwpc.lib(C:\LWPCv21\library\prfl_rexp.for)
00434d60       PRFL_REXP
Module: lwpc.lib(C:\LWPCv21\library\prfl_gtbl.for)
00435350       PRFL_GTBL
Module: lwpc.lib(C:\LWPCv21\library\prfl_chi_tbl.for)
00436260       PRFL_CHI_TBL
Module: lwpc.lib(C:\LWPCv21\library\prfl_chi_exp.for)
00436dc0       PRFL_CHI_EXP
Module: C:\win32app\watcom/lib386/nt\clib3r.lib(setjmp)
004373ac       _setjmp_
004373e5       longjmp_
Module: C:\win32app\watcom/lib386/nt\clib3r.lib(exit)
0043746d+      __null_int23_exit_
0043746f       exit_
004374bf*      _exit_
00492fbc+      ___int23_exit
00492fc0+      ___FPE_handler_exit
Module: C:\win32app\watcom/lib386\math387r.lib(asin387)
004374f3*      asin_
004374d8*      IF@DASIN
004374d8       IF@ASIN
Module: C:\win32app\watcom/lib386/nt\flib7.lib(xfamin1)
00437500       IF@XAMIN1
Module: C:\win32app\watcom/lib386\math387r.lib(floor)
00437552       floor_
Module: C:\win32app\watcom/lib386/nt\clib3r.lib(chipvar)
00492fc4       ___chipbug
00492fc4       __chipbug
Module: C:\win32app\watcom/lib386/nt\clib3r.lib(chipr32)
004857c3       __fprem_chk
00485a7c*      __fprem1_chk
Module: C:\win32app\watcom/lib386\math387r.lib(acos387)
004375cf*      acos_
00437590*      IF@DACOS
00437590       IF@ACOS
Module: C:\win32app\watcom/lib386/nt\clib3r.lib(chipt32)
004375dc       __fptan_chk
Module: lwpc.lib(C:\LWPCv21\library\open_dat.for)
00437690       OPEN_DAT
Module: C:\win32app\watcom/lib386\math387r.lib(sqrt387)
00437cdc*      sqrt_
00437d0c       IF@SQRT
00437d0c       IF@DSQRT
00437d0e       __@DSQRT
Module: C:\win32app\watcom/lib386/nt\flib7.lib(sysinq)
00437d50       InqSeq_
00437d70       InqDir_
00437da0       InqFmtd_
00437db0       InqUnFmtd_
Module: C:\win32app\watcom/lib386/nt\flib7.lib(urand)
00437dc0       URAND
Module: lwpc.lib(C:\LWPCv21\library\prfl_ennu.for)
00437e10       PRFL_ENNU
Module: lwpc.lib(C:\LWPCv21\library\mf_wvgd.for)
00438320       MF_WVGD
00519760       MF_CRNR
0051d5f0       MF_DRCS
0051d610       MF_EIGB
0051d6e0       MF_RKHT
0051dd30       MF_SIDE
Module: lwpc.lib(C:\LWPCv21\library\sw_extrap.for)
00438f80       SW_EXTRAP
0051dd40       SW_EXTR
Module: lwpc.lib(C:\LWPCv21\library\sw_wvgd.for)
00439770       SW_WVGD
0051e210       SW_MODE
0051e300       SW_RMTX
Module: lwpc.lib(C:\LWPCv21\library\sw_xsave.for)
0043b0b0       SW_XSAVE
Module: C:\win32app\watcom/lib386/nt\flib7.lib(ifccos)
0043b9c0       IF@CCOS
0043ba20*      IF@XCCOS
Module: C:\win32app\watcom/lib386/nt\flib7.lib(ifcsin)
0043ba50       IF@CSIN
0043bab0*      IF@XCSIN
Module: C:\win32app\watcom/lib386\math387r.lib(powic8)
0043bad1       IF@C8PowI
Module: lwpc.lib(C:\LWPCv21\library\mf_fdfdt.for)
0043bc50       MF_FDFDT
Module: C:\win32app\watcom/lib386\math387r.lib(divc8)
0043c3b7       IF@C8Div
Module: C:\win32app\watcom/lib386/nt\flib7.lib(ifcsqrt)
0043c4b0       IF@CSQRT
0043c660*      IF@XCSQRT
Module: C:\win32app\watcom/lib386/nt\flib7.lib(ifclog)
0043c690       IF@CLOG
0043c6e0*      IF@XCLOG
Module: C:\win32app\watcom/lib386/nt\flib7.lib(ifcabs)
0043c710       IF@CABS
0043c7a0*      IF@XCABS
Module: lwpc.lib(C:\LWPCv21\library\write_mds.for)
0043c7b0       WRITE_MDS
Module: lwpc.lib(C:\LWPCv21\library\lw_step.for)
0043ce20       LW_STEP
Module: lwpc.lib(C:\LWPCv21\library\lw_htgain.for)
0043d950       LW_HTGAIN
Module: C:\win32app\watcom/lib386\math387r.lib(atan387)
0043ea6e*      atan_
0043ea7a*      atan2_
0043ea44*      IF@ATAN
0043ea44*      IF@DATAN
0043ea59       IF@ATAN2
0043ea59       IF@DATAN2
Module: C:\win32app\watcom/lib386/nt\flib7.lib(ifcexp)
0043ea90       IF@CEXP
0043eaf0*      IF@XCEXP
Module: lwpc.lib(C:\LWPCv21\library\read_lwf.for)
0043eb20       READ_LWF
Module: C:\win32app\watcom/lib386\math387r.lib(pow387)
0043f3bb*      pow_
0043f25c       IF@DPOW
0043f25c       IF@POW
Module: C:\win32app\watcom/lib386/nt\clib3r.lib(mthrdini)
0043f3d0       __InitThreadData_
004933a4       ___ThreadDataSize
Module: C:\win32app\watcom/lib386/nt\clib3r.lib(cmain386)
0043f400       __CMain
Module: C:\win32app\watcom/lib386/nt\clib3r.lib(dosseg)
00001234       __DOSseg__
Module: C:\win32app\watcom/lib386/nt\clib3r.lib(save8087)
004933a8       ___Save8087
004933ac       ___Rest8087
Module: C:\win32app\watcom/lib386/nt\clib3r.lib(8087cw)
004933b0       __8087cw
Module: C:\win32app\watcom/lib386/nt\clib3r.lib(init8087)
0043f450       __init_80x87
Module: C:\win32app\watcom/lib386/nt\flib7.lib(csetinfo)
0053aa98       _CharSetInfo
Module: C:\win32app\watcom/lib386/nt\flib7.lib(errmsg)
0043f7b0       _GroupTable
0043f860       _ErrWord
Module: C:\win32app\watcom/lib386/nt\clib3r.lib(nmalloc)
0043fe90       malloc_
0043fea0       _nmalloc_
004933b4       ___nheapbeg
004933b8       ___MiniHeapRover
004933bc       ___LargestSizeB4MiniHeapRover
Module: C:\win32app\watcom/lib386/nt\clib3r.lib(seterrno)
0043ffab       __set_errno_
0043ffb9*      __set_EDOM_
0043ffc7       __set_ERANGE_
0043ffd5*      __set_EINVAL_
0043ffe8       __set_doserrno_
Module: C:\win32app\watcom/lib386/nt\clib3r.lib(nrealloc)
00440000       realloc_
00440010+      _nrealloc_
Module: C:\win32app\watcom/lib386/nt\clib3r.lib(iomode)
00440090       __GetIOMode_
004400b0       __SetIOMode_nogrow_
004933c0       ___NFiles
004933c4       ___init_mode
00493414       ___io_mode
Module: C:\win32app\watcom/lib386/nt\clib3r.lib(stiomode)
004400d0       __grow_iomode_
004401a0+      __shrink_iomode_
004401f0       __SetIOMode_
Module: C:\win32app\watcom/lib386/nt\clib3r.lib(setenvp)
00440270       __setenvp_
00440360       __freeenvp_
Module: C:\win32app\watcom/lib386/nt\clib3r.lib(ustrlen)
004403b4       wcslen_
Module: C:\win32app\watcom/lib386/nt\clib3r.lib(memcpy)
004403d0       memcpy_
Module: C:\win32app\watcom/lib386/nt\clib3r.lib(mem)
00440400       __MemAllocator
004404c0       __MemFree
Module: C:\win32app\watcom/lib386/nt\clib3r.lib(conutwnt)
00440610*      __NTRealKey_
004406c0*      __NTConsoleInput_
004406d0       __NTConsoleOutput_
Module: C:\win32app\watcom/lib386/nt\clib3r.lib(fclex387)
004406e0       _ClearFPE_
Module: C:\win32app\watcom/lib386/nt\clib3r.lib(signlwnt)
00493420+      _SignalTable
004406f0+      __SetSignalFunc_
00440740+      __GetSignalFunc_
00440770+      __GetSignalOSCode_
004407a0+      __CheckSignalExCode_
004408e0+      __sigabort_
004408f0       __sigfpe_handler_
00440940       signal_
00440a00+      raise_
00440a70+      __SigInit_
00440ac0+      __SigFini_
00440b00+      __sig_init_
Module: C:\win32app\watcom/lib386/nt\flib7.lib(fptraps)
00440be0*      __MaskDefaultFPE_
00440c00       FPTrapInit_
00440c50       FPTrapFini_
Module: C:\win32app\watcom/lib386/nt\clib3r.lib(trdlist)
00440c60       __GetThreadData_
00440cb0       __ReallocThreadData_
00440db0       __AddThreadData_
00440e30       __RemoveThreadData_
00440e90       __ResizeThreadDataList_
00440ec0       __FreeThreadDataList_
00440ef0*      __ActiveThreads_
Module: C:\win32app\watcom/lib386/nt\clib3r.lib(memmove)
00440f10       memmove_
Module: C:\win32app\watcom/lib386/nt\clib3r.lib(itoa)
00440f70       utoa_
00440fc0       itoa_
Module: C:\win32app\watcom/lib386/nt\clib3r.lib(ltoa)
00440ff0       ultoa_
00441040       ltoa_
Module: C:\win32app\watcom/lib386/nt\clib3r.lib(initfile)
00441070       __InitFiles_
Module: C:\win32app\watcom/lib386/nt\clib3r.lib(ioexit)
00441110       __full_io_exit_
00441120*      fcloseall_
Module: C:\win32app\watcom/lib386/nt\clib3r.lib(dosret)
00441190*      _dosret0_
004411a0+      _dosretax_
004411b0       __set_errno_dos_
004411e0       __set_errno_nt_
Module: C:\win32app\watcom/lib386/nt\clib3r.lib(stackwnt)
004411f0       stackavail_
Module: C:\win32app\watcom/lib386/nt\clib3r.lib(stk)
00441201*      __CHK
00441211*      __STK
00441230       __STKOVERFLOW_
00441240       __GRO
00441260*      __alloca_probe
Module: C:\win32app\watcom/lib386/nt\clib3r.lib(lseek)
00441280       lseek_
Module: C:\win32app\watcom/lib386/nt\flib7.lib(unfmtin)
004412d0       UnFmtIn_
00441300+      NextUnFmtRec_
Module: C:\win32app\watcom/lib386/nt\flib7.lib(freein)
00441730       GetNum_
004417e0       FreeIn_
004417f0       DoFreeIn_
00441990       BumpComma_
004419c0       Blanks_
004419f0       CheckEor_
Module: C:\win32app\watcom/lib386/nt\clib3r.lib(sprintf)
00442040       sprintf_
Module: C:\win32app\watcom/lib386\math387r.lib(log87e)
00442061       __log87_err_
Module: C:\win32app\watcom/lib386/nt\clib3r.lib(getenv)
004420a0       getenv_
Module: C:\win32app\watcom/lib386/nt\clib3r.lib(gtcwdwnt)
00442110       getcwd_
Module: C:\win32app\watcom/lib386/nt\clib3r.lib(iomodtty)
004421a0       __ChkTTYIOMode_
004421f0       __IOMode_
Module: C:\win32app\watcom/lib386/nt\clib3r.lib(ntdirinf)
00442210       __MakeDOSDT_
00442240*      __FromDOSDT_
00442270*      __GetNTDirInfo_
004422b0*      __NTFindNextFileWithAttr_
Module: C:\win32app\watcom/lib386/nt\clib3r.lib(d2ttime)
00442300       _d2ttime_
Module: C:\win32app\watcom/lib386/nt\clib3r.lib(strerror)
00442370       strerror_
00442390*      _strerror_
00442470*      _doserror_
004935a4+      __sys_errlist
00493648+      __sys_nerr
Module: C:\win32app\watcom/lib386/nt\clib3r.lib(_strcmp)
004424a0       strcmp_
Module: C:\win32app\watcom/lib386/nt\clib3r.lib(mbspbrk)
004425e0       _mbspbrk_
Module: C:\win32app\watcom/lib386/nt\clib3r.lib(mbsinc)
00442630       _mbsinc_
Module: C:\win32app\watcom/lib386/nt\clib3r.lib(chdirwnt)
00442660       chdir_
Module: C:\win32app\watcom/lib386/nt\clib3r.lib(tolower)
00442680       tolower_
Module: C:\win32app\watcom/lib386/nt\clib3r.lib(strncpy)
00442690       strncpy_
Module: C:\win32app\watcom/lib386/nt\clib3r.lib(close)
004426d0       close_
Module: C:\win32app\watcom/lib386/nt\clib3r.lib(openwnt)
004426f0*      open_
00442710       sopen_
Module: C:\win32app\watcom/lib386/nt\flib7.lib(poscc)
00442940*      __LineFeedWithFormFeed_
00442950       FSetCC_
Module: C:\win32app\watcom/lib386/nt\clib3r.lib(unlnkwnt)
004429c0       unlink_
Module: C:\win32app\watcom/lib386/nt\clib3r.lib(chsizwnt)
00442a40       chsize_
Module: C:\win32app\watcom/lib386/nt\clib3r.lib(read)
00442b40       read_
Module: C:\win32app\watcom/lib386/nt\flib7.lib(ifile)
00442cd0       SendIFBuff_
00442d00       NextIFBuff_
Module: C:\win32app\watcom/lib386/nt\flib7.lib(cctrl)
00442d30       CheckCCtrl_
Module: C:\win32app\watcom/lib386/nt\flib7.lib(rdutils)
00442da0       NextRec_
Module: C:\win32app\watcom/lib386/nt\flib7.lib(undefcg)
00442f30       OutLogCG_
00442f40       OutIntCG_
00442f80+      FmtRealCG_
00442fb0+      FmtDoubleCG_
00442fe0+      FmtExtendedCG_
00443010+      UndefRealCG_
00443020+      UndefDoubleCG_
00443030+      UndefExtendedCG_
00443040+      UndefLogCG_
00443050+      UndefIntCG_
00443060+      GetRealCG_
00493654       _FmtRealRtn
00493658       _FmtDoubleRtn
0049365c       _FmtExtendedRtn
00493660       _SendStrRtn
00493664       _UndefRealRtn
00493668       _UndefDoubleRtn
0049366c       _UndefExtendedRtn
00493670       _UndefLogRtn
00493674       _UndefIntRtn
00493678       _GetRealRtn
Module: C:\win32app\watcom/lib386/nt\flib7.lib(rfmtlog)
00443080       R_FmtLog_
Module: C:\win32app\watcom/lib386/nt\clib3r.lib(toupper)
004430b0       toupper_
Module: C:\win32app\watcom/lib386/nt\flib7.lib(fmtcnvt)
004430c0       FmtS2I_
00443200       FmtS2F_
Module: C:\win32app\watcom/lib386/nt\flib7.lib(fmtrtns)
00443630       R_F2E_
004437f0       R_F2F_
004439e0       SetMaxPrec_
Module: C:\win32app\watcom/lib386/nt\flib7.lib(flt86)
004439f0       _P1d100
004439f8       _P1d_99
Module: C:\win32app\watcom/lib386/nt\flib7.lib(hexcnv)
00443a10       Hex_
00443a30*      HSToB_
00443ab0       BToHS_
Module: C:\win32app\watcom/lib386/nt\clib3r.lib(strupr)
00443b00       strupr_
Module: C:\win32app\watcom/lib386/nt\flib7.lib(unfmtutl)
00443b20       _SizeVars
Module: C:\win32app\watcom/lib386/nt\flib7.lib(fmtboth)
00443b30       FEmCode_
00443b40       FEmChar_
00443b50       FEmNum_
00443b60       FEmByte_
00443b70       R_FError_
00443b80       R_FExtension_
Module: C:\win32app\watcom/lib386/nt\flib7.lib(rfmterr)
00443b90       _R_FError_
00443ba0       _R_FExtension_
Module: C:\win32app\watcom/lib386/nt\flib7.lib(exback)
00443c20       RT@IOBack
Module: C:\win32app\watcom/lib386/nt\flib7.lib(subscr)
00443c40       DoSubscript_
Module: C:\win32app\watcom/lib386/nt\flib7.lib(substr)
00443ce0       DoSubstring_
Module: C:\win32app\watcom/lib386/nt\flib7.lib(chrutils)
00443d00       JmpBlanks_
Module: lwpc.lib(C:\LWPCv21\library\prfl_init_table.for)
00443d20       PRFL_INIT_TABLE
Module: C:\win32app\watcom/lib386/nt\flib7.lib(setacc)
004444f0       RT@SetAcc
Module: C:\win32app\watcom/lib386/nt\flib7.lib(setrecl)
00444510       RT@SetRecl
Module: C:\win32app\watcom/lib386/nt\flib7.lib(setrec)
00444560       RT@SetRec
Module: C:\win32app\watcom/lib386/nt\clib3r.lib(ljmphdl)
00493750       ___longjmp_handler
Module: C:\win32app\watcom/lib386\math387r.lib(modf387)
004445b4       modf_
Module: C:\win32app\watcom/lib386/nt\clib3r.lib(chipbug)
004445d0       __verify_pentium_fdiv_bug_
Module: C:\win32app\watcom/lib386/nt\flib7.lib(setactn)
00444630       RT@SetAction
Module: C:\win32app\watcom/lib386\math387r.lib(math87e)
00444656       __math87_err_
Module: C:\win32app\watcom/lib386\math387r.lib(exp387)
00444742*      exp_
004446d8       __@DEXP1
004446e0       IF@EXP
004446e0       IF@DEXP
004446e2       __@DEXP
Module: lwpc.lib(C:\LWPCv21\library\mf_initev.for)
00444750       MF_INITEV
0051e3d0       MF_RSEQ
Module: lwpc.lib(C:\LWPCv21\library\mf_bndrys.for)
00444ac0       MF_BNDRYS
Module: lwpc.lib(C:\LWPCv21\library\mf_which.for)
00445640       MF_WHICH
0051e480       MF_BPTS
Module: lwpc.lib(C:\LWPCv21\library\mf_initoe.for)
004457d0       MF_INITOE
0051e4c0       MF_ROES
Module: lwpc.lib(C:\LWPCv21\library\mf_subdiv.for)
004483e0       MF_SUBDIV
Module: lwpc.lib(C:\LWPCv21\library\mf_initlg.for)
00448750       MF_INITLG
Module: lwpc.lib(C:\LWPCv21\library\mf_fzeros.for)
0044a8f0       MF_FZEROS
Module: lwpc.lib(C:\LWPCv21\library\mf_final.for)
0044c540       MF_FINAL
Module: lwpc.lib(C:\LWPCv21\library\mf_wgsort.for)
0044cb40       MF_WGSORT
Module: lwpc.lib(C:\LWPCv21\library\sw_rplynm.for)
0044e1e0       SW_RPLYNM
00526e40       SW_RPLY
Module: lwpc.lib(C:\LWPCv21\library\sw_iterat.for)
0044e5e0       SW_ITERAT
Module: C:\win32app\watcom/lib386\math387r.lib(ifcdabs)
0044ee57       IF@CDABS
Module: C:\win32app\watcom/lib386\math387r.lib(divc16)
0044ef1b       IF@C16Div
Module: C:\win32app\watcom/lib386\math387r.lib(ifcdsin)
0044f039       IF@CDSIN
Module: C:\win32app\watcom/lib386\math387r.lib(ifcdsqrt)
0044f095       IF@CDSQRT
Module: C:\win32app\watcom/lib386\math387r.lib(ifcdlog)
0044f2d9       IF@CDLOG
Module: C:\win32app\watcom/lib386\math387r.lib(powic16)
0044f32d       IF@C16PowI
Module: C:\win32app\watcom/lib386\math387r.lib(trigh387)
0044f5ee*      sinh_
0044f5e2*      cosh_
0044f5fa*      tanh_
0044f4f0       IF@DSINH
0044f4f0       IF@SINH
0044f524       IF@DCOSH
0044f524*      IF@COSH
0044f55e*      IF@DTANH
0044f55e*      IF@TANH
Module: C:\win32app\watcom/lib386/nt\flib7.lib(_matherr)
0044f610*      __imath2err_
0044f650*      __amath1err_
0044f680*      __amath2err_
0044f6b0       __math2err_
0044f7c0       __math1err_
0044f7d0       __zmath2err_
0044f830       __qmath2err_
Module: C:\win32app\watcom/lib386/nt\clib3r.lib(chipd32)
0044f9af       __fdiv_fpr
0044fe71*      __fdiv_chk
0044fe84       __fdiv_m32
0044fed1       __fdiv_m64
0044ff1e       __fdiv_m32r
0044ff6b       __fdiv_m64r
Module: lwpc.lib(C:\LWPCv21\library\mf_introe.for)
0044ffc0       MF_INTROE
Module: lwpc.lib(C:\LWPCv21\library\mf_lagrng.for)
00450540       MF_LAGRNG
Module: lwpc.lib(C:\LWPCv21\library\mf_integ.for)
00450bb0       MF_INTEG
00527de0       MF_LGFL
00527df0       MF_MMTX
00527e40       MF_XNTG
Module: lwpc.lib(C:\LWPCv21\library\mf_fsintg.for)
00452690       MF_FSINTG
Module: lwpc.lib(C:\LWPCv21\library\mf_rbars.for)
00455aa0       MF_RBARS
Module: lwpc.lib(C:\LWPCv21\library\lw_full_mc.for)
004585e0       LW_FULL_MC
00527e80       MC_STOR
00531de0       WF_INPT
00531e40       @BLANK
Module: lwpc.lib(C:\LWPCv21\library\lw_fast_mc.for)
00459a80       LW_FAST_MC
Module: lwpc.lib(C:\LWPCv21\library\xc_mdhnkl.for)
0045d330       XC_MDHNKL
Module: lwpc.lib(C:\LWPCv21\library\xc_add.for)
0045ee40       XC_ADD
Module: C:\win32app\watcom/lib386/nt\clib3r.lib(chipw32)
0045f1ac       __fpatan_wrap
Module: C:\win32app\watcom/lib386\math387r.lib(pow87e)
0045f1e1       __pow87_err_
Module: C:\win32app\watcom/lib386/nt\clib3r.lib(cinit)
0045f270       __CommonInit_
Module: C:\win32app\watcom/lib386/nt\clib3r.lib(___argc)
0053c440       ____Argc
0053c444       ____Argv
Module: C:\win32app\watcom/lib386/nt\flib7.lib(rtmain)
0045f280       main_
Module: C:\win32app\watcom/lib386/nt\clib3r.lib(nmemneed)
0045f2a0       __nmemneed_
Module: C:\win32app\watcom/lib386/nt\clib3r.lib(grownear)
0045f3d0       __ExpandDGROUP_
Module: C:\win32app\watcom/lib386/nt\clib3r.lib(nmsize)
0045f440*      _msize_
0045f450       _nmsize_
Module: C:\win32app\watcom/lib386/nt\clib3r.lib(nexpand)
0045f460*      _expand_
0045f470+      __HeapManager_expand_
0045f630       _nexpand_
Module: C:\win32app\watcom/lib386/nt\clib3r.lib(dofilstr)
0045f680       __ParsePosixHandleStr_
Module: C:\win32app\watcom/lib386/nt\clib3r.lib(clearenv)
0045f7a0       clearenv_
Module: C:\win32app\watcom/lib386/nt\clib3r.lib(abort)
0045f834*      abort_
0045f83f       __terminate_
0049409c       ___abort
Module: C:\win32app\watcom/lib386/nt\clib3r.lib(cntrl87)
0045f860       _control87_
Module: C:\win32app\watcom/lib386/nt\clib3r.lib(mthread)
0045fa20+      __CloseSemaphore_
0045fa30+      __AccessSemaphore_
0045fa90+      __ReleaseSemaphore_
0045faf0+      __AccessIOB_
0045fb00+      __ReleaseIOB_
0045fb10+      __AccessFileH_
0045fb20+      __ReleaseFileH_
0045fb30+      __AccessNHeap_
0045fb40+      __ReleaseNHeap_
0045fb50+      __AccessFHeap_
0045fb60+      __ReleaseFHeap_
0045fb70+      __AccessTDList_
0045fb80+      __ReleaseTDList_
0045fb90+      __AccessFList_
0045fba0+      __ReleaseFList_
0045fbb0+      __MultipleThread_
0045fc00+      __AllocInitThreadData_
0045fc50*      __FreeInitThreadData_
0045fc60       __NTThreadInit_
0045fcf0       __NTAddThread_
0045fd40       __NTRemoveThread_
0045fde0       __InitMultipleThread_
004940a0+      ___AccessSema4
004940a4+      ___ReleaseSema4
004940a8+      ___CloseSema4
Module: C:\win32app\watcom/lib386/nt\clib3r.lib(xmsgwnt)
0045ffe0+      __exit_with_msg_
00460020       __fatal_runtime_error_
Module: C:\win32app\watcom/lib386/nt\clib3r.lib(calloc)
00460040       calloc_
Module: C:\win32app\watcom/lib386/nt\clib3r.lib(register)
00460070       __initthread_
00460080*      _beginthread_
00460090       _endthread_
004600a0*      __RegisterThreadData_
Module: C:\win32app\watcom/lib386/nt\clib3r.lib(alphabet)
0048ec44       ___Alphabet
Module: C:\win32app\watcom/lib386/nt\clib3r.lib(freefp)
004600f0       __freefp_
00460140       __purgefp_
Module: C:\win32app\watcom/lib386/nt\clib3r.lib(fclose)
00460170*      fclose_
004601c0       __shutdown_stream_
004601e0+      __doclose_
0053cbb4+      ___RmTmpFileFn
Module: C:\win32app\watcom/lib386/nt\clib3r.lib(lseekwnt)
00460280       __lseek_
Module: C:\win32app\watcom/lib386/nt\clib3r.lib(vsprintf)
004602e0       vsprintf_
Module: C:\win32app\watcom/lib386/nt\clib3r.lib(mbsnicmp)
00460300       _mbsnicmp_
Module: C:\win32app\watcom/lib386/nt\clib3r.lib(isattwnt)
00460390       isatty_
Module: C:\win32app\watcom/lib386/nt\clib3r.lib(mktime)
004603c0       mktime_
Module: C:\win32app\watcom/lib386/nt\clib3r.lib(mbterm)
00460570       _mbterm_
Module: C:\win32app\watcom/lib386/nt\clib3r.lib(mbsnextc)
004605b0       _mbsnextc_
Module: C:\win32app\watcom/lib386/nt\clib3r.lib(mbschr)
004605f0       _mbschr_
Module: C:\win32app\watcom/lib386/nt\clib3r.lib(mbisdbcs)
0053cbb8       ___IsDBCS
Module: C:\win32app\watcom/lib386/nt\clib3r.lib(mbislead)
00460650*      _ismbblead_
0053cbbc       ___MBCSIsTable
Module: C:\win32app\watcom/lib386/nt\clib3r.lib(_clsewnt)
00460670       __close_
Module: C:\win32app\watcom/lib386/nt\clib3r.lib(ntfio)
004606d0*      __GetNTCreateAttr_
00460710       __GetNTAccessAttr_
00460740       __GetNTShareAttr_
Module: C:\win32app\watcom/lib386/nt\clib3r.lib(umaskval)
004940b8       ___umaskval
Module: C:\win32app\watcom/lib386/nt\flib7.lib(expchk)
004607a0       ToFFormat_
Module: C:\win32app\watcom/lib386/nt\flib7.lib(intarith)
004607f0       AddIOFlo_
00460800*      SubIOFlo_
00460810       MulIOFlo_
Module: C:\win32app\watcom/lib386\math387r.lib(strtod)
0046081f+      __Strtold_
004609ee       strtod_
Module: C:\win32app\watcom/lib386\math387r.lib(ldcvt)
00460bc4       _LDScale10x_
00461220       __LDcvt_
Module: lwpc.lib(C:\LWPCv21\library\prfl_read_table.for)
00461680       PRFL_READ_TABLE
Module: lwpc.lib(C:\LWPCv21\library\mf_brncpt.for)
00461c10       MF_BRNCPT
Module: lwpc.lib(C:\LWPCv21\library\mf_xfer.for)
00462720       MF_XFER
Module: lwpc.lib(C:\LWPCv21\library\mf_emtrx.for)
004627b0       MF_EMTRX
005342d0       MF_EMTX
Module: lwpc.lib(C:\LWPCv21\library\mf_roemtx.for)
00463d30       MF_ROEMTX
005343d0       MF_OEMX
Module: lwpc.lib(C:\LWPCv21\library\mf_rmtrx.for)
00464fd0       MF_RMTRX
Module: lwpc.lib(C:\LWPCv21\library\mf_fctval.for)
004661e0       MF_FCTVAL
Module: C:\win32app\watcom/lib386\math387r.lib(ifcdcos)
00466594       IF@CDCOS
Module: lwpc.lib(C:\LWPCv21\library\sw_integ.for)
00466600       SW_INTEG
00534460       SW_MMTX
Module: C:\win32app\watcom/lib386/nt\flib7.lib(ifdint)
00466f40       IF@DINT
00466fa0*      IF@XDINT
Module: lwpc.lib(C:\LWPCv21\library\sw_fctval.for)
00466fb0       SW_FCTVAL
Module: lwpc.lib(C:\LWPCv21\library\mf_smtrx.for)
004672c0       MF_SMTRX
00534500       MF_SMTX
005345a0       MF_TMTX
Module: lwpc.lib(C:\LWPCv21\library\mf_initr.for)
00467ab0       MF_INITR
Module: lwpc.lib(C:\LWPCv21\library\mf_cheklg.for)
00469e90       MF_CHEKLG
005345f0       MF_RMTX
Module: lwpc.lib(C:\LWPCv21\library\mf_rderiv.for)
0046a340       MF_RDERIV
Module: lwpc.lib(C:\LWPCv21\library\mf_xderiv.for)
0046b4c0       MF_XDERIV
Module: lwpc.lib(C:\LWPCv21\library\mf_finllg.for)
0046bba0       MF_FINLLG
Module: lwpc.lib(C:\LWPCv21\library\mf_mdhnkl.for)
0046bd90       MF_MDHNKL
Module: lwpc.lib(C:\LWPCv21\library\wf_driver.for)
0046d3a0       WF_DRIVER
00534670       WF_GRND
00534720       WF_MMTX
005347b0       WF_PMTX
005349f0       WF_RMTX
00534a50       WF_SAVE
00534b40       WF_TMTX
Module: lwpc.lib(C:\LWPCv21\library\mc_p_integ.for)
0046ebc0       MC_P_INTEG
Module: lwpc.lib(C:\LWPCv21\library\xc_norme.for)
0046f150       XC_NORME
Module: lwpc.lib(C:\LWPCv21\library\clineq.for)
0046f440       CLINEQ
Module: C:\win32app\watcom/lib386\math387r.lib(ifcdexp)
00470248       IF@CDEXP
Module: C:\win32app\watcom/lib386/nt\clib3r.lib(chipa32)
004702b0       __fpatan_chk
Module: C:\win32app\watcom/lib386/nt\clib3r.lib(argcv)
0053d880       __argc
0053d884       __argv
0053d888       ___argv
0053d88c       ___argc
Module: C:\win32app\watcom/lib386/nt\clib3r.lib(heapen)
004704c0*      _heapenable_
00494684       ___heap_enabled
Module: C:\win32app\watcom/lib386/nt\clib3r.lib(nheapmin)
004704f0       _heapshrink_
00470500*      _heapmin_
00470510*      _nheapmin_
004705c0       _nheapshrink_
Module: C:\win32app\watcom/lib386/nt\clib3r.lib(amblksiz)
00494688       __amblksiz
Module: C:\win32app\watcom/lib386/nt\clib3r.lib(strtol)
004707c0*      strtoul_
004707d0       strtol_
Module: C:\win32app\watcom/lib386/nt\clib3r.lib(putenv)
00470840       putenv_
00470a00       __putenv_
Module: C:\win32app\watcom/lib386/nt\clib3r.lib(trdalloc)
00470c80       __FiniThreadProcessing_
Module: C:\win32app\watcom/lib386/nt\clib3r.lib(thredwnt)
00470d80       __CBeginThread_
00470e20       __CEndThread_
Module: C:\win32app\watcom/lib386/nt\clib3r.lib(flush)
00470e60       __flush_
Module: C:\win32app\watcom/lib386/nt\clib3r.lib(prtf)
00470f70       __prtf_
Module: C:\win32app\watcom/lib386/nt\clib3r.lib(mbcicmp)
00471e00       _mbcicmp_
Module: C:\win32app\watcom/lib386/nt\clib3r.lib(timeutil)
00471e60       __leapyear_
00471fe0       __isindst_
0048fa08       ___diyr
0048fa22       ___dilyr
Module: C:\win32app\watcom/lib386/nt\clib3r.lib(gmtime)
00472390       __brktime_
00472490+      _gmtime_
004724b0*      gmtime_
Module: C:\win32app\watcom/lib386/nt\clib3r.lib(tzset)
00494718       ___start_dst
0049473c       ___end_dst
00494864*      _tzname
0049486c       _timezone
00494870       _daylight
00494874       ___dst_adjust
004724d0*      __DontCacheOSTZ_
004724f0*      __CacheOSTZ_
00472770+      __parse_tz_
004729e0       tzset_
Module: C:\win32app\watcom/lib386/nt\clib3r.lib(mbconv)
00472a10       _mbvtop_
Module: C:\win32app\watcom/lib386/nt\clib3r.lib(mbclen)
00472a30       _mbclen_
Module: C:\win32app\watcom/lib386/nt\clib3r.lib(mbccmp)
00472a60       _mbccmp_
Module: C:\win32app\watcom/lib386/nt\clib3r.lib(mbinit)
00472ac0       __mbinit_
0049487c       ___MBCodePage
Module: C:\win32app\watcom/lib386/nt\clib3r.lib(bufld386)
00472c40       __ZBuf2LD
Module: C:\win32app\watcom/lib386/nt\clib3r.lib(hugeval)
00494f8c       __HugeValue
Module: C:\win32app\watcom/lib386\math387r.lib(ldclass)
00472cf0       __LDClass_
Module: lwpc.lib(C:\LWPCv21\library\sw_smatrx.for)
00472d40       SW_SMATRX
Module: lwpc.lib(C:\LWPCv21\library\sw_initlr.for)
00473700       SW_INITLR
Module: lwpc.lib(C:\LWPCv21\library\sw_drvequ.for)
00474f10       SW_RDERIV
Module: lwpc.lib(C:\LWPCv21\library\sw_rbars.for)
00476370       SW_RBARS
Module: lwpc.lib(C:\LWPCv21\library\sw_uspoly.for)
00477da0       SW_USPOLY
Module: lwpc.lib(C:\LWPCv21\library\mf_tmtrx.for)
00478370       MF_TMTRX
Module: lwpc.lib(C:\LWPCv21\library\mf_quartc.for)
00478e50       MF_QUARTC
Module: lwpc.lib(C:\LWPCv21\library\mf_lgtori.for)
00479e20       MF_LGTORI
Module: lwpc.lib(C:\LWPCv21\library\mf_todlgs.for)
0047a160       MF_TODLGS
Module: lwpc.lib(C:\LWPCv21\library\wf_itrate.for)
0047a3e0       WF_ITRATE
Module: lwpc.lib(C:\LWPCv21\library\wf_bndy.for)
0047abe0       WF_BNDY
Module: lwpc.lib(C:\LWPCv21\library\wf_htgain.for)
0047b630       WF_HTGAIN
Module: lwpc.lib(C:\LWPCv21\library\wf_ma2.for)
0047c780       WF_MA2
Module: lwpc.lib(C:\LWPCv21\library\wf_load.for)
0047ca90       WF_LOAD
00534c60       WF_PETC
Module: C:\win32app\watcom/lib386/nt\clib3r.lib(initargv)
0047cb40       __Init_Argv_
0047cb90+      _getargv_
0047cd30       __Fini_Argv_
Module: C:\win32app\watcom/lib386/nt\clib3r.lib(mbslen)
0047cd50       _mbslen_
Module: C:\win32app\watcom/lib386/nt\clib3r.lib(mbstowcs)
0047cd80       mbstowcs_
Module: C:\win32app\watcom/lib386/nt\clib3r.lib(uputenv)
0047ce00*      _wputenv_
0047cf80       __wputenv_
Module: C:\win32app\watcom/lib386/nt\clib3r.lib(fsync)
0047d130       fsync_
Module: C:\win32app\watcom/lib386/nt\clib3r.lib(qwrit)
0047d180       __qwrite_
Module: C:\win32app\watcom/lib386/nt\clib3r.lib(wctomb)
0047d270       wctomb_
Module: C:\win32app\watcom/lib386/nt\clib3r.lib(noefgfmt)
00494adc       ___EFG_printf
00494ae0*      ___EFG_scanf
Module: C:\win32app\watcom/lib386/nt\clib3r.lib(lltoa)
0047d2d0       ulltoa_
0047d340*      lltoa_
Module: C:\win32app\watcom/lib386/nt\clib3r.lib(mbccpy)
0047d370       _mbccpy_
Module: C:\win32app\watcom/lib386/nt\clib3r.lib(mbsupr)
0047d3b0       _mbsupr_
Module: C:\win32app\watcom/lib386/nt\clib3r.lib(wcstombs)
0047d3d0       wcstombs_
Module: lwpc.lib(C:\LWPCv21\library\sw_quartc.for)
0047d490       SW_QUARTC
Module: lwpc.lib(C:\LWPCv21\library\wf_integ.for)
0047e200       WF_INTEG
Module: lwpc.lib(C:\LWPCv21\library\wf_f_fnctn.for)
0047ece0       WF_F_FNCTN
Module: lwpc.lib(C:\LWPCv21\library\wf_xfer.for)
0047eeb0       WF_XFER
Module: C:\win32app\watcom/lib386/nt\clib3r.lib(histsplt)
0053ea34       ___historical_splitparms
Module: C:\win32app\watcom/lib386/nt\clib3r.lib(mbtowc)
0047ef40       mbtowc_
Module: C:\win32app\watcom/lib386/nt\clib3r.lib(ustrchr)
0047efcf       wcschr_
Module: C:\win32app\watcom/lib386/nt\clib3r.lib(setenvar)
0047eff0       __lib_SetEnvironmentVariableW_
Module: C:\win32app\watcom/lib386/nt\clib3r.lib(crtwenv)
0047f0e0       __create_wide_environment_
Module: C:\win32app\watcom/lib386/nt\clib3r.lib(utoupper)
0047f148       towupper_
Module: lwpc.lib(C:\LWPCv21\library\wf_t_mtrx.for)
0047f160       WF_T_MTRX
Module: lwpc.lib(C:\LWPCv21\library\wf_init.for)
00480860       WF_INIT
Module: lwpc.lib(C:\LWPCv21\library\wf_p_deriv.for)
00481940       WF_P_DERIV
Module: lwpc.lib(C:\LWPCv21\library\wf_ti_mtrx.for)
00481d80       WF_TI_MTRX
Module: lwpc.lib(C:\LWPCv21\library\wf_store.for)
00482150       WF_STORE
Module: lwpc.lib(C:\LWPCv21\library\wf_step.for)
004822a0       WF_STEP
Module: lwpc.lib(C:\LWPCv21\library\wf_scale.for)
004829c0       WF_SCALE
Module: lwpc.lib(C:\LWPCv21\library\wf_r_mtrx.for)
00482e40       WF_R_MTRX
Module: lwpc.lib(C:\LWPCv21\library\wf_rbars.for)
004834b0       WF_RBARS
Module: lwpc.lib(C:\LWPCv21\library\wf_quartc.for)
00484810       WF_QUARTC


                        +----------------------+
                        |   Imported Symbols   |
                        +----------------------+

Symbol                              Module
======                              ======

_GetEnvironmentStrings@0            KERNEL32.DLL
_GetVersion@0                       KERNEL32.DLL
_GetModuleFileNameA@12              KERNEL32.DLL
_GetCommandLineA@0                  KERNEL32.DLL
_GetCommandLineW@0                  KERNEL32.DLL
_FreeEnvironmentStringsA@4          KERNEL32.DLL
_GetModuleHandleA@4                 KERNEL32.DLL
_ExitProcess@4                      KERNEL32.DLL
_MessageBoxA@16                     USER32.DLL
_SetStdHandle@8                     KERNEL32.DLL
_CreateEventA@16                    KERNEL32.DLL
_GetStdHandle@4                     KERNEL32.DLL
_CloseHandle@4                      KERNEL32.DLL
_GetModuleFileNameW@12              KERNEL32.DLL
_MultiByteToWideChar@24             KERNEL32.DLL
_LoadLibraryA@4                     KERNEL32.DLL
_GetProcAddress@8                   KERNEL32.DLL
_WriteFile@20                       KERNEL32.DLL
_SetUnhandledExceptionFilter@4      KERNEL32.DLL
_UnhandledExceptionFilter@4         KERNEL32.DLL
_VirtualQuery@12                    KERNEL32.DLL
_SetFilePointer@16                  KERNEL32.DLL
_GetLastError@0                     KERNEL32.DLL
_GetFileType@4                      KERNEL32.DLL
_GetFileAttributesA@4               KERNEL32.DLL
_GetFullPathNameA@16                KERNEL32.DLL
_GetFileInformationByHandle@8       KERNEL32.DLL
_GetFileTime@16                     KERNEL32.DLL
_GetFileSize@8                      KERNEL32.DLL
_CreateFileA@28                     KERNEL32.DLL
_FindFirstFileA@8                   KERNEL32.DLL
_FindClose@4                        KERNEL32.DLL
_GetLocalTime@4                     KERNEL32.DLL
_RtlUnwind@16                       KERNEL32.DLL
_GetCurrentThreadId@0               KERNEL32.DLL
_SetConsoleCtrlHandler@8            KERNEL32.DLL
_TlsGetValue@4                      KERNEL32.DLL
_TlsSetValue@8                      KERNEL32.DLL
_GetCurrentDirectoryA@8             KERNEL32.DLL
_FileTimeToLocalFileTime@8          KERNEL32.DLL
_FileTimeToDosDateTime@12           KERNEL32.DLL
_DosDateTimeToFileTime@12           KERNEL32.DLL
_LocalFileTimeToFileTime@8          KERNEL32.DLL
_FindNextFileA@8                    KERNEL32.DLL
_FormatMessageA@28                  KERNEL32.DLL
_SetCurrentDirectoryA@4             KERNEL32.DLL
_DeleteFileA@4                      KERNEL32.DLL
_SetEndOfFile@4                     KERNEL32.DLL
_ReadFile@20                        KERNEL32.DLL
_VirtualAlloc@16                    KERNEL32.DLL
_InitializeCriticalSection@4        KERNEL32.DLL
_DeleteCriticalSection@4            KERNEL32.DLL
_EnterCriticalSection@4             KERNEL32.DLL
_LeaveCriticalSection@4             KERNEL32.DLL
_SetLastError@4                     KERNEL32.DLL
_TlsAlloc@0                         KERNEL32.DLL
_TlsFree@4                          KERNEL32.DLL
_VirtualFree@12                     KERNEL32.DLL
_SetEnvironmentVariableA@8          KERNEL32.DLL
_GetCurrentThread@0                 KERNEL32.DLL
_CreateThread@24                    KERNEL32.DLL
_ResumeThread@4                     KERNEL32.DLL
_ExitThread@4                       KERNEL32.DLL
_GetTimeZoneInformation@4           KERNEL32.DLL
_GetOEMCP@0                         KERNEL32.DLL
_GetCPInfo@8                        KERNEL32.DLL
_GetACP@0                           KERNEL32.DLL
_FlushFileBuffers@4                 KERNEL32.DLL
_WideCharToMultiByte@32             KERNEL32.DLL
_CharUpperA@4                       USER32.DLL
_SetEnvironmentVariableW@8          KERNEL32.DLL


                        +--------------------+
                        |   Libraries Used   |
                        +--------------------+

C:\win32app\watcom/lib386/nt\kernel32.lib
C:\win32app\watcom/lib386/nt\user32.lib
lwpc.lib
C:\win32app\watcom/lib386/nt\flib7.lib
C:\win32app\watcom/lib386\math387r.lib
C:\win32app\watcom/lib386/nt\clib3r.lib


                        +-----------------------+
                        |   Linker Statistics   |
                        +-----------------------+

Stack size:  00010000 (65536.)
Memory size:  0038b39e (3715998.)
Entry point address: 0040ee64
Link time: 00:00.04
