Open Watcom Linker Version 1.3
Portions Copyright (c) 1985-2002 Sybase, Inc. All Rights Reserved.
Created on:       05/05/15 14:46:20
Executable Image: scan.exe
creating a Windows NT character-mode executable


                        +------------+
                        |   Groups   |
                        +------------+

Group                           Address              Size
=====                           =======              ====

.idata                          0041b000             000007a8
DGROUP                          0041c000             000308b0



                        +--------------+
                        |   Segments   |
                        +--------------+

Segment                Class          Group          Address         Size
=======                =====          =====          =======         ====

BEGTEXT                CODE           AUTO           00401000        00000007
_TEXT                  CODE           AUTO           00401010        000193a8
TRANSFER CODE          CODE           AUTO           0041a3b8        000001a4
.idata                 .idata         .idata         0041b000        000007a8
_NULL                  BEGDATA        DGROUP         0041c000        00000004
_AFTERNULL             BEGDATA        DGROUP         0041c004        00000000
CONST                  DATA           DGROUP         0041c010        000016b8
_DATA                  DATA           DGROUP         0041d6d0        000014b0
GDATA@1                DATA           DGROUP         0041eb80        000000b4
CONST2                 DATA           DGROUP         0041ec34        0000010c
GDATA@0                DATA           DGROUP         0041ed40        00000031
XIB                    DATA           DGROUP         0041ed72        00000000
XI                     DATA           DGROUP         0041ed72        00000048
XIE                    DATA           DGROUP         0041edba        00000000
YIB                    DATA           DGROUP         0041edba        00000000
YI                     DATA           DGROUP         0041edba        0000002a
YIE                    DATA           DGROUP         0041ede4        00000000
TIB                    DATA           DGROUP         0041ede4        00000000
TI                     DATA           DGROUP         0041ede4        00000000
TIE                    DATA           DGROUP         0041ede4        00000000
DATA                   DATA           DGROUP         0041ede4        00000000
DATA32                 DATA           DGROUP         0041ede4        0000011c
LWPC_LUN               LWPC_LUN       DGROUP         0041ef00        0000004c
LWPC_CFG               LWPC_CFG       DGROUP         0041f010        00000a87
C_2_FOR                C_2_FOR        DGROUP         0041faa0        000000c8
SYS_ERROR              SYS_ERROR      DGROUP         0041fb70        000000f0
GRAPHICS               GRAPHICS       DGROUP         0041fc60        00000574
CONST32                CONST          DGROUP         004201d4        00000000
_BSS                   BSS            DGROUP         004201e0        0000133c
GDATA@0                BSS            DGROUP         00421520        0001afe8
GDATA@2                BSS            DGROUP         0043c510        00000298
GDATA@1                BSS            DGROUP         0043c7b0        00000100
BSS32                  BSS            DGROUP         0043c8b0        00000000
STACK                  STACK          DGROUP         0043c8b0        00010000


                        +----------------+
                        |   Memory Map   |
                        +----------------+

* = unreferenced symbol
+ = symbol only referenced locally

Address        Symbol
=======        ======

Module: scan.obj(C:\LWPCv21\scan.for)
00401010       FMAIN
0041ef00       LWPC_LUN
Module: C:\win32app\watcom/lib386/nt\flib7.lib(settrace)
00402380       RT@SetLine
004023a0       RT@SetModule
Module: lwpc.lib(C:\LWPCv21\library\lwpc_dat_loc.for)
00402410       LWPC_DAT_LOC
0041f010*      LWPC_CFG
Module: lwpc.lib(C:\LWPCv21\library\get_command_line.for)
00402570       GET_COMMAND_LINE
Module: lwpc.lib(C:\LWPCv21\library\decode_list_str.for)
004025d0       DECODE_LIST_STR
Module: lwpc.lib(C:\LWPCv21\library\str_length.for)
00402780       STR_LENGTH
Module: lwpc.lib(C:\LWPCv21\library\decode_list_int.for)
00402840       DECODE_LIST_INT
Module: C:\win32app\watcom/lib386/nt\flib7.lib(rmove)
00402a80       RT@Move
Module: C:\win32app\watcom/lib386/nt\flib7.lib(setunit)
00402ae0       RT@SetUnit
Module: C:\win32app\watcom/lib386/nt\flib7.lib(setfile)
00402b30       RT@SetFile
Module: C:\win32app\watcom/lib386/nt\flib7.lib(setstat)
00402b50       RT@SetStat
Module: C:\win32app\watcom/lib386/nt\flib7.lib(exopen)
004032f0       RT@IOOpen
0041d94c+      _AccModTab
0041d95c+      _FormTab
0041d968+      _OpStatTab
0041d97c+      _BlnkTab
0041d988+      _RecFmTab
0041d998+      _CCtrlTab
0041d9a4+      _ActionTab
0041d9b4+      _ShareTab
Module: C:\win32app\watcom/lib386/nt\flib7.lib(setfmt)
00403310       RT@SetFmt
Module: C:\win32app\watcom/lib386/nt\flib7.lib(cowrite)
00403330       RT@IOWrite
0040333f*      RT@OutLOG1
00403351*      RT@OutLOG4
0040335f*      RT@OutINT1
00403371*      RT@OutINT2
00403381       RT@OutINT4
00403390       RT@OutREAL
004033a0*      RT@OutDBLE
004033b0*      RT@OutXTND
004033c0       RT@OutCPLX
004033d6*      RT@OutDBCX
004033ec*      RT@OutXTCX
00403402       RT@OutCHAR
00403407*      RT@OutSTR
0040340c*      RT@PrtArr
00403411*      RT@PrtChArr
Module: C:\win32app\watcom/lib386/nt\flib7.lib(cortns)
00403421*      SwitchToGen
0040343f       SwitchToRT
0040345d       RdWrCommon
00403501       IOType_
0040351f       IOChar
0040353a       IOStr
0040354f       IOArr
0040356a       IOChArr
0040358c       RT@EndIO
Module: C:\win32app\watcom/lib386/nt\flib7.lib(setend)
004035a0       RT@SetEnd
Module: C:\win32app\watcom/lib386/nt\flib7.lib(coread)
004035af       RT@IORead
004035be*      RT@InpLOG1
004035cd*      RT@InpLOG4
004035dc*      RT@InpINT1
004035eb*      RT@InpINT2
004035fa       RT@InpINT4
00403609       RT@InpREAL
00403618*      RT@InpDBLE
00403627*      RT@InpXTND
00403636       RT@InpCPLX
00403645*      RT@InpDBCX
00403654*      RT@InpXTCX
00403663       RT@InpCHAR
00403668*      RT@InpSTR
0040366d*      RT@InpArr
00403672       RT@InpChArr
Module: C:\win32app\watcom/lib386/nt\flib7.lib(stop)
004036a0       RT@Stop
0041d9ec+      LG@STOP_HOOK
Module: C:\win32app\watcom/lib386/nt\flib7.lib(lexcmp)
00403730+      LexStrCmp_
00403790       RT@LexCmp
Module: C:\win32app\watcom/lib386/nt\flib7.lib(setform)
004037b0       RT@SetForm
Module: lwpc.lib(C:\LWPCv21\library\read_hdr.for)
004037d0       READ_HDR
Module: lwpc.lib(C:\LWPCv21\library\read_mds.for)
00403f30       READ_MDS
Module: C:\win32app\watcom/lib386/nt\flib7.lib(exclose)
00404530       RT@IOClose
Module: lwpc.lib(C:\LWPCv21\library\read_lwf.for)
00404550       READ_LWF
Module: lwpc.lib(C:\LWPCv21\library\read_grd.for)
00404c90       READ_GRD
Module: C:\win32app\watcom/lib386\math387r.lib(fchop)
004056f4       __CHP
Module: C:\win32app\watcom/lib386/nt\clib3r.lib(cstrtwnt)
0040570c       _cstart_
0040570c*      mainCRTStartup
Module: C:\win32app\watcom/lib386/nt\clib3r.lib(_8087)
0041db04       __8087
0041db05       __real87
Module: C:\win32app\watcom/lib386/nt\flib7.lib(initeng)
004203fc       __init_english
Module: C:\win32app\watcom/lib386/nt\flib7.lib(initerr)
00420400       __init_error
Module: C:\win32app\watcom/lib386/nt\clib3r.lib(mainwnt)
00420404       ___Is_DLL
0041db08       ___TlsIndex
0041db0c       ___FirstThreadData
0041db10       ___GetThreadPtr
0041db14       __AccessFileH
0041db18       __ReleaseFileH
0041db1c       __AccessIOB
0041db20       __ReleaseIOB
0041db24       __AccessNHeap
0041db28       __AccessFHeap
0041db2c       __ReleaseNHeap
00405770*      __threadid_
004057e0+      __sig_null_rtn_
004057f0+      __NTInit_
004059f0+      __NTFini_
00405a50       __NTMainInit_
00405ab0       __exit_
0041db30       __ReleaseFHeap
0041db34       __AccessTDList
0041db38       __ReleaseTDList
0041db3c       __AccessFList
0041db40       __ReleaseFList
0041db44       __ThreadExitRtn
0041db48       ___sig_init_rtn
0041db4c       ___sig_fini_rtn
0041db50       ___process_fini
Module: C:\win32app\watcom/lib386/nt\flib7.lib(rtinit)
0041db54       ___FAppType
0041db58       __ExceptionInit
0041db5c       __ExceptionFini
00405b10*      __InitFThreadData_
00405b50+      RTSysFini_
00405b60       RTSysInit_
0041db64       __AccessFIO
0041db68       __ReleaseFIO
0041db6c       __PartialReleaseFIO
00420a28       ___FThreadDataOffset
0041ed8a*      ___fthread_data_size
Module: C:\win32app\watcom/lib386/nt\flib7.lib(errutil)
00405bc0       BldErrCode_
00405c20*      MsgFormat_
00405c50       MsgBuffer_
0041db70+      _PGrpCodes
Module: C:\win32app\watcom/lib386/nt\flib7.lib(stdio)
00405c90       StdBuffer_
00405cb0       StdFlush_
00405ce0       StdWrite_
00405dc0       StdWriteNL_
Module: C:\win32app\watcom/lib386/nt\flib7.lib(rterr)
0041df7c       _TraceRoutine
00405e10       RTErr_
00405e40       ErrHandler_
00405e80+      WriteErr_
00405f30       FlushStdUnit_
0041df88+      LG@ERR_HOOK
Module: C:\win32app\watcom/lib386/nt\flib7.lib(seterr)
00405f80       RT@SetErr
Module: lwpc.lib(C:\LWPCv21\library\get_delimiter.for)
00405f90       GET_DELIMITER
Module: lwpc.lib(C:\LWPCv21\library\lwpc_error.for)
00406000       LWPC_ERROR
0041faa0*      C_2_FOR
0041fb70       SYS_ERROR
0041fc60*      GRAPHICS
Module: C:\win32app\watcom/lib386/nt\flib7.lib(fgetcmd)
004061d0       FGETCMD
Module: C:\win32app\watcom/lib386/nt\flib7.lib(setintl)
00406210       RT@SetIntl
Module: lwpc.lib(C:\LWPCv21\library\str_count_list.for)
00406240       STR_COUNT_LIST
Module: lwpc.lib(C:\LWPCv21\library\str_get_item.for)
004063d0       STR_GET_ITEM
Module: C:\win32app\watcom/lib386/nt\flib7.lib(rfmtinit)
00406670*      RT@FmtAScan
004066a0       RT@FmtScan
Module: C:\win32app\watcom/lib386/nt\clib3r.lib(memset)
00406750       memset_
Module: C:\win32app\watcom/lib386/nt\flib7.lib(setiocb)
00406770       __SetIOCB_
00406780       RT@SetIOCB
Module: C:\win32app\watcom/lib386/nt\flib7.lib(rdata)
00420a68       _IORslt
00420a78       _Fmt_revert
00420a7c       _Fmt_paren_level
00420a80       _Fmt_charptr
00420a84       _Fmt_end
00420a88       _Fmt_rep_spec
00420a8c       _FmtEmTab
00420a90       _FmtBuff
00420a94*      _Fmt_start
00420a98       _IOTypeRtn
00420a9c       _FmtRoutine
00420aa0       _IOCB
00420aa4       _Files
00420aa8       _Fmt_delimited
Module: C:\win32app\watcom/lib386/nt\flib7.lib(rtutls)
00406830       FindFtnFile_
00406920       RChkAlloc_
00406950       F_Connect_
004069d0       ConnectFile_
004069e0       GetFileInfo_
00406ad0+      ChkFileName_
00406b00+      ChkLogFile_
00406b40       DiscoFile_
00406bc0       ChkIOOperation_
00406c00       GetIOErr_
00406c10       ChkIOErr_
00406c30       ChkUnitId_
00406c70*      ChkConnected_
00406c90       SetEOF_
00406cc0       ClearEOF_
00406d10       SysEOF_
00406d40       IsFixed_
00406d50       IsCarriage_
00406d60*      ChkRecordStructure_
00406d90*      ChkSequential_
00406db0*      ChkExist_
00406de0       StrItem_
Module: C:\win32app\watcom/lib386/nt\flib7.lib(exutil)
00406e60       FindKWord_
00406ee0*      ClrBuff_
0041e05c       _SpecId
Module: C:\win32app\watcom/lib386/nt\flib7.lib(ioerr)
00406f20       IOErr_
Module: C:\win32app\watcom/lib386/nt\flib7.lib(rtsysutl)
00406fd0       GetSysIOInfo_
00406ff0       GetSysFileInfo_
00407020       IsDevice_
004071e0       OpenAction_
00407220+      DfltRecType_
00407240+      _FileAttrs_
00407300       CloseFile_
00407370       Scrtched_
00407390       CloseDeleteFile_
004073e0       Errf_
00407400       FPutBuff_
00407470       FGetBuff_
004074c0       SeekFile_
004074e0       NoEOF_
00407500       SysClearEOF_
00407510       SameFile_
00407520*      Rewindf_
00407540       SysCreateFile_
00407580       CheckLogicalRecord_
004075a0       SkipLogicalRecord_
004075c0*      BackSpacef_
004075f0*      EndFilef_
00407630       GetIOErrMsg_
00407670       ReportNExist_
00407690       ReportEOF_
004076a0*      WaitForEnter_
Module: C:\win32app\watcom/lib386/nt\flib7.lib(runmain)
004076b0*      __InitUnit6CC_
004076c0       __DevicesCC_
004076d0*      __InitAllowCommaSeparator_
004076e0       __AllowCommaSep_
004076f0+      _InitIO_
00407760+      CloseAllFiles_
004077a0*      _FiniEx_
004077e0       RunEntry_
00407810       RunExit_
Module: C:\win32app\watcom/lib386/nt\flib7.lib(rdwr)
00407820+      _AllocBuffer_
00407860       IOPrologue_
00407aa0       DoOpen_
00407ae0       UpdateRecNum_
Module: C:\win32app\watcom/lib386/nt\flib7.lib(iomain)
00407b20       __ReleaseIOSys_
00407b40       IOMain_
Module: C:\win32app\watcom/lib386/nt\flib7.lib(rfmtexec)
004086a0       R_FExec_
Module: C:\win32app\watcom/lib386/nt\flib7.lib(exwrite)
00408740       DoWrite_
Module: C:\win32app\watcom/lib386/nt\clib3r.lib(crwdata)
0041e0cc       __osmajor
0041e0cd       __osminor
0041e0ce       __osbuild
0041e0d0       __osver
0041e0d4       __winmajor
0041e0d8       __winminor
0041e0dc       __winver
0041e090       __LpCmdLine
0041e094       __LpPgmName
0041e098       __LpDllName
0041e09c       __LpwCmdLine
0041e0a0       __LpwPgmName
0041e0a4       __LpwDllName
0041e088*      __dynend
0041e08c       __curbrk
0041e0a8*      __STACKLOW
0041e0ac       __STACKTOP
0041e0b0       __ASTACKSIZ
0041e0b4       __ASTACKPTR
0041e0b8*      __cbyte
0041e0bc*      __cbyte2
0041e0c0*      __child
0041e0c6       __Envptr
0041e0ca*      __Envseg
0041e0c4       __no87
0041e0e0*      __FPE_handler
0041e0e0*      ___FPE_handler
Module: C:\win32app\watcom/lib386/nt\flib7.lib(thrdutil)
004087e0*      __InitMultiThreadIO_
0041e0e8       __SwitchStkLow
Module: C:\win32app\watcom/lib386/nt\flib7.lib(exread)
00408870       DoRead_
Module: C:\win32app\watcom/lib386/nt\flib7.lib(spawn)
004088b0       Spawn_
00408900       Suicide_
Module: C:\win32app\watcom/lib386/nt\flib7.lib(setnofmt)
00408940       RT@SetNoFmt
Module: C:\win32app\watcom/lib386/nt\clib3r.lib(main2wnt)
00408960       __NTMain
Module: C:\win32app\watcom/lib386/nt\clib3r.lib(segdefns)
00401003       ___begtext
0041c000*      __nullarea
0041ed72       __Start_XI
0041edba       __End_XI
0041edba       __Start_YI
0041ede4       __End_YI
Module: C:\win32app\watcom/lib386/nt\clib3r.lib(chk8087)
004089e0+      __init_8087_
00408a20*      _fpreset_
00408a30       __chk8087_
Module: C:\win32app\watcom/lib386/nt\flib7.lib(english)
00408ad0       __UseEnglishCharSet_
Module: C:\win32app\watcom/lib386/nt\flib7.lib(errincl)
00408c10       __InitError_
0041e0ec+      _PGroupTable
0041e0f0+      _PErrWord
Module: C:\win32app\watcom/lib386/nt\clib3r.lib(hdlman)
0041e0f4+      ___NHandles
0041e0f8       ___OSHandles
0041e0fc+      ___FakeHandles
00408c40+      __growPOSIXHandles_
00408ce0       __allocPOSIXHandle_
00408da0       __freePOSIXHandle_
00408dc0*      __getOSHandle_
00408de0       __setOSHandle_
00408e30+      __NTGetFakeHandle_
00408ea0       __initPOSIXHandles_
00408f80*      __set_handles_
00408f90*      _grow_handles_
Module: C:\win32app\watcom/lib386/nt\clib3r.lib(environ)
00420ab0       ___env_mask
00420ab4       _environ
00420ab8       __wenviron
Module: C:\win32app\watcom/lib386/nt\clib3r.lib(getmodfn)
00408fd0       __lib_GetModuleFileNameW_
Module: C:\win32app\watcom/lib386/nt\clib3r.lib(strdup)
00409070       __clib_strdup_
Module: C:\win32app\watcom/lib386/nt\clib3r.lib(istable)
0041ec34       __IsTable
Module: C:\win32app\watcom/lib386/nt\clib3r.lib(ustrdup)
004090c0       __clib_wcsdup_
Module: C:\win32app\watcom/lib386/nt\clib3r.lib(nfree)
004090f0       free_
00409100       _nfree_
00420abc       ___MiniHeapFreeRover
Module: C:\win32app\watcom/lib386/nt\clib3r.lib(excptwnt)
004092c0+      ___ReportException@4
00409730       __DefaultExceptionHandler_
00409770+      ___ExceptionFilter
00409970       __NewExceptionFilter_
004099a0       __DoneExceptionFilter_
0041e108       ___oscode_check_func
0041e10c       ___raise_func
00420ac0*      _sw
00420ac4       ___ExceptionHandled
00420ac5+      ___ReportInvoked
Module: C:\win32app\watcom/lib386/nt\clib3r.lib(stklmwnt)
004099e0       __init_stack_limits_
Module: C:\win32app\watcom/lib386/nt\clib3r.lib(initrtns)
00409a60       __InitRtns
00409ab0       __FiniRtns
Module: C:\win32app\watcom/lib386/nt\flib7.lib(rttraps)
00409c30       __EnableF77RTExceptionHandling_
00409c40       R_TrapInit_
00409cd0       R_TrapFini_
00409ce0*      __InitExceptionVectors_
Module: C:\win32app\watcom/lib386/nt\flib7.lib(errrtns)
00420ac8       ___ErrorFini
00420acc       ___ErrorInit
00420ad0       ___BldErrMsg
Module: C:\win32app\watcom/lib386/nt\clib3r.lib(nodefwin)
0041e124*      __WindowsIsWindowedHandle
0041e128*      __WindowsRemoveWindowedHandle
0041e12c*      __WindowsNewWindow
0041e130*      __WindowsCloseWindow
0041e134*      __WindowsSetAbout
0041e138*      __WindowsSetAppTitle
0041e13c*      __WindowsSetConTitle
0041e140*      __WindowsDestroyOnClose
0041e144*      __WindowsYieldControl
0041e148*      __WindowsShutDown
0041e14c*      __WindowsStdin
0041e150       __WindowsStdout
0041e154*      __WindowsKbhit
0041e158*      __WindowsGetch
0041e15c*      __WindowsGetche
0041e160*      __WindowsPutch
00409d00       _dwDeleteOnClose_
00409d10*      _dwSetAboutDlg_
00409d20*      _dwSetAppTitle_
00409d30*      _dwSetConTitle_
00409d40*      _dwYield_
00409d50*      _dwShutDown_
0041e164*      __WindowsExitRtn
00420ad4*      __init_default_win
Module: C:\win32app\watcom/lib386/nt\clib3r.lib(atexit)
00409d53       atexit_
Module: C:\win32app\watcom/lib386/nt\clib3r.lib(regdata)
00409dc0       __RegisterThreadDataSize_
Module: C:\win32app\watcom/lib386/nt\flib7.lib(errgrp)
00409df0       _GrpCodes
Module: C:\win32app\watcom/lib386/nt\flib7.lib(blderr)
00409f00       Substitute_
0040a0e0       ErrCodOrg_
Module: C:\win32app\watcom/lib386/nt\clib3r.lib(iob)
0041e168       ___iob
0041e370       __fmode
00420b5c       ___OpenStreams
00420b60       ___ClosedStreams
Module: C:\win32app\watcom/lib386/nt\clib3r.lib(setmd)
0040a0f0       setmode_
Module: C:\win32app\watcom/lib386/nt\clib3r.lib(write)
0040a430       write_
Module: C:\win32app\watcom/lib386/nt\clib3r.lib(errno)
0040a690       __get_errno_ptr_
0040a6a0*      __get_doserrno_ptr_
Module: C:\win32app\watcom/lib386/nt\clib3r.lib(enterdb)
0040a6b0       __EnterWVIDEO_
0041e374       ___WD_Present
Module: C:\win32app\watcom/lib386/nt\flib7.lib(posdat)
0041e554       _FStdIn
0041e558       _FStdOut
0041e55c       _FStdErr
Module: C:\win32app\watcom/lib386/nt\flib7.lib(posflush)
0040a6e0       FlushBuffer_
Module: lwpc.lib(C:\LWPCv21\library\sys_error_message.c)
0040a7a0       sys_error_message_
Module: C:\win32app\watcom/lib386\math387r.lib(log387)
0040a873*      log_
0040a88b*      log2_
0040a87f*      log10_
0040a828       IF@LOG
0040a828*      IF@DLOG
0040a86b*      IF@LOG2
0040a86b*      IF@DLOG2
0040a86f*      IF@LOG10
0040a86f*      IF@DLOG10
Module: C:\win32app\watcom/lib386/nt\clib3r.lib(gtcmd)
0040a8f0       _bgetcmd_
0040a970*      getcmd_
Module: C:\win32app\watcom/lib386/nt\flib7.lib(fmtscan)
0040aa10       R_FDoSpec_
Module: C:\win32app\watcom/lib386/nt\flib7.lib(rfmtemit)
0040b670       R_FEmInit_
0040b680       R_FEmEnd_
0040b6b0       R_FEmCode_
0040b700       R_FEmChar_
0040b730       R_FEmNum_
0040b760       R_FEmByte_
0040b7a0+      CheckHole_
Module: C:\win32app\watcom/lib386/nt\flib7.lib(rfmttab)
0040b7e0       _RFmtTab
Module: C:\win32app\watcom/lib386/nt\clib3r.lib(__stos)
0040b800       __STOSB
0040b837*      __STOSD
Module: C:\win32app\watcom/lib386/nt\flib7.lib(ioinit)
0040b8c0       IOSysInit_
Module: C:\win32app\watcom/lib386/nt\flib7.lib(fdutil)
0040b8f0       LocFile_
0040b900       LocUnit_
0040b920       ExtractInfo_
Module: C:\win32app\watcom/lib386/nt\flib7.lib(rstdio)
0040b960+      _GetFtnFile_
0040ba40*      _SetStd_
0040ba50       _InitStandardInput_
0040ba80       _InitStandardOutput_
Module: C:\win32app\watcom/lib386/nt\flib7.lib(rmemmgr)
0040bab0       RMemAlloc_
0040bac0       RMemFree_
Module: C:\win32app\watcom/lib386/nt\flib7.lib(deffname)
0041e564       _DefFName
Module: C:\win32app\watcom/lib386/nt\flib7.lib(stracc)
0040bad0       TrimStr_
0040bb20       GetStr_
Module: C:\win32app\watcom/lib386/nt\clib3r.lib(memicmp)
0040bb50       memicmp_
Module: C:\win32app\watcom/lib386/nt\clib3r.lib(accsswnt)
0040bb90       access_
Module: C:\win32app\watcom/lib386/nt\clib3r.lib(fullpath)
0040bbd0+      _sys_fullpath_
0040bc50       _fullpath_
Module: C:\win32app\watcom/lib386/nt\clib3r.lib(fstatwnt)
0040bcc0       fstat_
Module: C:\win32app\watcom/lib386/nt\flib7.lib(poserr)
0040c020       Errorf_
0040c040*      EOFile_
0040c060       ErrorMsg_
0040c0a0       FSetTrunc_
0040c0c0       FSetSysErr_
0040c0e0       FSetErr_
0040c100       FSetEof_
0040c120       IOOk_
Module: C:\win32app\watcom/lib386/nt\clib3r.lib(statwnt)
0040c235       stat_
Module: C:\win32app\watcom/lib386/nt\flib7.lib(posopen)
0040c470       InitStd_
0040c530       SetIOBufferSize_
0040c550+      _AllocFile_
0040c630       Openf_
0040c720       Closef_
Module: C:\win32app\watcom/lib386/nt\flib7.lib(posdel)
0040c790       Scratchf_
Module: C:\win32app\watcom/lib386/nt\flib7.lib(posput)
0040c7b0       FPutRec_
0040c800       ChopFile_
0040c850*      PutRec_
0040c980       writebytes_
0040ca10       SysWrite_
Module: C:\win32app\watcom/lib386/nt\flib7.lib(posget)
0040cb60       readbytes_
0040cc40       SysRead_
0040d0e0       FGetRec_
0040d110*      GetRec_
0040d130       GetStdChar_
0040d180       FCheckLogical_
0040d1f0       FSkipLogical_
0040d2c0*      FGetVarRecLen_
Module: C:\win32app\watcom/lib386/nt\flib7.lib(posseek)
0040d3b0       FSeekRec_
0040d3f0       CurrFileOffset_
0040d410       SysSeek_
0040d620*      FSeekAbs_
0040d630       FGetFilePos_
Module: C:\win32app\watcom/lib386/nt\clib3r.lib(stricmp)
0040d640       stricmp_
Module: C:\win32app\watcom/lib386/nt\flib7.lib(posrew)
0040d680       FRewind_
Module: C:\win32app\watcom/lib386/nt\flib7.lib(posback)
0040d6f0       FBackspace_
Module: C:\win32app\watcom/lib386/nt\flib7.lib(postrunc)
0040d7d0       FTruncate_
Module: C:\win32app\watcom/lib386/nt\flib7.lib(sdfile)
0041e574*      _FFCtrlSeq
0041e576*      _SkipCtrlSeq
0041e578       _NormalCtrlSeq
0041e57a       _SDTermIn
0041e57e       _SDTermOut
0041e582*      _SDPrtName
Module: C:\win32app\watcom/lib386/nt\flib7.lib(wrutils)
0040d7f0       F_SendData_
0040d850*      SendLine_
0040d860*      SendInt_
0040d880       SendStr_
0040d8a0+      SendWSLStr_
0040d8c0       SendChar_
0040d8e0       Drop_
0040d9f0       SendEOR_
0040db40       IOItemResult_
Module: C:\win32app\watcom/lib386/nt\flib7.lib(rfmtutil)
0040dbf0       R_NewRec_
0040dc30       R_ChkIType_
0040dc60       R_ChkFType_
0040dc90       R_ChkType_
0040dcc0       R_ChkRecLen_
0040dcf0       R_FOStr_
0040dd00+      GetLen_
0040dd30+      FOString_
0040ddc0       R_FIStr_
0040de80       R_FOLog_
0040ded0       R_FILog_
0040dfb0       R_FIFloat_
0040e1b0       GetReal_
0040e2c0       R_FOF_
0040e340       R_FOE_
0040e480+      FmtH2B_
0040e570       R_FIHex_
0040e620       R_FOHex_
0040e640+      FOHex_
0040e800       R_FIInt_
0040e910       R_FOInt_
0040eb70       R_FOG_
0040edf0+      ChkBuffLen_
Module: C:\win32app\watcom/lib386/nt\flib7.lib(arrayio)
0040eec0       ArrayIOType_
Module: C:\win32app\watcom/lib386/nt\flib7.lib(unfmtout)
0040f050       UnFmtOut_
Module: C:\win32app\watcom/lib386/nt\flib7.lib(freeout)
0040f480       FreeOut_
0041e588+      _OutRtn
Module: C:\win32app\watcom/lib386/nt\flib7.lib(unfmtin)
0040f570       UnFmtIn_
0040f5a0+      NextUnFmtRec_
Module: C:\win32app\watcom/lib386/nt\flib7.lib(freein)
0040f9d0+      GetNum_
0040fa80       FreeIn_
0040fa90+      DoFreeIn_
0040fc30+      BumpComma_
0040fc60+      Blanks_
0040fc90+      CheckEor_
Module: C:\win32app\watcom/lib386/nt\clib3r.lib(setjmp)
004102d8       _setjmp_
00410311       longjmp_
Module: C:\win32app\watcom/lib386/nt\clib3r.lib(exit)
00410399+      __null_int23_exit_
0041039b       exit_
004103eb*      _exit_
0041e5bc+      ___int23_exit
0041e5c0+      ___FPE_handler_exit
Module: C:\win32app\watcom/lib386/nt\clib3r.lib(mthrdini)
00410410       __InitThreadData_
0041e5c4       ___ThreadDataSize
Module: C:\win32app\watcom/lib386/nt\clib3r.lib(cmain386)
00410440       __CMain
Module: C:\win32app\watcom/lib386/nt\clib3r.lib(dosseg)
00001234       __DOSseg__
Module: C:\win32app\watcom/lib386/nt\clib3r.lib(save8087)
0041e5c8       ___Save8087
0041e5cc       ___Rest8087
Module: C:\win32app\watcom/lib386/nt\clib3r.lib(8087cw)
0041e5d0       __8087cw
Module: C:\win32app\watcom/lib386/nt\clib3r.lib(init8087)
00410490       __init_80x87
Module: C:\win32app\watcom/lib386/nt\flib7.lib(csetinfo)
00420b64       _CharSetInfo
Module: C:\win32app\watcom/lib386/nt\flib7.lib(errmsg)
004107f0       _GroupTable
004108a0       _ErrWord
Module: C:\win32app\watcom/lib386/nt\clib3r.lib(nmalloc)
00410ed0       malloc_
00410ee0       _nmalloc_
0041e5d4       ___nheapbeg
0041e5d8       ___MiniHeapRover
0041e5dc       ___LargestSizeB4MiniHeapRover
Module: C:\win32app\watcom/lib386/nt\clib3r.lib(seterrno)
00410feb       __set_errno_
00410ff9*      __set_EDOM_
00411007       __set_ERANGE_
00411015*      __set_EINVAL_
00411028       __set_doserrno_
Module: C:\win32app\watcom/lib386/nt\clib3r.lib(nrealloc)
00411040       realloc_
00411050+      _nrealloc_
Module: C:\win32app\watcom/lib386/nt\clib3r.lib(iomode)
004110d0       __GetIOMode_
004110f0       __SetIOMode_nogrow_
0041e5e0       ___NFiles
0041e5e4       ___init_mode
0041e634       ___io_mode
Module: C:\win32app\watcom/lib386/nt\clib3r.lib(stiomode)
00411110       __grow_iomode_
004111e0+      __shrink_iomode_
00411230       __SetIOMode_
Module: C:\win32app\watcom/lib386/nt\clib3r.lib(setenvp)
004112b0       __setenvp_
004113a0       __freeenvp_
Module: C:\win32app\watcom/lib386/nt\clib3r.lib(ustrlen)
004113f4       wcslen_
Module: C:\win32app\watcom/lib386/nt\clib3r.lib(memcpy)
00411410       memcpy_
Module: C:\win32app\watcom/lib386/nt\clib3r.lib(mem)
00411440       __MemAllocator
00411500       __MemFree
Module: C:\win32app\watcom/lib386/nt\clib3r.lib(conutwnt)
00411650*      __NTRealKey_
00411700*      __NTConsoleInput_
00411710       __NTConsoleOutput_
Module: C:\win32app\watcom/lib386/nt\clib3r.lib(fclex387)
00411720       _ClearFPE_
Module: C:\win32app\watcom/lib386/nt\clib3r.lib(signlwnt)
0041e640+      _SignalTable
00411730+      __SetSignalFunc_
00411780+      __GetSignalFunc_
004117b0+      __GetSignalOSCode_
004117e0+      __CheckSignalExCode_
00411920+      __sigabort_
00411930       __sigfpe_handler_
00411980       signal_
00411a40+      raise_
00411ab0+      __SigInit_
00411b00+      __SigFini_
00411b40+      __sig_init_
Module: C:\win32app\watcom/lib386/nt\flib7.lib(fptraps)
00411c20*      __MaskDefaultFPE_
00411c40       FPTrapInit_
00411c90       FPTrapFini_
Module: C:\win32app\watcom/lib386/nt\clib3r.lib(trdlist)
00411ca0       __GetThreadData_
00411cf0       __ReallocThreadData_
00411df0       __AddThreadData_
00411e70       __RemoveThreadData_
00411ed0       __ResizeThreadDataList_
00411f00       __FreeThreadDataList_
00411f30*      __ActiveThreads_
Module: C:\win32app\watcom/lib386/nt\clib3r.lib(memmove)
00411f50       memmove_
Module: C:\win32app\watcom/lib386/nt\clib3r.lib(itoa)
00411fb0       utoa_
00412000       itoa_
Module: C:\win32app\watcom/lib386/nt\clib3r.lib(ltoa)
00412030       ultoa_
00412080       ltoa_
Module: C:\win32app\watcom/lib386/nt\clib3r.lib(initfile)
004120b0       __InitFiles_
Module: C:\win32app\watcom/lib386/nt\clib3r.lib(ioexit)
00412150       __full_io_exit_
00412160*      fcloseall_
Module: C:\win32app\watcom/lib386/nt\clib3r.lib(dosret)
004121d0*      _dosret0_
004121e0+      _dosretax_
004121f0       __set_errno_dos_
00412220       __set_errno_nt_
Module: C:\win32app\watcom/lib386/nt\clib3r.lib(stackwnt)
00412230       stackavail_
Module: C:\win32app\watcom/lib386/nt\clib3r.lib(stk)
00412241*      __CHK
00412251*      __STK
00412270       __STKOVERFLOW_
00412280       __GRO
004122a0*      __alloca_probe
Module: C:\win32app\watcom/lib386/nt\clib3r.lib(lseek)
004122c0       lseek_
Module: C:\win32app\watcom/lib386/nt\clib3r.lib(sprintf)
00412310       sprintf_
Module: C:\win32app\watcom/lib386\math387r.lib(log87e)
00412331       __log87_err_
Module: C:\win32app\watcom/lib386/nt\flib7.lib(fmtboth)
00412370       FEmCode_
00412380       FEmChar_
00412390       FEmNum_
004123a0       FEmByte_
004123b0       R_FError_
004123c0       R_FExtension_
Module: C:\win32app\watcom/lib386/nt\clib3r.lib(tolower)
004123d0       tolower_
Module: C:\win32app\watcom/lib386/nt\flib7.lib(rfmterr)
004123e0       _R_FError_
004123f0       _R_FExtension_
Module: C:\win32app\watcom/lib386/nt\clib3r.lib(getenv)
00412400       getenv_
Module: C:\win32app\watcom/lib386/nt\clib3r.lib(gtcwdwnt)
00412470       getcwd_
Module: C:\win32app\watcom/lib386/nt\clib3r.lib(iomodtty)
00412500       __ChkTTYIOMode_
00412550       __IOMode_
Module: C:\win32app\watcom/lib386/nt\clib3r.lib(ntdirinf)
00412570       __MakeDOSDT_
004125a0*      __FromDOSDT_
004125d0*      __GetNTDirInfo_
00412610*      __NTFindNextFileWithAttr_
Module: C:\win32app\watcom/lib386/nt\clib3r.lib(d2ttime)
00412660       _d2ttime_
Module: C:\win32app\watcom/lib386/nt\clib3r.lib(strerror)
004126d0       strerror_
004126f0*      _strerror_
004127d0*      _doserror_
0041e7c4+      __sys_errlist
0041e868+      __sys_nerr
Module: C:\win32app\watcom/lib386/nt\clib3r.lib(_strcmp)
00412800       strcmp_
Module: C:\win32app\watcom/lib386/nt\clib3r.lib(mbspbrk)
00412940       _mbspbrk_
Module: C:\win32app\watcom/lib386/nt\clib3r.lib(mbsinc)
00412990       _mbsinc_
Module: C:\win32app\watcom/lib386/nt\clib3r.lib(chdirwnt)
004129c0       chdir_
Module: C:\win32app\watcom/lib386/nt\clib3r.lib(strncpy)
004129e0       strncpy_
Module: C:\win32app\watcom/lib386/nt\clib3r.lib(close)
00412a20       close_
Module: C:\win32app\watcom/lib386/nt\clib3r.lib(openwnt)
00412a40*      open_
00412a60       sopen_
Module: C:\win32app\watcom/lib386/nt\flib7.lib(poscc)
00412c90*      __LineFeedWithFormFeed_
00412ca0       FSetCC_
Module: C:\win32app\watcom/lib386/nt\clib3r.lib(unlnkwnt)
00412d10       unlink_
Module: C:\win32app\watcom/lib386/nt\clib3r.lib(chsizwnt)
00412d90       chsize_
Module: C:\win32app\watcom/lib386/nt\clib3r.lib(read)
00412e90       read_
Module: C:\win32app\watcom/lib386/nt\flib7.lib(ifile)
00413020       SendIFBuff_
00413050       NextIFBuff_
Module: C:\win32app\watcom/lib386/nt\flib7.lib(cctrl)
00413080       CheckCCtrl_
Module: C:\win32app\watcom/lib386/nt\flib7.lib(rdutils)
004130f0       NextRec_
Module: C:\win32app\watcom/lib386/nt\flib7.lib(undefcg)
00413280       OutLogCG_
00413290       OutIntCG_
004132d0+      FmtRealCG_
00413300+      FmtDoubleCG_
00413330+      FmtExtendedCG_
00413360+      UndefRealCG_
00413370+      UndefDoubleCG_
00413380+      UndefExtendedCG_
00413390+      UndefLogCG_
004133a0+      UndefIntCG_
004133b0+      GetRealCG_
0041e874       _FmtRealRtn
0041e878       _FmtDoubleRtn
0041e87c       _FmtExtendedRtn
0041e880       _SendStrRtn
0041e884       _UndefRealRtn
0041e888       _UndefDoubleRtn
0041e88c       _UndefExtendedRtn
0041e890       _UndefLogRtn
0041e894       _UndefIntRtn
0041e898       _GetRealRtn
Module: C:\win32app\watcom/lib386/nt\flib7.lib(rfmtlog)
004133d0       R_FmtLog_
Module: C:\win32app\watcom/lib386/nt\clib3r.lib(toupper)
00413400       toupper_
Module: C:\win32app\watcom/lib386/nt\flib7.lib(fmtcnvt)
00413410       FmtS2I_
00413550       FmtS2F_
Module: C:\win32app\watcom/lib386/nt\flib7.lib(fmtrtns)
00413980       R_F2E_
00413b40       R_F2F_
00413d30       SetMaxPrec_
Module: C:\win32app\watcom/lib386/nt\flib7.lib(flt86)
00413d40       _P1d100
00413d48       _P1d_99
Module: C:\win32app\watcom/lib386\math387r.lib(pow387)
00413eaf*      pow_
00413d50       IF@DPOW
00413d50*      IF@POW
Module: C:\win32app\watcom/lib386/nt\flib7.lib(hexcnv)
00413ed0       Hex_
00413ef0*      HSToB_
00413f70       BToHS_
Module: C:\win32app\watcom/lib386/nt\clib3r.lib(strupr)
00413fc0       strupr_
Module: C:\win32app\watcom/lib386/nt\flib7.lib(unfmtutl)
00413fe0       _SizeVars
Module: C:\win32app\watcom/lib386/nt\flib7.lib(chrutils)
00413ff0       JmpBlanks_
Module: C:\win32app\watcom/lib386/nt\clib3r.lib(ljmphdl)
0041e89c       ___longjmp_handler
Module: C:\win32app\watcom/lib386/nt\clib3r.lib(cinit)
00414020       __CommonInit_
Module: C:\win32app\watcom/lib386/nt\clib3r.lib(___argc)
00420c84       ____Argc
00420c88       ____Argv
Module: C:\win32app\watcom/lib386/nt\flib7.lib(rtmain)
00414030       main_
Module: C:\win32app\watcom/lib386/nt\clib3r.lib(nmemneed)
00414050       __nmemneed_
Module: C:\win32app\watcom/lib386/nt\clib3r.lib(grownear)
00414180       __ExpandDGROUP_
Module: C:\win32app\watcom/lib386/nt\clib3r.lib(nmsize)
004141f0*      _msize_
00414200       _nmsize_
Module: C:\win32app\watcom/lib386/nt\clib3r.lib(nexpand)
00414210*      _expand_
00414220+      __HeapManager_expand_
004143e0       _nexpand_
Module: C:\win32app\watcom/lib386/nt\clib3r.lib(dofilstr)
00414430       __ParsePosixHandleStr_
Module: C:\win32app\watcom/lib386/nt\clib3r.lib(clearenv)
00414550       clearenv_
Module: C:\win32app\watcom/lib386/nt\clib3r.lib(abort)
004145e4*      abort_
004145ef       __terminate_
0041e8a0       ___abort
Module: C:\win32app\watcom/lib386/nt\clib3r.lib(cntrl87)
00414610       _control87_
Module: C:\win32app\watcom/lib386/nt\clib3r.lib(mthread)
004147d0+      __CloseSemaphore_
004147e0+      __AccessSemaphore_
00414840+      __ReleaseSemaphore_
004148a0+      __AccessIOB_
004148b0+      __ReleaseIOB_
004148c0+      __AccessFileH_
004148d0+      __ReleaseFileH_
004148e0+      __AccessNHeap_
004148f0+      __ReleaseNHeap_
00414900+      __AccessFHeap_
00414910+      __ReleaseFHeap_
00414920+      __AccessTDList_
00414930+      __ReleaseTDList_
00414940+      __AccessFList_
00414950+      __ReleaseFList_
00414960+      __MultipleThread_
004149b0+      __AllocInitThreadData_
00414a00*      __FreeInitThreadData_
00414a10       __NTThreadInit_
00414aa0       __NTAddThread_
00414af0       __NTRemoveThread_
00414b90       __InitMultipleThread_
0041e8a4+      ___AccessSema4
0041e8a8+      ___ReleaseSema4
0041e8ac+      ___CloseSema4
Module: C:\win32app\watcom/lib386/nt\clib3r.lib(xmsgwnt)
00414d90+      __exit_with_msg_
00414dd0       __fatal_runtime_error_
Module: C:\win32app\watcom/lib386/nt\clib3r.lib(calloc)
00414df0       calloc_
Module: C:\win32app\watcom/lib386/nt\clib3r.lib(register)
00414e20       __initthread_
00414e30*      _beginthread_
00414e40       _endthread_
00414e50*      __RegisterThreadData_
Module: C:\win32app\watcom/lib386/nt\clib3r.lib(alphabet)
0041d63c       ___Alphabet
Module: C:\win32app\watcom/lib386/nt\clib3r.lib(freefp)
00414ea0       __freefp_
00414ef0       __purgefp_
Module: C:\win32app\watcom/lib386/nt\clib3r.lib(fclose)
00414f20*      fclose_
00414f70       __shutdown_stream_
00414f90+      __doclose_
004213f8+      ___RmTmpFileFn
Module: C:\win32app\watcom/lib386/nt\clib3r.lib(lseekwnt)
00415030       __lseek_
Module: C:\win32app\watcom/lib386/nt\clib3r.lib(vsprintf)
00415090       vsprintf_
Module: C:\win32app\watcom/lib386/nt\flib7.lib(_matherr)
004150b0*      __imath2err_
004150f0*      __amath1err_
00415120*      __amath2err_
00415150       __math2err_
00415260       __math1err_
00415270*      __zmath2err_
004152d0*      __qmath2err_
Module: C:\win32app\watcom/lib386/nt\clib3r.lib(mbsnicmp)
00415340       _mbsnicmp_
Module: C:\win32app\watcom/lib386/nt\clib3r.lib(isattwnt)
004153d0       isatty_
Module: C:\win32app\watcom/lib386/nt\clib3r.lib(mktime)
00415400       mktime_
Module: C:\win32app\watcom/lib386/nt\clib3r.lib(mbterm)
004155b0       _mbterm_
Module: C:\win32app\watcom/lib386/nt\clib3r.lib(mbsnextc)
004155f0       _mbsnextc_
Module: C:\win32app\watcom/lib386/nt\clib3r.lib(mbschr)
00415630       _mbschr_
Module: C:\win32app\watcom/lib386/nt\clib3r.lib(mbisdbcs)
004213fc       ___IsDBCS
Module: C:\win32app\watcom/lib386/nt\clib3r.lib(mbislead)
00415690*      _ismbblead_
00421400       ___MBCSIsTable
Module: C:\win32app\watcom/lib386/nt\clib3r.lib(_clsewnt)
004156b0       __close_
Module: C:\win32app\watcom/lib386/nt\clib3r.lib(ntfio)
00415710*      __GetNTCreateAttr_
00415750       __GetNTAccessAttr_
00415780       __GetNTShareAttr_
Module: C:\win32app\watcom/lib386/nt\clib3r.lib(umaskval)
0041e8bc       ___umaskval
Module: C:\win32app\watcom/lib386/nt\flib7.lib(expchk)
004157e0       ToFFormat_
Module: C:\win32app\watcom/lib386/nt\flib7.lib(intarith)
00415830       AddIOFlo_
00415840*      SubIOFlo_
00415850       MulIOFlo_
Module: C:\win32app\watcom/lib386\math387r.lib(strtod)
0041585f+      __Strtold_
00415a2e       strtod_
Module: C:\win32app\watcom/lib386\math387r.lib(ldcvt)
00415c04       _LDScale10x_
00416260       __LDcvt_
Module: C:\win32app\watcom/lib386/nt\clib3r.lib(chipvar)
0041e968       ___chipbug
0041e968       __chipbug
Module: C:\win32app\watcom/lib386\math387r.lib(pow87e)
004166c0       __pow87_err_
Module: C:\win32app\watcom/lib386\math387r.lib(exp387)
004167b2*      exp_
00416748*      __@DEXP1
00416750*      IF@EXP
00416750*      IF@DEXP
00416752       __@DEXP
Module: C:\win32app\watcom/lib386/nt\clib3r.lib(chipd32)
004168d7       __fdiv_fpr
00416d99*      __fdiv_chk
00416dac*      __fdiv_m32
00416df9*      __fdiv_m64
00416e46*      __fdiv_m32r
00416e93*      __fdiv_m64r
Module: C:\win32app\watcom/lib386/nt\clib3r.lib(argcv)
00421504       __argc
00421508       __argv
0042150c       ___argv
00421510       ___argc
Module: C:\win32app\watcom/lib386/nt\clib3r.lib(heapen)
00416ee0*      _heapenable_
0041e97c       ___heap_enabled
Module: C:\win32app\watcom/lib386/nt\clib3r.lib(nheapmin)
00416f10       _heapshrink_
00416f20*      _heapmin_
00416f30*      _nheapmin_
00416fe0       _nheapshrink_
Module: C:\win32app\watcom/lib386/nt\clib3r.lib(amblksiz)
0041e980       __amblksiz
Module: C:\win32app\watcom/lib386/nt\clib3r.lib(strtol)
004171e0*      strtoul_
004171f0       strtol_
Module: C:\win32app\watcom/lib386/nt\clib3r.lib(putenv)
00417260       putenv_
00417420       __putenv_
Module: C:\win32app\watcom/lib386/nt\clib3r.lib(trdalloc)
004176a0       __FiniThreadProcessing_
Module: C:\win32app\watcom/lib386/nt\clib3r.lib(thredwnt)
004177a0       __CBeginThread_
00417840       __CEndThread_
Module: C:\win32app\watcom/lib386/nt\clib3r.lib(flush)
00417880       __flush_
Module: C:\win32app\watcom/lib386/nt\clib3r.lib(prtf)
00417990       __prtf_
Module: C:\win32app\watcom/lib386/nt\clib3r.lib(mbcicmp)
00418820       _mbcicmp_
Module: C:\win32app\watcom/lib386/nt\clib3r.lib(timeutil)
00418880       __leapyear_
00418a00       __isindst_
0041d664       ___diyr
0041d67e       ___dilyr
Module: C:\win32app\watcom/lib386/nt\clib3r.lib(gmtime)
00418db0       __brktime_
00418eb0+      _gmtime_
00418ed0*      gmtime_
Module: C:\win32app\watcom/lib386/nt\clib3r.lib(tzset)
0041ea10       ___start_dst
0041ea34       ___end_dst
0041eb5c*      _tzname
0041eb64       _timezone
0041eb68       _daylight
0041eb6c       ___dst_adjust
00418ef0*      __DontCacheOSTZ_
00418f10*      __CacheOSTZ_
00419190+      __parse_tz_
00419400       tzset_
Module: C:\win32app\watcom/lib386/nt\clib3r.lib(mbconv)
00419430       _mbvtop_
Module: C:\win32app\watcom/lib386/nt\clib3r.lib(mbclen)
00419450       _mbclen_
Module: C:\win32app\watcom/lib386/nt\clib3r.lib(mbccmp)
00419480       _mbccmp_
Module: C:\win32app\watcom/lib386/nt\clib3r.lib(mbinit)
004194e0       __mbinit_
0041eb74       ___MBCodePage
Module: C:\win32app\watcom/lib386/nt\clib3r.lib(bufld386)
00419660       __ZBuf2LD
Module: C:\win32app\watcom/lib386/nt\clib3r.lib(hugeval)
0041ed38       __HugeValue
Module: C:\win32app\watcom/lib386\math387r.lib(ldclass)
00419710       __LDClass_
Module: C:\win32app\watcom/lib386/nt\clib3r.lib(chipbug)
00419760       __verify_pentium_fdiv_bug_
Module: C:\win32app\watcom/lib386\math387r.lib(math87e)
004197c6       __math87_err_
Module: C:\win32app\watcom/lib386/nt\clib3r.lib(initargv)
00419850       __Init_Argv_
004198a0+      _getargv_
00419a40       __Fini_Argv_
Module: C:\win32app\watcom/lib386/nt\clib3r.lib(mbslen)
00419a60       _mbslen_
Module: C:\win32app\watcom/lib386/nt\clib3r.lib(mbstowcs)
00419a90       mbstowcs_
Module: C:\win32app\watcom/lib386/nt\clib3r.lib(uputenv)
00419b10*      _wputenv_
00419c90       __wputenv_
Module: C:\win32app\watcom/lib386/nt\clib3r.lib(fsync)
00419e40       fsync_
Module: C:\win32app\watcom/lib386/nt\clib3r.lib(qwrit)
00419e90       __qwrite_
Module: C:\win32app\watcom/lib386/nt\clib3r.lib(wctomb)
00419f80       wctomb_
Module: C:\win32app\watcom/lib386/nt\clib3r.lib(noefgfmt)
0041eb78       ___EFG_printf
0041eb7c*      ___EFG_scanf
Module: C:\win32app\watcom/lib386/nt\clib3r.lib(lltoa)
00419fe0       ulltoa_
0041a050*      lltoa_
Module: C:\win32app\watcom/lib386/nt\clib3r.lib(mbccpy)
0041a080       _mbccpy_
Module: C:\win32app\watcom/lib386/nt\clib3r.lib(mbsupr)
0041a0c0       _mbsupr_
Module: C:\win32app\watcom/lib386/nt\clib3r.lib(wcstombs)
0041a0e0       wcstombs_
Module: C:\win32app\watcom/lib386/nt\clib3r.lib(histsplt)
00421518       ___historical_splitparms
Module: C:\win32app\watcom/lib386/nt\clib3r.lib(mbtowc)
0041a1a0       mbtowc_
Module: C:\win32app\watcom/lib386/nt\clib3r.lib(ustrchr)
0041a22f       wcschr_
Module: C:\win32app\watcom/lib386/nt\clib3r.lib(setenvar)
0041a250       __lib_SetEnvironmentVariableW_
Module: C:\win32app\watcom/lib386/nt\clib3r.lib(crtwenv)
0041a340       __create_wide_environment_
Module: C:\win32app\watcom/lib386/nt\clib3r.lib(utoupper)
0041a3a8       towupper_


                        +----------------------+
                        |   Imported Symbols   |
                        +----------------------+

Symbol                              Module
======                              ======

_GetEnvironmentStrings@0            KERNEL32.DLL
_GetVersion@0                       KERNEL32.DLL
_GetModuleFileNameA@12              KERNEL32.DLL
_GetCommandLineA@0                  KERNEL32.DLL
_GetCommandLineW@0                  KERNEL32.DLL
_FreeEnvironmentStringsA@4          KERNEL32.DLL
_GetModuleHandleA@4                 KERNEL32.DLL
_ExitProcess@4                      KERNEL32.DLL
_MessageBoxA@16                     USER32.DLL
_SetStdHandle@8                     KERNEL32.DLL
_CreateEventA@16                    KERNEL32.DLL
_GetStdHandle@4                     KERNEL32.DLL
_CloseHandle@4                      KERNEL32.DLL
_GetModuleFileNameW@12              KERNEL32.DLL
_MultiByteToWideChar@24             KERNEL32.DLL
_LoadLibraryA@4                     KERNEL32.DLL
_GetProcAddress@8                   KERNEL32.DLL
_WriteFile@20                       KERNEL32.DLL
_SetUnhandledExceptionFilter@4      KERNEL32.DLL
_UnhandledExceptionFilter@4         KERNEL32.DLL
_VirtualQuery@12                    KERNEL32.DLL
_SetFilePointer@16                  KERNEL32.DLL
_GetLastError@0                     KERNEL32.DLL
_GetFileType@4                      KERNEL32.DLL
_GetFileAttributesA@4               KERNEL32.DLL
_GetFullPathNameA@16                KERNEL32.DLL
_GetFileInformationByHandle@8       KERNEL32.DLL
_GetFileTime@16                     KERNEL32.DLL
_GetFileSize@8                      KERNEL32.DLL
_CreateFileA@28                     KERNEL32.DLL
_FindFirstFileA@8                   KERNEL32.DLL
_FindClose@4                        KERNEL32.DLL
_RtlUnwind@16                       KERNEL32.DLL
_GetCurrentThreadId@0               KERNEL32.DLL
_SetConsoleCtrlHandler@8            KERNEL32.DLL
_TlsGetValue@4                      KERNEL32.DLL
_TlsSetValue@8                      KERNEL32.DLL
_GetCurrentDirectoryA@8             KERNEL32.DLL
_FileTimeToLocalFileTime@8          KERNEL32.DLL
_FileTimeToDosDateTime@12           KERNEL32.DLL
_DosDateTimeToFileTime@12           KERNEL32.DLL
_LocalFileTimeToFileTime@8          KERNEL32.DLL
_FindNextFileA@8                    KERNEL32.DLL
_FormatMessageA@28                  KERNEL32.DLL
_SetCurrentDirectoryA@4             KERNEL32.DLL
_DeleteFileA@4                      KERNEL32.DLL
_SetEndOfFile@4                     KERNEL32.DLL
_ReadFile@20                        KERNEL32.DLL
_VirtualAlloc@16                    KERNEL32.DLL
_InitializeCriticalSection@4        KERNEL32.DLL
_DeleteCriticalSection@4            KERNEL32.DLL
_EnterCriticalSection@4             KERNEL32.DLL
_LeaveCriticalSection@4             KERNEL32.DLL
_SetLastError@4                     KERNEL32.DLL
_TlsAlloc@0                         KERNEL32.DLL
_TlsFree@4                          KERNEL32.DLL
_VirtualFree@12                     KERNEL32.DLL
_SetEnvironmentVariableA@8          KERNEL32.DLL
_GetCurrentThread@0                 KERNEL32.DLL
_CreateThread@24                    KERNEL32.DLL
_ResumeThread@4                     KERNEL32.DLL
_ExitThread@4                       KERNEL32.DLL
_GetTimeZoneInformation@4           KERNEL32.DLL
_GetOEMCP@0                         KERNEL32.DLL
_GetCPInfo@8                        KERNEL32.DLL
_GetACP@0                           KERNEL32.DLL
_FlushFileBuffers@4                 KERNEL32.DLL
_WideCharToMultiByte@32             KERNEL32.DLL
_CharUpperA@4                       USER32.DLL
_SetEnvironmentVariableW@8          KERNEL32.DLL


                        +--------------------+
                        |   Libraries Used   |
                        +--------------------+

C:\win32app\watcom/lib386/nt\kernel32.lib
C:\win32app\watcom/lib386/nt\user32.lib
lwpc.lib
C:\win32app\watcom/lib386/nt\flib7.lib
C:\win32app\watcom/lib386\math387r.lib
C:\win32app\watcom/lib386/nt\clib3r.lib


                        +-----------------------+
                        |   Linker Statistics   |
                        +-----------------------+

Stack size:  00010000 (65536.)
Memory size:  0004a5b4 (304564.)
Entry point address: 0040570c
Link time: 00:00.02
